Archive member included because of file (symbol)

/Users/jkwang/Desktop/nacl_sdk/pepper_canary/lib/clang-newlib_x86_32/Release/liberror_handling.a(error_handling_x86_32.o)
                              clang-newlib/Release/debugging_x86_32.o (EHRequestExceptionsJson)
/Users/jkwang/Desktop/nacl_sdk/pepper_canary/lib/clang-newlib_x86_32/Release/liberror_handling.a(string_stream_x86_32.o)
                              /Users/jkwang/Desktop/nacl_sdk/pepper_canary/lib/clang-newlib_x86_32/Release/liberror_handling.a(error_handling_x86_32.o) (ssinit)
/Users/jkwang/Desktop/nacl_sdk/pepper_canary/toolchain/mac_pnacl/bin/../x86_64-nacl/lib32/libppapi_stub.a(plugin_main_irt.o)
                              (main)
/Users/jkwang/Desktop/nacl_sdk/pepper_canary/toolchain/mac_pnacl/bin/../x86_64-nacl/lib32/libppapi_stub.a(ppapi_plugin_main.o)
                              /Users/jkwang/Desktop/nacl_sdk/pepper_canary/toolchain/mac_pnacl/bin/../x86_64-nacl/lib32/libppapi_stub.a(plugin_main_irt.o) (PpapiPluginMain)
/Users/jkwang/Desktop/nacl_sdk/pepper_canary/toolchain/mac_pnacl/bin/../x86_64-nacl/lib32/libppapi_stub.a(ppapi_plugin_start.o)
                              /Users/jkwang/Desktop/nacl_sdk/pepper_canary/toolchain/mac_pnacl/bin/../x86_64-nacl/lib32/libppapi_stub.a(ppapi_plugin_main.o) (PpapiPluginStart)
/Users/jkwang/Desktop/nacl_sdk/pepper_canary/toolchain/mac_pnacl/bin/../x86_64-nacl/lib32/libppapi_stub.a(thread_creator.o)
                              /Users/jkwang/Desktop/nacl_sdk/pepper_canary/toolchain/mac_pnacl/bin/../x86_64-nacl/lib32/libppapi_stub.a(ppapi_plugin_start.o) (__nacl_register_thread_creator)
/Users/jkwang/Desktop/nacl_sdk/pepper_canary/toolchain/mac_pnacl/bin/../x86_64-nacl/lib32/libpthread.a(nc_thread.o)
                              clang-newlib/Release/debugging_x86_32.o (pthread_create)
/Users/jkwang/Desktop/nacl_sdk/pepper_canary/toolchain/mac_pnacl/bin/../x86_64-nacl/lib32/libpthread.a(nc_mutex.o)
                              /Users/jkwang/Desktop/nacl_sdk/pepper_canary/toolchain/mac_pnacl/bin/../x86_64-nacl/lib32/libpthread.a(nc_thread.o) (pthread_mutex_destroy)
/Users/jkwang/Desktop/nacl_sdk/pepper_canary/toolchain/mac_pnacl/bin/../x86_64-nacl/lib32/libpthread.a(nc_condvar.o)
                              /Users/jkwang/Desktop/nacl_sdk/pepper_canary/toolchain/mac_pnacl/bin/../x86_64-nacl/lib32/libpthread.a(nc_thread.o) (pthread_cond_destroy)
/Users/jkwang/Desktop/nacl_sdk/pepper_canary/toolchain/mac_pnacl/bin/../x86_64-nacl/lib32/libpthread.a(valgrind_annotations.o)
                              /Users/jkwang/Desktop/nacl_sdk/pepper_canary/toolchain/mac_pnacl/bin/../x86_64-nacl/lib32/libpthread.a(nc_thread.o) (NACL_AnnotateCondVarWait)
/Users/jkwang/Desktop/nacl_sdk/pepper_canary/toolchain/mac_pnacl/bin/../x86_64-nacl/lib32/libpthread.a(nc_init_irt.o)
                              /Users/jkwang/Desktop/nacl_sdk/pepper_canary/toolchain/mac_pnacl/bin/../x86_64-nacl/lib32/libpthread.a(nc_mutex.o) (__libnacl_irt_futex)
/Users/jkwang/Desktop/nacl_sdk/pepper_canary/toolchain/mac_pnacl/bin/../x86_64-nacl/lib32/libnacl.a(nacl_irt.o)
                              /Users/jkwang/Desktop/nacl_sdk/pepper_canary/toolchain/mac_pnacl/bin/../x86_64-nacl/lib32/libpthread.a(nc_init_irt.o) (__libnacl_mandatory_irt_query)
/Users/jkwang/Desktop/nacl_sdk/pepper_canary/toolchain/mac_pnacl/bin/../x86_64-nacl/lib32/libnacl.a(_exit.o)
                              (_exit)
/Users/jkwang/Desktop/nacl_sdk/pepper_canary/toolchain/mac_pnacl/bin/../x86_64-nacl/lib32/libnacl.a(mmap.o)
                              /Users/jkwang/Desktop/nacl_sdk/pepper_canary/lib/clang-newlib_x86_32/Release/liberror_handling.a(error_handling_x86_32.o) (mmap)
/Users/jkwang/Desktop/nacl_sdk/pepper_canary/toolchain/mac_pnacl/bin/../x86_64-nacl/lib32/libnacl.a(munmap.o)
                              /Users/jkwang/Desktop/nacl_sdk/pepper_canary/lib/clang-newlib_x86_32/Release/liberror_handling.a(error_handling_x86_32.o) (munmap)
/Users/jkwang/Desktop/nacl_sdk/pepper_canary/toolchain/mac_pnacl/bin/../x86_64-nacl/lib32/libnacl.a(nacl_interface_query.o)
                              /Users/jkwang/Desktop/nacl_sdk/pepper_canary/lib/clang-newlib_x86_32/Release/liberror_handling.a(error_handling_x86_32.o) (nacl_interface_query)
/Users/jkwang/Desktop/nacl_sdk/pepper_canary/toolchain/mac_pnacl/bin/../x86_64-nacl/lib32/libnacl.a(write.o)
                              /Users/jkwang/Desktop/nacl_sdk/pepper_canary/toolchain/mac_pnacl/bin/../x86_64-nacl/lib32/libppapi_stub.a(ppapi_plugin_start.o) (write)
/Users/jkwang/Desktop/nacl_sdk/pepper_canary/toolchain/mac_pnacl/bin/../x86_64-nacl/lib32/libnacl.a(environ.o)
                              /Users/jkwang/Desktop/nacl_sdk/pepper_canary/toolchain/mac_pnacl/bin/../x86_64-nacl/lib32/libppapi_stub.a(ppapi_plugin_start.o) (environ)
/Users/jkwang/Desktop/nacl_sdk/pepper_canary/toolchain/mac_pnacl/bin/../x86_64-nacl/lib32/libnacl.a(malloc.o)
[...]
Memory Configuration

Name             Origin             Length             Attributes
*default*        0x0000000000000000 0xffffffffffffffff

Linker script and memory map

LOAD /Users/jkwang/Desktop/nacl_sdk/pepper_canary/toolchain/mac_pnacl/bin/../x86_64-nacl/lib32/crt1.o
LOAD /Users/jkwang/Desktop/nacl_sdk/pepper_canary/toolchain/mac_pnacl/bin/../x86_64-nacl/lib32/crti.o
LOAD /Users/jkwang/Desktop/nacl_sdk/pepper_canary/toolchain/mac_pnacl/bin/../lib/clang/3.7.0/lib/i686-nacl/crtbeginT.o
LOAD clang-newlib/Release/debugging_x86_32.o
LOAD /Users/jkwang/Desktop/nacl_sdk/pepper_canary/lib/clang-newlib_x86_32/Release/liberror_handling.a
LOAD /Users/jkwang/Desktop/nacl_sdk/pepper_canary/toolchain/mac_pnacl/bin/../x86_64-nacl/lib32/libppapi.a
LOAD /Users/jkwang/Desktop/nacl_sdk/pepper_canary/toolchain/mac_pnacl/bin/../x86_64-nacl/lib32/libppapi_stub.a
LOAD /Users/jkwang/Desktop/nacl_sdk/pepper_canary/toolchain/mac_pnacl/bin/../x86_64-nacl/lib32/libpthread.a
LOAD /Users/jkwang/Desktop/nacl_sdk/pepper_canary/toolchain/mac_pnacl/bin/../x86_64-nacl/lib32/libc++.a
LOAD /Users/jkwang/Desktop/nacl_sdk/pepper_canary/toolchain/mac_pnacl/bin/../x86_64-nacl/lib32/libm.a
START GROUP
LOAD /Users/jkwang/Desktop/nacl_sdk/pepper_canary/toolchain/mac_pnacl/bin/../x86_64-nacl/lib32/libc.a
START GROUP
LOAD /Users/jkwang/Desktop/nacl_sdk/pepper_canary/toolchain/mac_pnacl/bin/../x86_64-nacl/lib32/libnacl.a
LOAD /Users/jkwang/Desktop/nacl_sdk/pepper_canary/toolchain/mac_pnacl/bin/../x86_64-nacl/lib32/libcrt_common.a
END GROUP
LOAD /Users/jkwang/Desktop/nacl_sdk/pepper_canary/toolchain/mac_pnacl/bin/../x86_64-nacl/lib32/libpthread.a
LOAD /Users/jkwang/Desktop/nacl_sdk/pepper_canary/toolchain/mac_pnacl/bin/../lib/clang/3.7.0/lib/i686-nacl/libgcc.a
LOAD /Users/jkwang/Desktop/nacl_sdk/pepper_canary/toolchain/mac_pnacl/bin/../lib/clang/3.7.0/lib/i686-nacl/libgcc_eh.a
END GROUP
LOAD /Users/jkwang/Desktop/nacl_sdk/pepper_canary/toolchain/mac_pnacl/bin/../lib/clang/3.7.0/lib/i686-nacl/crtend.o
LOAD /Users/jkwang/Desktop/nacl_sdk/pepper_canary/toolchain/mac_pnacl/bin/../x86_64-nacl/lib32/crtn.o
                0x0000000000020000                PROVIDE (__executable_start, 0x20000)
                0x0000000000020000                . = 0x20000

.init
 *(SORT(.init))

.plt            0x0000000000020000        0x0
 *(.plt)
 *(.iplt)
 .iplt          0x0000000000000000        0x0 /Users/jkwang/Desktop/nacl_sdk/pepper_canary/toolchain/mac_pnacl/bin/../lib/clang/3.7.0/lib/i686-nacl/crtbeginT.o

.text           0x0000000000020000    0x205c0
 *(.text.unlikely .text.*_unlikely .text.unlikely.*)
 *(.text.exit .text.exit.*)
 .text.exit     0x0000000000020000       0x60 /Users/jkwang/Desktop/nacl_sdk/pepper_canary/toolchain/mac_pnacl/bin/../x86_64-nacl/lib32/libcrt_common.a(lib_a-exit.o)
                0x0000000000020000                exit
 *(.text.startup .text.startup.*)
 *(.text.hot .text.hot.*)
 *(.text .stub .text.* .gnu.linkonce.t.*)
 .text          0x0000000000020060       0x40 /Users/jkwang/Desktop/nacl_sdk/pepper_canary/toolchain/mac_pnacl/bin/../x86_64-nacl/lib32/crti.o
                0x0000000000020060                _init
                0x0000000000020080                _fini
 .text          0x00000000000200a0       0x80 /Users/jkwang/Desktop/nacl_sdk/pepper_canary/toolchain/mac_pnacl/bin/../lib/clang/3.7.0/lib/i686-nacl/crtbeginT.o
 .text          0x0000000000020120      0x640 clang-newlib/Release/debugging_x86_32.o
                0x0000000000020120                layer5
                0x0000000000020140                layer4
                0x0000000000020160                layer3
                0x00000000000201a0                layer2
                0x00000000000201e0                layer1
                0x0000000000020220                NexeMain
                0x0000000000020280                PostMessage
                0x00000000000203e0                DumpJson
                0x00000000000204a0                PPP_InitializeModule
                0x0000000000020520                PPP_GetInterface
                0x0000000000020740                PPP_ShutdownModule
 .text          0x0000000000020760      0x880 /Users/jkwang/Desktop/nacl_sdk/pepper_canary/lib/clang-newlib_x86_32/Release/liberror_handling.a(error_handling_x86_32.o)
                0x0000000000020760                EHGetTopFrame
                0x00000000000207a0                EHUnwindFrame
                0x0000000000020800                EHDefaultJsonHandler
                0x0000000000020ba0                EHRequestExceptionsRaw
                0x0000000000020da0                EHRequestExceptionStackOnThread
                0x0000000000020f80                EHRequestExceptionsJson
                0x0000000000020fc0                EHHanderInstalled
 .text          0x0000000000020fe0      0x1c0 /Users/jkwang/Desktop/nacl_sdk/pepper_canary/lib/clang-newlib_x86_32/Release/liberror_handling.a(string_stream_x86_32.o)
                0x0000000000020fe0                ssinit
                0x0000000000021000                ssfree
                0x0000000000021040                ssvprintf
                0x0000000000021140                ssprintf
 .text          0x00000000000211a0        0x0 /Users/jkwang/Desktop/nacl_sdk/pepper_canary/toolchain/mac_pnacl/bin/../x86_64-nacl/lib32/libppapi_stub.a(plugin_main_irt.o)
 .text.main     0x00000000000211a0       0x40 /Users/jkwang/Desktop/nacl_sdk/pepper_canary/toolchain/mac_pnacl/bin/../x86_64-nacl/lib32/libppapi_stub.a(plugin_main_irt.o)
                0x00000000000211a0                main
 .text          0x00000000000211e0        0x0 /Users/jkwang/Desktop/nacl_sdk/pepper_canary/toolchain/mac_pnacl/bin/../x86_64-nacl/lib32/libppapi_stub.a(ppapi_plugin_main.o)
 .text.PpapiPluginMain
                0x00000000000211e0       0x60 /Users/jkwang/Desktop/nacl_sdk/pepper_canary/toolchain/mac_pnacl/bin/../x86_64-nacl/lib32/libppapi_stub.a(ppapi_plugin_main.o)
                0x00000000000211e0                PpapiPluginMain
 .text          0x0000000000021240        0x0 /Users/jkwang/Desktop/nacl_sdk/pepper_canary/toolchain/mac_pnacl/bin/../x86_64-nacl/lib32/libppapi_stub.a(ppapi_plugin_start.o)
 .text.PpapiPluginStart
                0x0000000000021240      0x120 /Users/jkwang/Desktop/nacl_sdk/pepper_canary/toolchain/mac_pnacl/bin/../x86_64-nacl/lib32/libppapi_stub.a(ppapi_plugin_start.o)
                0x0000000000021240                PpapiPluginStart
 .text.fatal_error
                0x0000000000021360       0x80 /Users/jkwang/Desktop/nacl_sdk/pepper_canary/toolchain/mac_pnacl/bin/../x86_64-nacl/lib32/libppapi_stub.a(ppapi_plugin_start.o)
 .text          0x00000000000213e0        0x0 /Users/jkwang/Desktop/nacl_sdk/pepper_canary/toolchain/mac_pnacl/bin/../x86_64-nacl/lib32/libppapi_stub.a(thread_creator.o)
 .text.__nacl_register_thread_creator
                0x00000000000213e0       0x60 /Users/jkwang/Desktop/nacl_sdk/pepper_canary/toolchain/mac_pnacl/bin/../x86_64-nacl/lib32/libppapi_stub.a(thread_creator.o)
                0x00000000000213e0                __nacl_register_thread_creator
 .text.thread_create
                0x0000000000021440       0x80 /Users/jkwang/Desktop/nacl_sdk/pepper_canary/toolchain/mac_pnacl/bin/../x86_64-nacl/lib32/libppapi_stub.a(thread_creator.o)
 .text.thread_join
                0x00000000000214c0       0x60 /Users/jkwang/Desktop/nacl_sdk/pepper_canary/toolchain/mac_pnacl/bin/../x86_64-nacl/lib32/libppapi_stub.a(thread_creator.o)
 .text          0x0000000000021520     0x1600 /Users/jkwang/Desktop/nacl_sdk/pepper_canary/toolchain/mac_pnacl/bin/../x86_64-nacl/lib32/libpthread.a(nc_thread.o)
                0x0000000000021520                __nc_initialize_globals
                0x00000000000215a0                __nc_initialize_unjoinable_thread
                0x0000000000021640                __pthread_initialize
                0x0000000000021780                pthread_create
                0x0000000000021d20                pthread_cleanup_push
                0x0000000000021d80                pthread_cleanup_pop
                0x0000000000021e00                pthread_exit
                0x00000000000221e0                __nc_tsd_exit
                0x00000000000222c0                pthread_join
                0x0000000000022400                pthread_self
                0x0000000000022440                pthread_detach
                0x0000000000022500                pthread_kill
                0x0000000000022520                pthread_equal
                0x0000000000022540                pthread_setschedprio
                0x00000000000225c0                pthread_attr_init
                0x0000000000022600                pthread_attr_destroy
                0x0000000000022620                pthread_attr_setdetachstate
                0x0000000000022640                pthread_attr_getdetachstate
                0x0000000000022660                pthread_attr_setscope
                0x00000000000226a0                pthread_attr_getscope
                0x00000000000226c0                pthread_attr_setstacksize
                0x0000000000022700                pthread_attr_getstacksize
                0x0000000000022720                __local_lock_init
                0x00000000000227a0                __local_lock_init_recursive
                0x0000000000022820                __local_lock_close
                0x0000000000022840                __local_lock_close_recursive
                0x0000000000022860                __local_lock_acquire
                0x0000000000022880                __local_lock_acquire_recursive
                0x00000000000228a0                __local_lock_try_acquire
                0x00000000000228e0                __local_lock_try_acquire_recursive
                0x0000000000022920                __local_lock_release
                0x0000000000022940                __local_lock_release_recursive
                0x0000000000022960                pthread_key_create
                0x00000000000229e0                pthread_key_delete
                0x0000000000022a40                pthread_setspecific
                0x0000000000022ae0                pthread_getspecific
 .text          0x0000000000022b20      0x660 /Users/jkwang/Desktop/nacl_sdk/pepper_canary/toolchain/mac_pnacl/bin/../x86_64-nacl/lib32/libpthread.a(nc_mutex.o)
                0x0000000000022b20                pthread_mutex_init
                0x0000000000022b60                pthread_mutex_destroy
                0x0000000000022ba0                pthread_mutex_trylock
                0x0000000000022c20                pthread_mutex_lock
                0x0000000000022d40                pthread_mutex_timedlock
                0x0000000000022f00                pthread_mutex_unlock
                0x0000000000022fe0                pthread_once
                0x00000000000230c0                pthread_mutexattr_init
                0x00000000000230e0                pthread_mutexattr_destroy
                0x0000000000023100                pthread_mutexattr_settype
                0x0000000000023120                pthread_mutexattr_gettype
                0x0000000000023140                pthread_mutexattr_setpshared
                0x0000000000023160                pthread_mutexattr_getpshared
 .text          0x0000000000023180      0x2c0 /Users/jkwang/Desktop/nacl_sdk/pepper_canary/toolchain/mac_pnacl/bin/../x86_64-nacl/lib32/libpthread.a(nc_condvar.o)
                0x0000000000023180                pthread_cond_init
                0x00000000000231a0                pthread_cond_destroy
                0x00000000000231c0                pthread_cond_signal
                0x0000000000023220                pthread_cond_broadcast
                0x0000000000023280                pthread_cond_wait
                0x0000000000023300                pthread_cond_timedwait_abs
                0x0000000000023380                pthread_condattr_init
                0x00000000000233a0                pthread_condattr_destroy
                0x00000000000233c0                pthread_condattr_getpshared
                0x00000000000233e0                pthread_condattr_setpshared
                0x0000000000023400                pthread_condattr_getclock
                0x0000000000023420                pthread_condattr_setclock
 .text          0x0000000000023440      0x500 /Users/jkwang/Desktop/nacl_sdk/pepper_canary/toolchain/mac_pnacl/bin/../x86_64-nacl/lib32/libpthread.a(valgrind_annotations.o)
                0x0000000000023440                NACL_AnnotateRWLockCreate
                0x0000000000023460                NACL_AnnotateRWLockDestroy
                0x0000000000023480                NACL_AnnotateRWLockAcquired
                0x00000000000234a0                NACL_AnnotateRWLockReleased
                0x00000000000234c0                NACL_AnnotateBarrierInit
                0x00000000000234e0                NACL_AnnotateBarrierWaitBefore
                0x0000000000023500                NACL_AnnotateBarrierWaitAfter
                0x0000000000023520                NACL_AnnotateBarrierDestroy
                0x0000000000023540                NACL_AnnotateCondVarWait
                0x0000000000023560                NACL_AnnotateCondVarSignal
                0x0000000000023580                NACL_AnnotateCondVarSignalAll
                0x00000000000235a0                NACL_AnnotateHappensBefore
                0x00000000000235c0                NACL_AnnotateHappensAfter
                0x00000000000235e0                NACL_AnnotatePublishMemoryRange
                0x0000000000023600                NACL_AnnotateUnpublishMemoryRange
                0x0000000000023620                NACL_AnnotatePCQCreate
                0x0000000000023640                NACL_AnnotatePCQDestroy
                0x0000000000023660                NACL_AnnotatePCQPut
                0x0000000000023680                NACL_AnnotatePCQGet
                0x00000000000236a0                NACL_AnnotateNewMemory
                0x00000000000236c0                NACL_AnnotateExpectRace
                0x00000000000236e0                NACL_AnnotateFlushExpectedRaces
                0x0000000000023700                NACL_AnnotateBenignRace
                0x0000000000023720                NACL_AnnotateBenignRaceSized
                0x0000000000023740                NACL_AnnotateMutexIsUsedAsCondVar
                0x0000000000023760                NACL_AnnotateMutexIsNotPHB
                0x0000000000023780                NACL_AnnotateTraceMemory
                0x00000000000237a0                NACL_AnnotateThreadName
                0x00000000000237c0                NACL_AnnotateIgnoreReadsBegin
                0x00000000000237e0                NACL_AnnotateIgnoreReadsEnd
                0x0000000000023800                NACL_AnnotateIgnoreWritesBegin
                0x0000000000023820                NACL_AnnotateIgnoreWritesEnd
                0x0000000000023840                NACL_AnnotateIgnoreSyncBegin
                0x0000000000023860                NACL_AnnotateIgnoreSyncEnd
                0x0000000000023880                NACL_AnnotateEnableRaceDetection
                0x00000000000238a0                NACL_AnnotateNoOp
                0x00000000000238c0                NACL_AnnotateFlushState
                0x00000000000238e0                RunningOnValgrind
 .text          0x0000000000023940       0x60 /Users/jkwang/Desktop/nacl_sdk/pepper_canary/toolchain/mac_pnacl/bin/../x86_64-nacl/lib32/libpthread.a(nc_init_irt.o)
                0x0000000000023940                __nc_initialize_interfaces
 .text          0x00000000000239a0      0x2c0 /Users/jkwang/Desktop/nacl_sdk/pepper_canary/toolchain/mac_pnacl/bin/../x86_64-nacl/lib32/libnacl.a(nacl_irt.o)
                0x0000000000023aa0                __libnacl_irt_query
                0x0000000000023b80                __libnacl_mandatory_irt_query
                0x0000000000023c00                __libnacl_irt_init_fn
 .text          0x0000000000023c60       0x40 /Users/jkwang/Desktop/nacl_sdk/pepper_canary/toolchain/mac_pnacl/bin/../x86_64-nacl/lib32/libnacl.a(_exit.o)
                0x0000000000023c60                _exit
 .text          0x0000000000023ca0       0xa0 /Users/jkwang/Desktop/nacl_sdk/pepper_canary/toolchain/mac_pnacl/bin/../x86_64-nacl/lib32/libnacl.a(mmap.o)
                0x0000000000023ca0                mmap
 .text          0x0000000000023d40       0x60 /Users/jkwang/Desktop/nacl_sdk/pepper_canary/toolchain/mac_pnacl/bin/../x86_64-nacl/lib32/libnacl.a(munmap.o)
                0x0000000000023d40                munmap
 .text          0x0000000000023da0       0x20 /Users/jkwang/Desktop/nacl_sdk/pepper_canary/toolchain/mac_pnacl/bin/../x86_64-nacl/lib32/libnacl.a(nacl_interface_query.o)
                0x0000000000023da0                nacl_interface_query
 .text          0x0000000000023dc0       0x80 /Users/jkwang/Desktop/nacl_sdk/pepper_canary/toolchain/mac_pnacl/bin/../x86_64-nacl/lib32/libnacl.a(write.o)
                0x0000000000023dc0                write
 .text          0x0000000000023e40        0x0 /Users/jkwang/Desktop/nacl_sdk/pepper_canary/toolchain/mac_pnacl/bin/../x86_64-nacl/lib32/libnacl.a(environ.o)
 .text          0x0000000000023e40     0x5100 /Users/jkwang/Desktop/nacl_sdk/pepper_canary/toolchain/mac_pnacl/bin/../x86_64-nacl/lib32/libnacl.a(malloc.o)
                0x0000000000023e40                malloc
                0x0000000000025880                free
                0x0000000000026880                calloc
                0x0000000000026900                realloc
                0x0000000000026f00                realloc_in_place
                0x0000000000027000                memalign
                0x0000000000027260                posix_memalign
                0x0000000000027300                valloc
                0x0000000000027460                pvalloc
                0x00000000000275c0                independent_calloc
                0x0000000000027a60                independent_comalloc
                0x0000000000027aa0                bulk_free
                0x0000000000027c20                malloc_trim
                0x0000000000027de0                malloc_footprint
                0x0000000000027e00                malloc_max_footprint
                0x0000000000027e20                malloc_footprint_limit
                0x0000000000027e40                malloc_set_footprint_limit
                0x0000000000027e80                mallinfo
                0x0000000000028140                malloc_stats
                0x0000000000028400                mallopt
                0x0000000000028560                malloc_usable_size
                0x00000000000285a0                _malloc_r
                0x00000000000285e0                _calloc_r
                0x0000000000028660                _realloc_r
                0x00000000000286a0                _free_r
 .text          0x0000000000028f40      0x100 /Users/jkwang/Desktop/nacl_sdk/pepper_canary/toolchain/mac_pnacl/bin/../x86_64-nacl/lib32/libnacl.a(start.o)
                0x0000000000028f40                _start
 .text          0x0000000000029040       0x20 /Users/jkwang/Desktop/nacl_sdk/pepper_canary/toolchain/mac_pnacl/bin/../x86_64-nacl/lib32/libnacl.a(nacl_read_tp.o)
                0x0000000000029040                __nacl_read_tp
 .text          0x0000000000029060       0xe0 /Users/jkwang/Desktop/nacl_sdk/pepper_canary/toolchain/mac_pnacl/bin/../x86_64-nacl/lib32/libnacl.a(pthread_initialize_minimal.o)
                0x0000000000029060                __pthread_initialize_minimal
 .text          0x0000000000029140      0x2a0 /Users/jkwang/Desktop/nacl_sdk/pepper_canary/toolchain/mac_pnacl/bin/../x86_64-nacl/lib32/libnacl.a(tls.o)
                0x0000000000029140                __nacl_tls_initialize_memory
                0x0000000000029380                __nacl_tls_combined_size
 .text          0x00000000000293e0      0x180 /Users/jkwang/Desktop/nacl_sdk/pepper_canary/toolchain/mac_pnacl/bin/../x86_64-nacl/lib32/libnacl.a(nacl_irt_init.o)
                0x00000000000293e0                __libnacl_irt_init
 .text          0x0000000000029560       0x20 /Users/jkwang/Desktop/nacl_sdk/pepper_canary/toolchain/mac_pnacl/bin/../x86_64-nacl/lib32/libnacl.a(nacl_tls_get.o)
                0x0000000000029560                nacl_tls_get
 .text          0x0000000000029580       0x20 /Users/jkwang/Desktop/nacl_sdk/pepper_canary/toolchain/mac_pnacl/bin/../x86_64-nacl/lib32/libnacl.a(nacl_tls_init.o)
                0x0000000000029580                nacl_tls_init
 .text          0x00000000000295a0       0x40 /Users/jkwang/Desktop/nacl_sdk/pepper_canary/toolchain/mac_pnacl/bin/../x86_64-nacl/lib32/libnacl.a(abort.o)
                0x00000000000295a0                abort
 .text          0x00000000000295e0       0x60 /Users/jkwang/Desktop/nacl_sdk/pepper_canary/toolchain/mac_pnacl/bin/../x86_64-nacl/lib32/libnacl.a(sched_yield.o)
                0x00000000000295e0                sched_yield
 .text          0x0000000000029640       0x60 /Users/jkwang/Desktop/nacl_sdk/pepper_canary/toolchain/mac_pnacl/bin/../x86_64-nacl/lib32/libnacl.a(sysconf.o)
                0x0000000000029640                sysconf
 .text          0x00000000000296a0        0x0 /Users/jkwang/Desktop/nacl_sdk/pepper_canary/toolchain/mac_pnacl/bin/../x86_64-nacl/lib32/libcrt_common.a(lib_a-atexit.o)
 .text.atexit   0x00000000000296a0       0x60 /Users/jkwang/Desktop/nacl_sdk/pepper_canary/toolchain/mac_pnacl/bin/../x86_64-nacl/lib32/libcrt_common.a(lib_a-atexit.o)
                0x00000000000296a0                atexit
 .text          0x0000000000029700        0x0 /Users/jkwang/Desktop/nacl_sdk/pepper_canary/toolchain/mac_pnacl/bin/../x86_64-nacl/lib32/libcrt_common.a(lib_a-errno.o)
 .text.__errno  0x0000000000029700       0x20 /Users/jkwang/Desktop/nacl_sdk/pepper_canary/toolchain/mac_pnacl/bin/../x86_64-nacl/lib32/libcrt_common.a(lib_a-errno.o)
                0x0000000000029700                __errno
 .text          0x0000000000029720        0x0 /Users/jkwang/Desktop/nacl_sdk/pepper_canary/toolchain/mac_pnacl/bin/../x86_64-nacl/lib32/libcrt_common.a(lib_a-exit.o)
 .text          0x0000000000029720        0x0 /Users/jkwang/Desktop/nacl_sdk/pepper_canary/toolchain/mac_pnacl/bin/../x86_64-nacl/lib32/libcrt_common.a(lib_a-fflush.o)
 .text.__sflush_r
                0x0000000000029720      0x240 /Users/jkwang/Desktop/nacl_sdk/pepper_canary/toolchain/mac_pnacl/bin/../x86_64-nacl/lib32/libcrt_common.a(lib_a-fflush.o)
                0x0000000000029720                __sflush_r
 .text._fflush_r
                0x0000000000029960       0xc0 /Users/jkwang/Desktop/nacl_sdk/pepper_canary/toolchain/mac_pnacl/bin/../x86_64-nacl/lib32/libcrt_common.a(lib_a-fflush.o)
                0x0000000000029960                _fflush_r
 .text.fflush   0x0000000000029a20       0xe0 /Users/jkwang/Desktop/nacl_sdk/pepper_canary/toolchain/mac_pnacl/bin/../x86_64-nacl/lib32/libcrt_common.a(lib_a-fflush.o)
                0x0000000000029a20                fflush
 .text          0x0000000000029b00        0x0 /Users/jkwang/Desktop/nacl_sdk/pepper_canary/toolchain/mac_pnacl/bin/../x86_64-nacl/lib32/libcrt_common.a(lib_a-findfp.o)
 .text.__sfmoreglue
                0x0000000000029b00       0xa0 /Users/jkwang/Desktop/nacl_sdk/pepper_canary/toolchain/mac_pnacl/bin/../x86_64-nacl/lib32/libcrt_common.a(lib_a-findfp.o)
                0x0000000000029b00                __sfmoreglue
 .text.__sfp    0x0000000000029ba0      0x220 /Users/jkwang/Desktop/nacl_sdk/pepper_canary/toolchain/mac_pnacl/bin/../x86_64-nacl/lib32/libcrt_common.a(lib_a-findfp.o)
                0x0000000000029ba0                __sfp
 .text.__sinit  0x0000000000029dc0      0x300 /Users/jkwang/Desktop/nacl_sdk/pepper_canary/toolchain/mac_pnacl/bin/../x86_64-nacl/lib32/libcrt_common.a(lib_a-findfp.o)
                0x0000000000029dc0                __sinit
 .text.__sfp_lock_acquire
                0x000000000002a0c0       0x40 /Users/jkwang/Desktop/nacl_sdk/pepper_canary/toolchain/mac_pnacl/bin/../x86_64-nacl/lib32/libcrt_common.a(lib_a-findfp.o)
                0x000000000002a0c0                __sfp_lock_acquire
 .text.__sfp_lock_release
                0x000000000002a100       0x40 /Users/jkwang/Desktop/nacl_sdk/pepper_canary/toolchain/mac_pnacl/bin/../x86_64-nacl/lib32/libcrt_common.a(lib_a-findfp.o)
                0x000000000002a100                __sfp_lock_release
 .text._cleanup_r
                0x000000000002a140       0x40 /Users/jkwang/Desktop/nacl_sdk/pepper_canary/toolchain/mac_pnacl/bin/../x86_64-nacl/lib32/libcrt_common.a(lib_a-findfp.o)
                0x000000000002a140                _cleanup_r
 .text._cleanup
                0x000000000002a180       0x40 /Users/jkwang/Desktop/nacl_sdk/pepper_canary/toolchain/mac_pnacl/bin/../x86_64-nacl/lib32/libcrt_common.a(lib_a-findfp.o)
                0x000000000002a180                _cleanup
 .text.__sinit_lock_acquire
                0x000000000002a1c0       0x40 /Users/jkwang/Desktop/nacl_sdk/pepper_canary/toolchain/mac_pnacl/bin/../x86_64-nacl/lib32/libcrt_common.a(lib_a-findfp.o)
                0x000000000002a1c0                __sinit_lock_acquire
 .text.__sinit_lock_release
                0x000000000002a200       0x40 /Users/jkwang/Desktop/nacl_sdk/pepper_canary/toolchain/mac_pnacl/bin/../x86_64-nacl/lib32/libcrt_common.a(lib_a-findfp.o)
                0x000000000002a200                __sinit_lock_release
 .text.__fp_lock_all
                0x000000000002a240       0x60 /Users/jkwang/Desktop/nacl_sdk/pepper_canary/toolchain/mac_pnacl/bin/../x86_64-nacl/lib32/libcrt_common.a(lib_a-findfp.o)
                0x000000000002a240                __fp_lock_all
 .text.__fp_lock
                0x000000000002a2a0       0x40 /Users/jkwang/Desktop/nacl_sdk/pepper_canary/toolchain/mac_pnacl/bin/../x86_64-nacl/lib32/libcrt_common.a(lib_a-findfp.o)
 .text.__fp_unlock_all
                0x000000000002a2e0       0x80 /Users/jkwang/Desktop/nacl_sdk/pepper_canary/toolchain/mac_pnacl/bin/../x86_64-nacl/lib32/libcrt_common.a(lib_a-findfp.o)
                0x000000000002a2e0                __fp_unlock_all
 .text.__fp_unlock
                0x000000000002a360       0x40 /Users/jkwang/Desktop/nacl_sdk/pepper_canary/toolchain/mac_pnacl/bin/../x86_64-nacl/lib32/libcrt_common.a(lib_a-findfp.o)
 .text          0x000000000002a3a0        0x0 /Users/jkwang/Desktop/nacl_sdk/pepper_canary/toolchain/mac_pnacl/bin/../x86_64-nacl/lib32/libcrt_common.a(lib_a-fini.o)
 .text.__libc_fini_array
                0x000000000002a3a0       0x60 /Users/jkwang/Desktop/nacl_sdk/pepper_canary/toolchain/mac_pnacl/bin/../x86_64-nacl/lib32/libcrt_common.a(lib_a-fini.o)
                0x000000000002a3a0                __libc_fini_array
 .text          0x000000000002a400        0x0 /Users/jkwang/Desktop/nacl_sdk/pepper_canary/toolchain/mac_pnacl/bin/../x86_64-nacl/lib32/libcrt_common.a(lib_a-fprintf.o)
 .text._fprintf_r
                0x000000000002a400       0x60 /Users/jkwang/Desktop/nacl_sdk/pepper_canary/toolchain/mac_pnacl/bin/../x86_64-nacl/lib32/libcrt_common.a(lib_a-fprintf.o)
                0x000000000002a400                _fprintf_r
 .text.fprintf  0x000000000002a460       0x60 /Users/jkwang/Desktop/nacl_sdk/pepper_canary/toolchain/mac_pnacl/bin/../x86_64-nacl/lib32/libcrt_common.a(lib_a-fprintf.o)
                0x000000000002a460                fprintf
 .text          0x000000000002a4c0        0x0 /Users/jkwang/Desktop/nacl_sdk/pepper_canary/toolchain/mac_pnacl/bin/../x86_64-nacl/lib32/libcrt_common.a(lib_a-fwalk.o)
 .text._fwalk   0x000000000002a4c0      0x120 /Users/jkwang/Desktop/nacl_sdk/pepper_canary/toolchain/mac_pnacl/bin/../x86_64-nacl/lib32/libcrt_common.a(lib_a-fwalk.o)
                0x000000000002a4c0                _fwalk
 .text._fwalk_reent
                0x000000000002a5e0      0x100 /Users/jkwang/Desktop/nacl_sdk/pepper_canary/toolchain/mac_pnacl/bin/../x86_64-nacl/lib32/libcrt_common.a(lib_a-fwalk.o)
                0x000000000002a5e0                _fwalk_reent
 .text          0x000000000002a6e0        0x0 /Users/jkwang/Desktop/nacl_sdk/pepper_canary/toolchain/mac_pnacl/bin/../x86_64-nacl/lib32/libcrt_common.a(lib_a-fwrite.o)
 .text._fwrite_r
                0x000000000002a6e0      0x120 /Users/jkwang/Desktop/nacl_sdk/pepper_canary/toolchain/mac_pnacl/bin/../x86_64-nacl/lib32/libcrt_common.a(lib_a-fwrite.o)
                0x000000000002a6e0                _fwrite_r
 .text.fwrite   0x000000000002a800       0x80 /Users/jkwang/Desktop/nacl_sdk/pepper_canary/toolchain/mac_pnacl/bin/../x86_64-nacl/lib32/libcrt_common.a(lib_a-fwrite.o)
                0x000000000002a800                fwrite
 .text          0x000000000002a880        0x0 /Users/jkwang/Desktop/nacl_sdk/pepper_canary/toolchain/mac_pnacl/bin/../x86_64-nacl/lib32/libcrt_common.a(lib_a-getenv.o)
 .text._findenv
                0x000000000002a880       0x60 /Users/jkwang/Desktop/nacl_sdk/pepper_canary/toolchain/mac_pnacl/bin/../x86_64-nacl/lib32/libcrt_common.a(lib_a-getenv.o)
                0x000000000002a880                _findenv
 .text.getenv   0x000000000002a8e0       0x60 /Users/jkwang/Desktop/nacl_sdk/pepper_canary/toolchain/mac_pnacl/bin/../x86_64-nacl/lib32/libcrt_common.a(lib_a-getenv.o)
                0x000000000002a8e0                getenv
 .text          0x000000000002a940        0x0 /Users/jkwang/Desktop/nacl_sdk/pepper_canary/toolchain/mac_pnacl/bin/../x86_64-nacl/lib32/libcrt_common.a(lib_a-getenv_r.o)
 .text._findenv_r
                0x000000000002a940      0x120 /Users/jkwang/Desktop/nacl_sdk/pepper_canary/toolchain/mac_pnacl/bin/../x86_64-nacl/lib32/libcrt_common.a(lib_a-getenv_r.o)
                0x000000000002a940                _findenv_r
 .text._getenv_r
                0x000000000002aa60       0x40 /Users/jkwang/Desktop/nacl_sdk/pepper_canary/toolchain/mac_pnacl/bin/../x86_64-nacl/lib32/libcrt_common.a(lib_a-getenv_r.o)
                0x000000000002aa60                _getenv_r
 .text          0x000000000002aaa0        0x0 /Users/jkwang/Desktop/nacl_sdk/pepper_canary/toolchain/mac_pnacl/bin/../x86_64-nacl/lib32/libcrt_common.a(lib_a-impure.o)
 .text.__newlib_thread_init
                0x000000000002aaa0       0x20 /Users/jkwang/Desktop/nacl_sdk/pepper_canary/toolchain/mac_pnacl/bin/../x86_64-nacl/lib32/libcrt_common.a(lib_a-impure.o)
                0x000000000002aaa0                __newlib_thread_init
 .text.__newlib_thread_exit
                0x000000000002aac0       0x20 /Users/jkwang/Desktop/nacl_sdk/pepper_canary/toolchain/mac_pnacl/bin/../x86_64-nacl/lib32/libcrt_common.a(lib_a-impure.o)
                0x000000000002aac0                __newlib_thread_exit
 .text          0x000000000002aae0        0x0 /Users/jkwang/Desktop/nacl_sdk/pepper_canary/toolchain/mac_pnacl/bin/../x86_64-nacl/lib32/libcrt_common.a(lib_a-init.o)
 .text.__libc_init_array
                0x000000000002aae0       0xc0 /Users/jkwang/Desktop/nacl_sdk/pepper_canary/toolchain/mac_pnacl/bin/../x86_64-nacl/lib32/libcrt_common.a(lib_a-init.o)
                0x000000000002aae0                __libc_init_array
 .text          0x000000000002aba0       0x4d /Users/jkwang/Desktop/nacl_sdk/pepper_canary/toolchain/mac_pnacl/bin/../x86_64-nacl/lib32/libcrt_common.a(lib_a-memcpy.o)
                0x000000000002aba0                memcpy
 *fill*         0x000000000002abed       0x13 
 .text          0x000000000002ac00       0x92 /Users/jkwang/Desktop/nacl_sdk/pepper_canary/toolchain/mac_pnacl/bin/../x86_64-nacl/lib32/libcrt_common.a(lib_a-memset.o)
                0x000000000002ac00                memset
 *fill*         0x000000000002ac92        0x2 
 .text          0x000000000002ac94        0x0 /Users/jkwang/Desktop/nacl_sdk/pepper_canary/toolchain/mac_pnacl/bin/../x86_64-nacl/lib32/libcrt_common.a(lib_a-sleep.o)
 *fill*         0x000000000002ac94        0xc 
 .text.sleep    0x000000000002aca0       0x80 /Users/jkwang/Desktop/nacl_sdk/pepper_canary/toolchain/mac_pnacl/bin/../x86_64-nacl/lib32/libcrt_common.a(lib_a-sleep.o)
                0x000000000002aca0                sleep
 .text          0x000000000002ad20        0x0 /Users/jkwang/Desktop/nacl_sdk/pepper_canary/toolchain/mac_pnacl/bin/../x86_64-nacl/lib32/libcrt_common.a(lib_a-stdio.o)
 .text.__sread  0x000000000002ad20       0x80 /Users/jkwang/Desktop/nacl_sdk/pepper_canary/toolchain/mac_pnacl/bin/../x86_64-nacl/lib32/libcrt_common.a(lib_a-stdio.o)
                0x000000000002ad20                __sread
 .text.__seofread
                0x000000000002ada0       0x20 /Users/jkwang/Desktop/nacl_sdk/pepper_canary/toolchain/mac_pnacl/bin/../x86_64-nacl/lib32/libcrt_common.a(lib_a-stdio.o)
                0x000000000002ada0                __seofread
 .text.__swrite
                0x000000000002adc0       0xa0 /Users/jkwang/Desktop/nacl_sdk/pepper_canary/toolchain/mac_pnacl/bin/../x86_64-nacl/lib32/libcrt_common.a(lib_a-stdio.o)
                0x000000000002adc0                __swrite
 .text.__sseek  0x000000000002ae60       0x80 /Users/jkwang/Desktop/nacl_sdk/pepper_canary/toolchain/mac_pnacl/bin/../x86_64-nacl/lib32/libcrt_common.a(lib_a-stdio.o)
                0x000000000002ae60                __sseek
 .text.__sclose
                0x000000000002aee0       0x40 /Users/jkwang/Desktop/nacl_sdk/pepper_canary/toolchain/mac_pnacl/bin/../x86_64-nacl/lib32/libcrt_common.a(lib_a-stdio.o)
                0x000000000002aee0                __sclose
 .text          0x000000000002af20        0x0 /Users/jkwang/Desktop/nacl_sdk/pepper_canary/toolchain/mac_pnacl/bin/../x86_64-nacl/lib32/libcrt_common.a(lib_a-strcat.o)
 .text.strcat   0x000000000002af20       0x80 /Users/jkwang/Desktop/nacl_sdk/pepper_canary/toolchain/mac_pnacl/bin/../x86_64-nacl/lib32/libcrt_common.a(lib_a-strcat.o)
                0x000000000002af20                strcat
 .text          0x000000000002afa0        0x0 /Users/jkwang/Desktop/nacl_sdk/pepper_canary/toolchain/mac_pnacl/bin/../x86_64-nacl/lib32/libcrt_common.a(lib_a-strcmp.o)
 .text.strcmp   0x000000000002afa0       0x80 /Users/jkwang/Desktop/nacl_sdk/pepper_canary/toolchain/mac_pnacl/bin/../x86_64-nacl/lib32/libcrt_common.a(lib_a-strcmp.o)
                0x000000000002afa0                strcmp
 .text          0x000000000002b020        0x0 /Users/jkwang/Desktop/nacl_sdk/pepper_canary/toolchain/mac_pnacl/bin/../x86_64-nacl/lib32/libcrt_common.a(lib_a-strcpy.o)
 .text.strcpy   0x000000000002b020       0x80 /Users/jkwang/Desktop/nacl_sdk/pepper_canary/toolchain/mac_pnacl/bin/../x86_64-nacl/lib32/libcrt_common.a(lib_a-strcpy.o)
                0x000000000002b020                strcpy
 .text          0x000000000002b0a0       0x80 /Users/jkwang/Desktop/nacl_sdk/pepper_canary/toolchain/mac_pnacl/bin/../x86_64-nacl/lib32/libcrt_common.a(lib_a-strlen.o)
                0x000000000002b0a0                strlen
 .text          0x000000000002b120        0x0 /Users/jkwang/Desktop/nacl_sdk/pepper_canary/toolchain/mac_pnacl/bin/../x86_64-nacl/lib32/libcrt_common.a(lib_a-strncmp.o)
 .text.strncmp  0x000000000002b120       0xc0 /Users/jkwang/Desktop/nacl_sdk/pepper_canary/toolchain/mac_pnacl/bin/../x86_64-nacl/lib32/libcrt_common.a(lib_a-strncmp.o)
                0x000000000002b120                strncmp
 .text          0x000000000002b1e0        0x0 /Users/jkwang/Desktop/nacl_sdk/pepper_canary/toolchain/mac_pnacl/bin/../x86_64-nacl/lib32/libcrt_common.a(lib_a-vfprintf.o)
 .text.vfprintf
                0x000000000002b1e0       0x60 /Users/jkwang/Desktop/nacl_sdk/pepper_canary/toolchain/mac_pnacl/bin/../x86_64-nacl/lib32/libcrt_common.a(lib_a-vfprintf.o)
                0x000000000002b1e0                vfprintf
 .text._vfprintf_r
                0x000000000002b240     0x38a0 /Users/jkwang/Desktop/nacl_sdk/pepper_canary/toolchain/mac_pnacl/bin/../x86_64-nacl/lib32/libcrt_common.a(lib_a-vfprintf.o)
                0x000000000002b240                _vfprintf_r
 .text.__sbprintf
                0x000000000002eae0      0x140 /Users/jkwang/Desktop/nacl_sdk/pepper_canary/toolchain/mac_pnacl/bin/../x86_64-nacl/lib32/libcrt_common.a(lib_a-vfprintf.o)
 .text          0x000000000002ec20        0x0 /Users/jkwang/Desktop/nacl_sdk/pepper_canary/toolchain/mac_pnacl/bin/../x86_64-nacl/lib32/libcrt_common.a(lib_a-vsnprintf.o)
 .text.vsnprintf
                0x000000000002ec20       0xc0 /Users/jkwang/Desktop/nacl_sdk/pepper_canary/toolchain/mac_pnacl/bin/../x86_64-nacl/lib32/libcrt_common.a(lib_a-vsnprintf.o)
                0x000000000002ec20                vsnprintf
 .text._vsnprintf_r
                0x000000000002ece0       0xa0 /Users/jkwang/Desktop/nacl_sdk/pepper_canary/toolchain/mac_pnacl/bin/../x86_64-nacl/lib32/libcrt_common.a(lib_a-vsnprintf.o)
                0x000000000002ece0                _vsnprintf_r
 .text          0x000000000002ed80        0x0 /Users/jkwang/Desktop/nacl_sdk/pepper_canary/toolchain/mac_pnacl/bin/../x86_64-nacl/lib32/libcrt_common.a(lib_a-vsprintf.o)
 .text.vsprintf
                0x000000000002ed80       0xa0 /Users/jkwang/Desktop/nacl_sdk/pepper_canary/toolchain/mac_pnacl/bin/../x86_64-nacl/lib32/libcrt_common.a(lib_a-vsprintf.o)
                0x000000000002ed80                vsprintf
 .text._vsprintf_r
                0x000000000002ee20       0x80 /Users/jkwang/Desktop/nacl_sdk/pepper_canary/toolchain/mac_pnacl/bin/../x86_64-nacl/lib32/libcrt_common.a(lib_a-vsprintf.o)
                0x000000000002ee20                _vsprintf_r
 .text          0x000000000002eea0        0x0 /Users/jkwang/Desktop/nacl_sdk/pepper_canary/toolchain/mac_pnacl/bin/../x86_64-nacl/lib32/libcrt_common.a(lib_a-wcrtomb.o)
 .text._wcrtomb_r
                0x000000000002eea0       0xe0 /Users/jkwang/Desktop/nacl_sdk/pepper_canary/toolchain/mac_pnacl/bin/../x86_64-nacl/lib32/libcrt_common.a(lib_a-wcrtomb.o)
                0x000000000002eea0                _wcrtomb_r
 .text.wcrtomb  0x000000000002ef80       0xe0 /Users/jkwang/Desktop/nacl_sdk/pepper_canary/toolchain/mac_pnacl/bin/../x86_64-nacl/lib32/libcrt_common.a(lib_a-wcrtomb.o)
                0x000000000002ef80                wcrtomb
 .text          0x000000000002f060        0x0 /Users/jkwang/Desktop/nacl_sdk/pepper_canary/toolchain/mac_pnacl/bin/../x86_64-nacl/lib32/libcrt_common.a(lib_a-wcsrtombs.o)
 .text._wcsrtombs_r
                0x000000000002f060       0x60 /Users/jkwang/Desktop/nacl_sdk/pepper_canary/toolchain/mac_pnacl/bin/../x86_64-nacl/lib32/libcrt_common.a(lib_a-wcsrtombs.o)
                0x000000000002f060                _wcsrtombs_r
 .text.wcsrtombs
                0x000000000002f0c0       0x80 /Users/jkwang/Desktop/nacl_sdk/pepper_canary/toolchain/mac_pnacl/bin/../x86_64-nacl/lib32/libcrt_common.a(lib_a-wcsrtombs.o)
                0x000000000002f0c0                wcsrtombs
 .text          0x000000000002f140        0x0 /Users/jkwang/Desktop/nacl_sdk/pepper_canary/toolchain/mac_pnacl/bin/../x86_64-nacl/lib32/libcrt_common.a(lib_a-wctomb_r.o)
 .text.__ascii_wctomb
                0x000000000002f140       0x40 /Users/jkwang/Desktop/nacl_sdk/pepper_canary/toolchain/mac_pnacl/bin/../x86_64-nacl/lib32/libcrt_common.a(lib_a-wctomb_r.o)
                0x000000000002f140                __ascii_wctomb
 .text._wctomb_r
                0x000000000002f180       0x60 /Users/jkwang/Desktop/nacl_sdk/pepper_canary/toolchain/mac_pnacl/bin/../x86_64-nacl/lib32/libcrt_common.a(lib_a-wctomb_r.o)
                0x000000000002f180                _wctomb_r
 .text.__utf8_wctomb
                0x000000000002f1e0      0x120 /Users/jkwang/Desktop/nacl_sdk/pepper_canary/toolchain/mac_pnacl/bin/../x86_64-nacl/lib32/libcrt_common.a(lib_a-wctomb_r.o)
                0x000000000002f1e0                __utf8_wctomb
 .text.__sjis_wctomb
                0x000000000002f300       0x80 /Users/jkwang/Desktop/nacl_sdk/pepper_canary/toolchain/mac_pnacl/bin/../x86_64-nacl/lib32/libcrt_common.a(lib_a-wctomb_r.o)
                0x000000000002f300                __sjis_wctomb
 .text.__eucjp_wctomb
                0x000000000002f380       0xc0 /Users/jkwang/Desktop/nacl_sdk/pepper_canary/toolchain/mac_pnacl/bin/../x86_64-nacl/lib32/libcrt_common.a(lib_a-wctomb_r.o)
                0x000000000002f380                __eucjp_wctomb
 .text.__jis_wctomb
                0x000000000002f440       0xc0 /Users/jkwang/Desktop/nacl_sdk/pepper_canary/toolchain/mac_pnacl/bin/../x86_64-nacl/lib32/libcrt_common.a(lib_a-wctomb_r.o)
                0x000000000002f440                __jis_wctomb
 .text          0x000000000002f500        0x0 /Users/jkwang/Desktop/nacl_sdk/pepper_canary/toolchain/mac_pnacl/bin/../x86_64-nacl/lib32/libcrt_common.a(lib_a-wsetup.o)
 .text.__swsetup_r
                0x000000000002f500      0x160 /Users/jkwang/Desktop/nacl_sdk/pepper_canary/toolchain/mac_pnacl/bin/../x86_64-nacl/lib32/libcrt_common.a(lib_a-wsetup.o)
                0x000000000002f500                __swsetup_r
 .text          0x000000000002f660        0x0 /Users/jkwang/Desktop/nacl_sdk/pepper_canary/toolchain/mac_pnacl/bin/../x86_64-nacl/lib32/libcrt_common.a(lib_a-__atexit.o)
 .text.__register_exitproc
                0x000000000002f660      0x140 /Users/jkwang/Desktop/nacl_sdk/pepper_canary/toolchain/mac_pnacl/bin/../x86_64-nacl/lib32/libcrt_common.a(lib_a-__atexit.o)
                0x000000000002f660                __register_exitproc
 .text          0x000000000002f7a0        0x0 /Users/jkwang/Desktop/nacl_sdk/pepper_canary/toolchain/mac_pnacl/bin/../x86_64-nacl/lib32/libcrt_common.a(lib_a-__call_atexit.o)
 .text.__call_exitprocs
                0x000000000002f7a0      0x160 /Users/jkwang/Desktop/nacl_sdk/pepper_canary/toolchain/mac_pnacl/bin/../x86_64-nacl/lib32/libcrt_common.a(lib_a-__call_atexit.o)
                0x000000000002f7a0                __call_exitprocs
 .text          0x000000000002f900        0x0 /Users/jkwang/Desktop/nacl_sdk/pepper_canary/toolchain/mac_pnacl/bin/../x86_64-nacl/lib32/libcrt_common.a(lib_a-dtoa.o)
 .text._dtoa_r  0x000000000002f900     0x12e0 /Users/jkwang/Desktop/nacl_sdk/pepper_canary/toolchain/mac_pnacl/bin/../x86_64-nacl/lib32/libcrt_common.a(lib_a-dtoa.o)
                0x000000000002f900                _dtoa_r
 .text.quorem   0x0000000000030be0      0x200 /Users/jkwang/Desktop/nacl_sdk/pepper_canary/toolchain/mac_pnacl/bin/../x86_64-nacl/lib32/libcrt_common.a(lib_a-dtoa.o)
 .text          0x0000000000030de0        0x0 /Users/jkwang/Desktop/nacl_sdk/pepper_canary/toolchain/mac_pnacl/bin/../x86_64-nacl/lib32/libcrt_common.a(lib_a-envlock.o)
 .text.__env_lock
                0x0000000000030de0       0x40 /Users/jkwang/Desktop/nacl_sdk/pepper_canary/toolchain/mac_pnacl/bin/../x86_64-nacl/lib32/libcrt_common.a(lib_a-envlock.o)
                0x0000000000030de0                __env_lock
 .text.__env_unlock
                0x0000000000030e20       0x40 /Users/jkwang/Desktop/nacl_sdk/pepper_canary/toolchain/mac_pnacl/bin/../x86_64-nacl/lib32/libcrt_common.a(lib_a-envlock.o)
                0x0000000000030e20                __env_unlock
 .text          0x0000000000030e60        0x0 /Users/jkwang/Desktop/nacl_sdk/pepper_canary/toolchain/mac_pnacl/bin/../x86_64-nacl/lib32/libcrt_common.a(lib_a-fclose.o)
 .text._fclose_r
                0x0000000000030e60      0x1c0 /Users/jkwang/Desktop/nacl_sdk/pepper_canary/toolchain/mac_pnacl/bin/../x86_64-nacl/lib32/libcrt_common.a(lib_a-fclose.o)
                0x0000000000030e60                _fclose_r
 .text.fclose   0x0000000000031020       0x60 /Users/jkwang/Desktop/nacl_sdk/pepper_canary/toolchain/mac_pnacl/bin/../x86_64-nacl/lib32/libcrt_common.a(lib_a-fclose.o)
                0x0000000000031020                fclose
 .text          0x0000000000031080        0x0 /Users/jkwang/Desktop/nacl_sdk/pepper_canary/toolchain/mac_pnacl/bin/../x86_64-nacl/lib32/libcrt_common.a(lib_a-fvwrite.o)
 .text.__sfvwrite_r
                0x0000000000031080      0x5a0 /Users/jkwang/Desktop/nacl_sdk/pepper_canary/toolchain/mac_pnacl/bin/../x86_64-nacl/lib32/libcrt_common.a(lib_a-fvwrite.o)
                0x0000000000031080                __sfvwrite_r
 .text          0x0000000000031620        0x0 /Users/jkwang/Desktop/nacl_sdk/pepper_canary/toolchain/mac_pnacl/bin/../x86_64-nacl/lib32/libcrt_common.a(lib_a-locale.o)
 .text._setlocale_r
                0x0000000000031620      0x760 /Users/jkwang/Desktop/nacl_sdk/pepper_canary/toolchain/mac_pnacl/bin/../x86_64-nacl/lib32/libcrt_common.a(lib_a-locale.o)
                0x0000000000031620                _setlocale_r
 .text.currentlocale
                0x0000000000031d80      0x220 /Users/jkwang/Desktop/nacl_sdk/pepper_canary/toolchain/mac_pnacl/bin/../x86_64-nacl/lib32/libcrt_common.a(lib_a-locale.o)
 .text.loadlocale
                0x0000000000031fa0      0xb20 /Users/jkwang/Desktop/nacl_sdk/pepper_canary/toolchain/mac_pnacl/bin/../x86_64-nacl/lib32/libcrt_common.a(lib_a-locale.o)
 .text.__locale_charset
                0x0000000000032ac0       0x20 /Users/jkwang/Desktop/nacl_sdk/pepper_canary/toolchain/mac_pnacl/bin/../x86_64-nacl/lib32/libcrt_common.a(lib_a-locale.o)
                0x0000000000032ac0                __locale_charset
 .text.__locale_mb_cur_max
                0x0000000000032ae0       0x20 /Users/jkwang/Desktop/nacl_sdk/pepper_canary/toolchain/mac_pnacl/bin/../x86_64-nacl/lib32/libcrt_common.a(lib_a-locale.o)
                0x0000000000032ae0                __locale_mb_cur_max
 .text.__locale_msgcharset
                0x0000000000032b00       0x20 /Users/jkwang/Desktop/nacl_sdk/pepper_canary/toolchain/mac_pnacl/bin/../x86_64-nacl/lib32/libcrt_common.a(lib_a-locale.o)
                0x0000000000032b00                __locale_msgcharset
 .text.__locale_cjk_lang
                0x0000000000032b20       0x20 /Users/jkwang/Desktop/nacl_sdk/pepper_canary/toolchain/mac_pnacl/bin/../x86_64-nacl/lib32/libcrt_common.a(lib_a-locale.o)
                0x0000000000032b20                __locale_cjk_lang
 .text._localeconv_r
                0x0000000000032b40       0x20 /Users/jkwang/Desktop/nacl_sdk/pepper_canary/toolchain/mac_pnacl/bin/../x86_64-nacl/lib32/libcrt_common.a(lib_a-locale.o)
                0x0000000000032b40                _localeconv_r
 .text.setlocale
                0x0000000000032b60       0x60 /Users/jkwang/Desktop/nacl_sdk/pepper_canary/toolchain/mac_pnacl/bin/../x86_64-nacl/lib32/libcrt_common.a(lib_a-locale.o)
                0x0000000000032b60                setlocale
 .text.localeconv
                0x0000000000032bc0       0x20 /Users/jkwang/Desktop/nacl_sdk/pepper_canary/toolchain/mac_pnacl/bin/../x86_64-nacl/lib32/libcrt_common.a(lib_a-locale.o)
                0x0000000000032bc0                localeconv
 .text          0x0000000000032be0        0x0 /Users/jkwang/Desktop/nacl_sdk/pepper_canary/toolchain/mac_pnacl/bin/../x86_64-nacl/lib32/libcrt_common.a(lib_a-makebuf.o)
 .text.__smakebuf_r
                0x0000000000032be0      0x140 /Users/jkwang/Desktop/nacl_sdk/pepper_canary/toolchain/mac_pnacl/bin/../x86_64-nacl/lib32/libcrt_common.a(lib_a-makebuf.o)
                0x0000000000032be0                __smakebuf_r
 .text          0x0000000000032d20        0x0 /Users/jkwang/Desktop/nacl_sdk/pepper_canary/toolchain/mac_pnacl/bin/../x86_64-nacl/lib32/libcrt_common.a(lib_a-mbtowc_r.o)
 .text.__ascii_mbtowc
                0x0000000000032d20       0x60 /Users/jkwang/Desktop/nacl_sdk/pepper_canary/toolchain/mac_pnacl/bin/../x86_64-nacl/lib32/libcrt_common.a(lib_a-mbtowc_r.o)
                0x0000000000032d20                __ascii_mbtowc
 .text._mbtowc_r
                0x0000000000032d80       0x80 /Users/jkwang/Desktop/nacl_sdk/pepper_canary/toolchain/mac_pnacl/bin/../x86_64-nacl/lib32/libcrt_common.a(lib_a-mbtowc_r.o)
                0x0000000000032d80                _mbtowc_r
 .text.__utf8_mbtowc
                0x0000000000032e00      0x460 /Users/jkwang/Desktop/nacl_sdk/pepper_canary/toolchain/mac_pnacl/bin/../x86_64-nacl/lib32/libcrt_common.a(lib_a-mbtowc_r.o)
                0x0000000000032e00                __utf8_mbtowc
 .text.__sjis_mbtowc
                0x0000000000033260      0x100 /Users/jkwang/Desktop/nacl_sdk/pepper_canary/toolchain/mac_pnacl/bin/../x86_64-nacl/lib32/libcrt_common.a(lib_a-mbtowc_r.o)
                0x0000000000033260                __sjis_mbtowc
 .text.__eucjp_mbtowc
                0x0000000000033360      0x160 /Users/jkwang/Desktop/nacl_sdk/pepper_canary/toolchain/mac_pnacl/bin/../x86_64-nacl/lib32/libcrt_common.a(lib_a-mbtowc_r.o)
                0x0000000000033360                __eucjp_mbtowc
 .text.__jis_mbtowc
                0x00000000000334c0      0x220 /Users/jkwang/Desktop/nacl_sdk/pepper_canary/toolchain/mac_pnacl/bin/../x86_64-nacl/lib32/libcrt_common.a(lib_a-mbtowc_r.o)
                0x00000000000334c0                __jis_mbtowc
 .text          0x00000000000336e0       0x9a /Users/jkwang/Desktop/nacl_sdk/pepper_canary/toolchain/mac_pnacl/bin/../x86_64-nacl/lib32/libcrt_common.a(lib_a-memchr.o)
                0x00000000000336e0                memchr
 *fill*         0x000000000003377a        0x6 
 .text          0x0000000000033780       0x9e /Users/jkwang/Desktop/nacl_sdk/pepper_canary/toolchain/mac_pnacl/bin/../x86_64-nacl/lib32/libcrt_common.a(lib_a-memmove.o)
                0x0000000000033780                memmove
 *fill*         0x000000000003381e        0x2 
 .text          0x0000000000033820        0x0 /Users/jkwang/Desktop/nacl_sdk/pepper_canary/toolchain/mac_pnacl/bin/../x86_64-nacl/lib32/libcrt_common.a(lib_a-mprec.o)
 .text._Balloc  0x0000000000033820       0xe0 /Users/jkwang/Desktop/nacl_sdk/pepper_canary/toolchain/mac_pnacl/bin/../x86_64-nacl/lib32/libcrt_common.a(lib_a-mprec.o)
                0x0000000000033820                _Balloc
 .text._Bfree   0x0000000000033900       0x40 /Users/jkwang/Desktop/nacl_sdk/pepper_canary/toolchain/mac_pnacl/bin/../x86_64-nacl/lib32/libcrt_common.a(lib_a-mprec.o)
                0x0000000000033900                _Bfree
 .text.__multadd
                0x0000000000033940      0x1a0 /Users/jkwang/Desktop/nacl_sdk/pepper_canary/toolchain/mac_pnacl/bin/../x86_64-nacl/lib32/libcrt_common.a(lib_a-mprec.o)
                0x0000000000033940                __multadd
 .text.__s2b    0x0000000000033ae0      0x1c0 /Users/jkwang/Desktop/nacl_sdk/pepper_canary/toolchain/mac_pnacl/bin/../x86_64-nacl/lib32/libcrt_common.a(lib_a-mprec.o)
                0x0000000000033ae0                __s2b
 .text.__hi0bits
                0x0000000000033ca0       0xa0 /Users/jkwang/Desktop/nacl_sdk/pepper_canary/toolchain/mac_pnacl/bin/../x86_64-nacl/lib32/libcrt_common.a(lib_a-mprec.o)
                0x0000000000033ca0                __hi0bits
 .text.__lo0bits
                0x0000000000033d40       0xc0 /Users/jkwang/Desktop/nacl_sdk/pepper_canary/toolchain/mac_pnacl/bin/../x86_64-nacl/lib32/libcrt_common.a(lib_a-mprec.o)
                0x0000000000033d40                __lo0bits
 .text.__i2b    0x0000000000033e00       0xc0 /Users/jkwang/Desktop/nacl_sdk/pepper_canary/toolchain/mac_pnacl/bin/../x86_64-nacl/lib32/libcrt_common.a(lib_a-mprec.o)
                0x0000000000033e00                __i2b
 .text.__multiply
                0x0000000000033ec0      0x340 /Users/jkwang/Desktop/nacl_sdk/pepper_canary/toolchain/mac_pnacl/bin/../x86_64-nacl/lib32/libcrt_common.a(lib_a-mprec.o)
                0x0000000000033ec0                __multiply
 .text.__pow5mult
                0x0000000000034200      0x180 /Users/jkwang/Desktop/nacl_sdk/pepper_canary/toolchain/mac_pnacl/bin/../x86_64-nacl/lib32/libcrt_common.a(lib_a-mprec.o)
                0x0000000000034200                __pow5mult
 .text.__lshift
                0x0000000000034380      0x2e0 /Users/jkwang/Desktop/nacl_sdk/pepper_canary/toolchain/mac_pnacl/bin/../x86_64-nacl/lib32/libcrt_common.a(lib_a-mprec.o)
                0x0000000000034380                __lshift
 .text.__mcmp   0x0000000000034660       0x60 /Users/jkwang/Desktop/nacl_sdk/pepper_canary/toolchain/mac_pnacl/bin/../x86_64-nacl/lib32/libcrt_common.a(lib_a-mprec.o)
                0x0000000000034660                __mcmp
 .text.__mdiff  0x00000000000346c0      0x2e0 /Users/jkwang/Desktop/nacl_sdk/pepper_canary/toolchain/mac_pnacl/bin/../x86_64-nacl/lib32/libcrt_common.a(lib_a-mprec.o)
                0x00000000000346c0                __mdiff
 .text.__ulp    0x00000000000349a0       0xa0 /Users/jkwang/Desktop/nacl_sdk/pepper_canary/toolchain/mac_pnacl/bin/../x86_64-nacl/lib32/libcrt_common.a(lib_a-mprec.o)
                0x00000000000349a0                __ulp
 .text.__b2d    0x0000000000034a40      0x180 /Users/jkwang/Desktop/nacl_sdk/pepper_canary/toolchain/mac_pnacl/bin/../x86_64-nacl/lib32/libcrt_common.a(lib_a-mprec.o)
                0x0000000000034a40                __b2d
 .text.__d2b    0x0000000000034bc0      0x380 /Users/jkwang/Desktop/nacl_sdk/pepper_canary/toolchain/mac_pnacl/bin/../x86_64-nacl/lib32/libcrt_common.a(lib_a-mprec.o)
                0x0000000000034bc0                __d2b
 .text.__ratio  0x0000000000034f40       0xe0 /Users/jkwang/Desktop/nacl_sdk/pepper_canary/toolchain/mac_pnacl/bin/../x86_64-nacl/lib32/libcrt_common.a(lib_a-mprec.o)
                0x0000000000034f40                __ratio
 .text._mprec_log10
                0x0000000000035020       0x60 /Users/jkwang/Desktop/nacl_sdk/pepper_canary/toolchain/mac_pnacl/bin/../x86_64-nacl/lib32/libcrt_common.a(lib_a-mprec.o)
                0x0000000000035020                _mprec_log10
 .text.__copybits
                0x0000000000035080      0x180 /Users/jkwang/Desktop/nacl_sdk/pepper_canary/toolchain/mac_pnacl/bin/../x86_64-nacl/lib32/libcrt_common.a(lib_a-mprec.o)
                0x0000000000035080                __copybits
 .text.__any_on
                0x0000000000035200       0x80 /Users/jkwang/Desktop/nacl_sdk/pepper_canary/toolchain/mac_pnacl/bin/../x86_64-nacl/lib32/libcrt_common.a(lib_a-mprec.o)
                0x0000000000035200                __any_on
 .text          0x0000000000035280        0x0 /Users/jkwang/Desktop/nacl_sdk/pepper_canary/toolchain/mac_pnacl/bin/../x86_64-nacl/lib32/libcrt_common.a(lib_a-s_fpclassify.o)
 .text.__fpclassifyd
                0x0000000000035280       0x80 /Users/jkwang/Desktop/nacl_sdk/pepper_canary/toolchain/mac_pnacl/bin/../x86_64-nacl/lib32/libcrt_common.a(lib_a-s_fpclassify.o)
                0x0000000000035280                __fpclassifyd
 .text          0x0000000000035300        0x0 /Users/jkwang/Desktop/nacl_sdk/pepper_canary/toolchain/mac_pnacl/bin/../x86_64-nacl/lib32/libcrt_common.a(lib_a-s_frexp.o)
 .text.frexp    0x0000000000035300       0xc0 /Users/jkwang/Desktop/nacl_sdk/pepper_canary/toolchain/mac_pnacl/bin/../x86_64-nacl/lib32/libcrt_common.a(lib_a-s_frexp.o)
                0x0000000000035300                frexp
 .text          0x00000000000353c0        0x0 /Users/jkwang/Desktop/nacl_sdk/pepper_canary/toolchain/mac_pnacl/bin/../x86_64-nacl/lib32/libcrt_common.a(lib_a-strcasecmp.o)
 .text.strcasecmp
                0x00000000000353c0       0x80 /Users/jkwang/Desktop/nacl_sdk/pepper_canary/toolchain/mac_pnacl/bin/../x86_64-nacl/lib32/libcrt_common.a(lib_a-strcasecmp.o)
                0x00000000000353c0                strcasecmp
 .text          0x0000000000035440      0x116 /Users/jkwang/Desktop/nacl_sdk/pepper_canary/toolchain/mac_pnacl/bin/../x86_64-nacl/lib32/libcrt_common.a(lib_a-strchr.o)
                0x0000000000035440                strchr
 *fill*         0x0000000000035556        0x2 
 .text          0x0000000000035558        0x0 /Users/jkwang/Desktop/nacl_sdk/pepper_canary/toolchain/mac_pnacl/bin/../x86_64-nacl/lib32/libcrt_common.a(lib_a-strlcpy.o)
 *fill*         0x0000000000035558        0x8 
 .text.strlcpy  0x0000000000035560       0x80 /Users/jkwang/Desktop/nacl_sdk/pepper_canary/toolchain/mac_pnacl/bin/../x86_64-nacl/lib32/libcrt_common.a(lib_a-strlcpy.o)
                0x0000000000035560                strlcpy
 .text          0x00000000000355e0        0x0 /Users/jkwang/Desktop/nacl_sdk/pepper_canary/toolchain/mac_pnacl/bin/../x86_64-nacl/lib32/libcrt_common.a(lib_a-strncasecmp.o)
 .text.strncasecmp
                0x00000000000355e0       0x80 /Users/jkwang/Desktop/nacl_sdk/pepper_canary/toolchain/mac_pnacl/bin/../x86_64-nacl/lib32/libcrt_common.a(lib_a-strncasecmp.o)
                0x00000000000355e0                strncasecmp
 .text          0x0000000000035660        0x0 /Users/jkwang/Desktop/nacl_sdk/pepper_canary/toolchain/mac_pnacl/bin/../x86_64-nacl/lib32/libcrt_common.a(lib_a-strncpy.o)
 .text.strncpy  0x0000000000035660      0x120 /Users/jkwang/Desktop/nacl_sdk/pepper_canary/toolchain/mac_pnacl/bin/../x86_64-nacl/lib32/libcrt_common.a(lib_a-strncpy.o)
                0x0000000000035660                strncpy
 .text          0x0000000000035780        0x0 /Users/jkwang/Desktop/nacl_sdk/pepper_canary/toolchain/mac_pnacl/bin/../x86_64-nacl/lib32/libcrt_common.a(lib_a-strtol.o)
 .text._strtol_r
                0x0000000000035780      0x1a0 /Users/jkwang/Desktop/nacl_sdk/pepper_canary/toolchain/mac_pnacl/bin/../x86_64-nacl/lib32/libcrt_common.a(lib_a-strtol.o)
                0x0000000000035780                _strtol_r
 .text.strtol   0x0000000000035920       0x60 /Users/jkwang/Desktop/nacl_sdk/pepper_canary/toolchain/mac_pnacl/bin/../x86_64-nacl/lib32/libcrt_common.a(lib_a-strtol.o)
                0x0000000000035920                strtol
 .text          0x0000000000035980        0x0 /Users/jkwang/Desktop/nacl_sdk/pepper_canary/toolchain/mac_pnacl/bin/../x86_64-nacl/lib32/libcrt_common.a(lib_a-svfprintf.o)
 .text._svfprintf_r
                0x0000000000035980     0x35a0 /Users/jkwang/Desktop/nacl_sdk/pepper_canary/toolchain/mac_pnacl/bin/../x86_64-nacl/lib32/libcrt_common.a(lib_a-svfprintf.o)
                0x0000000000035980                _svfprintf_r
 .text          0x0000000000038f20        0x0 /Users/jkwang/Desktop/nacl_sdk/pepper_canary/toolchain/mac_pnacl/bin/../x86_64-nacl/lib32/libcrt_common.a(lib_a-vfiprintf.o)
 .text.__sprint_r
                0x0000000000038f20       0xe0 /Users/jkwang/Desktop/nacl_sdk/pepper_canary/toolchain/mac_pnacl/bin/../x86_64-nacl/lib32/libcrt_common.a(lib_a-vfiprintf.o)
                0x0000000000038f20                __sprint_r
 .text.vfiprintf
                0x0000000000039000       0x60 /Users/jkwang/Desktop/nacl_sdk/pepper_canary/toolchain/mac_pnacl/bin/../x86_64-nacl/lib32/libcrt_common.a(lib_a-vfiprintf.o)
                0x0000000000039000                vfiprintf
 .text._vfiprintf_r
                0x0000000000039060     0x25c0 /Users/jkwang/Desktop/nacl_sdk/pepper_canary/toolchain/mac_pnacl/bin/../x86_64-nacl/lib32/libcrt_common.a(lib_a-vfiprintf.o)
                0x0000000000039060                _vfiprintf_r
 .text.__sbprintf
                0x000000000003b620      0x140 /Users/jkwang/Desktop/nacl_sdk/pepper_canary/toolchain/mac_pnacl/bin/../x86_64-nacl/lib32/libcrt_common.a(lib_a-vfiprintf.o)
 .text          0x000000000003b760        0x0 /Users/jkwang/Desktop/nacl_sdk/pepper_canary/toolchain/mac_pnacl/bin/../x86_64-nacl/lib32/libcrt_common.a(lib_a-wcsnrtombs.o)
 .text._wcsnrtombs_r
                0x000000000003b760      0x200 /Users/jkwang/Desktop/nacl_sdk/pepper_canary/toolchain/mac_pnacl/bin/../x86_64-nacl/lib32/libcrt_common.a(lib_a-wcsnrtombs.o)
                0x000000000003b760                _wcsnrtombs_r
 .text.wcsnrtombs
                0x000000000003b960       0x80 /Users/jkwang/Desktop/nacl_sdk/pepper_canary/toolchain/mac_pnacl/bin/../x86_64-nacl/lib32/libcrt_common.a(lib_a-wcsnrtombs.o)
                0x000000000003b960                wcsnrtombs
 .text          0x000000000003b9e0        0x0 /Users/jkwang/Desktop/nacl_sdk/pepper_canary/toolchain/mac_pnacl/bin/../x86_64-nacl/lib32/libcrt_common.a(lib_a-ctype_.o)
 .text.__set_ctype
                0x000000000003b9e0       0x20 /Users/jkwang/Desktop/nacl_sdk/pepper_canary/toolchain/mac_pnacl/bin/../x86_64-nacl/lib32/libcrt_common.a(lib_a-ctype_.o)
                0x000000000003b9e0                __set_ctype
 .text          0x000000000003ba00        0x0 /Users/jkwang/Desktop/nacl_sdk/pepper_canary/toolchain/mac_pnacl/bin/../x86_64-nacl/lib32/libcrt_common.a(lib_a-fputwc.o)
 .text._fputwc_r
                0x000000000003ba00      0x180 /Users/jkwang/Desktop/nacl_sdk/pepper_canary/toolchain/mac_pnacl/bin/../x86_64-nacl/lib32/libcrt_common.a(lib_a-fputwc.o)
                0x000000000003ba00                _fputwc_r
 .text.fputwc   0x000000000003bb80       0x80 /Users/jkwang/Desktop/nacl_sdk/pepper_canary/toolchain/mac_pnacl/bin/../x86_64-nacl/lib32/libcrt_common.a(lib_a-fputwc.o)
                0x000000000003bb80                fputwc
 .text          0x000000000003bc00        0x0 /Users/jkwang/Desktop/nacl_sdk/pepper_canary/toolchain/mac_pnacl/bin/../x86_64-nacl/lib32/libcrt_common.a(lib_a-svfiprintf.o)
 .text.__ssprint_r
                0x000000000003bc00      0x240 /Users/jkwang/Desktop/nacl_sdk/pepper_canary/toolchain/mac_pnacl/bin/../x86_64-nacl/lib32/libcrt_common.a(lib_a-svfiprintf.o)
                0x000000000003bc00                __ssprint_r
 .text._svfiprintf_r
                0x000000000003be40     0x1a80 /Users/jkwang/Desktop/nacl_sdk/pepper_canary/toolchain/mac_pnacl/bin/../x86_64-nacl/lib32/libcrt_common.a(lib_a-svfiprintf.o)
                0x000000000003be40                _svfiprintf_r
 .text          0x000000000003d8c0        0x0 /Users/jkwang/Desktop/nacl_sdk/pepper_canary/toolchain/mac_pnacl/bin/../x86_64-nacl/lib32/libcrt_common.a(lib_a-wbuf.o)
 .text.__swbuf_r
                0x000000000003d8c0      0x120 /Users/jkwang/Desktop/nacl_sdk/pepper_canary/toolchain/mac_pnacl/bin/../x86_64-nacl/lib32/libcrt_common.a(lib_a-wbuf.o)
                0x000000000003d8c0                __swbuf_r
 .text.__swbuf  0x000000000003d9e0       0x60 /Users/jkwang/Desktop/nacl_sdk/pepper_canary/toolchain/mac_pnacl/bin/../x86_64-nacl/lib32/libcrt_common.a(lib_a-wbuf.o)
                0x000000000003d9e0                __swbuf
 .text          0x000000000003da40       0x60 /Users/jkwang/Desktop/nacl_sdk/pepper_canary/toolchain/mac_pnacl/bin/../x86_64-nacl/lib32/libnacl.a(close.o)
                0x000000000003da40                close
 .text          0x000000000003daa0       0x60 /Users/jkwang/Desktop/nacl_sdk/pepper_canary/toolchain/mac_pnacl/bin/../x86_64-nacl/lib32/libnacl.a(fstat.o)
                0x000000000003daa0                fstat
 .text          0x000000000003db00       0x80 /Users/jkwang/Desktop/nacl_sdk/pepper_canary/toolchain/mac_pnacl/bin/../x86_64-nacl/lib32/libnacl.a(isatty.o)
                0x000000000003db00                isatty
 .text          0x000000000003db80       0xa0 /Users/jkwang/Desktop/nacl_sdk/pepper_canary/toolchain/mac_pnacl/bin/../x86_64-nacl/lib32/libnacl.a(lseek.o)
                0x000000000003db80                lseek
 .text          0x000000000003dc20       0x60 /Users/jkwang/Desktop/nacl_sdk/pepper_canary/toolchain/mac_pnacl/bin/../x86_64-nacl/lib32/libnacl.a(nanosleep.o)
                0x000000000003dc20                nanosleep
 .text          0x000000000003dc80       0x80 /Users/jkwang/Desktop/nacl_sdk/pepper_canary/toolchain/mac_pnacl/bin/../x86_64-nacl/lib32/libnacl.a(nacl_irt_fdio.o)
                0x000000000003dc80                __libnacl_irt_dev_fdio_init
 .text          0x000000000003dd00       0x80 /Users/jkwang/Desktop/nacl_sdk/pepper_canary/toolchain/mac_pnacl/bin/../x86_64-nacl/lib32/libnacl.a(read.o)
                0x000000000003dd00                read
 .text          0x000000000003dd80       0x80 /Users/jkwang/Desktop/nacl_sdk/pepper_canary/toolchain/mac_pnacl/bin/../lib/clang/3.7.0/lib/i686-nacl/libgcc.a(udivdi3.o)
                0x000000000003dd80                __udivdi3
 .text          0x000000000003de00      0x3e0 /Users/jkwang/Desktop/nacl_sdk/pepper_canary/toolchain/mac_pnacl/bin/../lib/clang/3.7.0/lib/i686-nacl/libgcc.a(udivmoddi4.o)
                0x000000000003de00                __udivmoddi4
 .text          0x000000000003e1e0       0x80 /Users/jkwang/Desktop/nacl_sdk/pepper_canary/toolchain/mac_pnacl/bin/../lib/clang/3.7.0/lib/i686-nacl/libgcc.a(umoddi3.o)
                0x000000000003e1e0                __umoddi3
 .text          0x000000000003e260     0x2360 /Users/jkwang/Desktop/nacl_sdk/pepper_canary/toolchain/mac_pnacl/bin/../lib/clang/3.7.0/lib/i686-nacl/libgcc_eh.a(unwind-dw2-fde-glibc.o)
                0x000000000003e260                __register_frame_info_bases
                0x000000000003e2e0                __register_frame_info
                0x000000000003e360                __register_frame_info_table_bases
                0x000000000003e3c0                __register_frame_info_table
                0x000000000003f260                __register_frame_table
                0x000000000003f2e0                __register_frame
                0x0000000000040140                _Unwind_Find_FDE
                0x0000000000040380                __deregister_frame_info_bases
                0x0000000000040540                __deregister_frame_info
                0x0000000000040560                __deregister_frame
 .text          0x00000000000405c0        0x0 /Users/jkwang/Desktop/nacl_sdk/pepper_canary/toolchain/mac_pnacl/bin/../lib/clang/3.7.0/lib/i686-nacl/crtend.o
 .text          0x00000000000405c0        0x0 /Users/jkwang/Desktop/nacl_sdk/pepper_canary/toolchain/mac_pnacl/bin/../x86_64-nacl/lib32/crtn.o
 *(.gnu.warning)

.fini
 *(SORT(.fini))
                0x00000000000405c0                PROVIDE (__etext, .)
                0x00000000000405c0                PROVIDE (_etext, .)
                0x00000000000405c0                PROVIDE (etext, .)
                0x00000000100200f4                . = (0x10020000 + SIZEOF_HEADERS)

.interp
 *(.interp)

.note.NaCl.ABI.x86-32
                0x00000000100200f4       0x1c
 .note.NaCl.ABI.x86-32
                0x00000000100200f4       0x1c /Users/jkwang/Desktop/nacl_sdk/pepper_canary/toolchain/mac_pnacl/bin/../lib/clang/3.7.0/lib/i686-nacl/crtbeginT.o

.note.gnu.build-id
                0x0000000010020110       0x24
 *(.note.gnu.build-id)
 .note.gnu.build-id
                0x0000000010020110       0x24 /Users/jkwang/Desktop/nacl_sdk/pepper_canary/toolchain/mac_pnacl/bin/../x86_64-nacl/lib32/crti.o

.hash
 *(.hash)

.gnu.hash
 *(.gnu.hash)

.dynsym
 *(.dynsym)

.dynstr
 *(.dynstr)

.gnu.version
 *(.gnu.version)

.gnu.version_d
 *(.gnu.version_d)

.gnu.version_r
 *(.gnu.version_r)

.rel.dyn        0x0000000010020134        0x0
 *(.rel.init)
 *(.rel.text .rel.text.* .rel.gnu.linkonce.t.*)
 .rel.text      0x0000000000000000        0x0 /Users/jkwang/Desktop/nacl_sdk/pepper_canary/toolchain/mac_pnacl/bin/../lib/clang/3.7.0/lib/i686-nacl/crtbeginT.o
 .rel.text.atexit
                0x0000000000000000        0x0 /Users/jkwang/Desktop/nacl_sdk/pepper_canary/toolchain/mac_pnacl/bin/../lib/clang/3.7.0/lib/i686-nacl/crtbeginT.o
 .rel.text.exit
                0x0000000000000000        0x0 /Users/jkwang/Desktop/nacl_sdk/pepper_canary/toolchain/mac_pnacl/bin/../lib/clang/3.7.0/lib/i686-nacl/crtbeginT.o
 .rel.text._fflush_r
                0x0000000000000000        0x0 /Users/jkwang/Desktop/nacl_sdk/pepper_canary/toolchain/mac_pnacl/bin/../lib/clang/3.7.0/lib/i686-nacl/crtbeginT.o
 .rel.text.fflush
                0x0000000000000000        0x0 /Users/jkwang/Desktop/nacl_sdk/pepper_canary/toolchain/mac_pnacl/bin/../lib/clang/3.7.0/lib/i686-nacl/crtbeginT.o
 .rel.text.__sfmoreglue
                0x0000000000000000        0x0 /Users/jkwang/Desktop/nacl_sdk/pepper_canary/toolchain/mac_pnacl/bin/../lib/clang/3.7.0/lib/i686-nacl/crtbeginT.o
 .rel.text.__sfp
                0x0000000000000000        0x0 /Users/jkwang/Desktop/nacl_sdk/pepper_canary/toolchain/mac_pnacl/bin/../lib/clang/3.7.0/lib/i686-nacl/crtbeginT.o
 .rel.text.__sinit
                0x0000000000000000        0x0 /Users/jkwang/Desktop/nacl_sdk/pepper_canary/toolchain/mac_pnacl/bin/../lib/clang/3.7.0/lib/i686-nacl/crtbeginT.o
 .rel.text._cleanup_r
                0x0000000000000000        0x0 /Users/jkwang/Desktop/nacl_sdk/pepper_canary/toolchain/mac_pnacl/bin/../lib/clang/3.7.0/lib/i686-nacl/crtbeginT.o
 .rel.text._cleanup
                0x0000000000000000        0x0 /Users/jkwang/Desktop/nacl_sdk/pepper_canary/toolchain/mac_pnacl/bin/../lib/clang/3.7.0/lib/i686-nacl/crtbeginT.o
 .rel.text.__fp_lock_all
                0x0000000000000000        0x0 /Users/jkwang/Desktop/nacl_sdk/pepper_canary/toolchain/mac_pnacl/bin/../lib/clang/3.7.0/lib/i686-nacl/crtbeginT.o
 .rel.text.__fp_unlock_all
                0x0000000000000000        0x0 /Users/jkwang/Desktop/nacl_sdk/pepper_canary/toolchain/mac_pnacl/bin/../lib/clang/3.7.0/lib/i686-nacl/crtbeginT.o
 .rel.text.__libc_fini_array
                0x0000000000000000        0x0 /Users/jkwang/Desktop/nacl_sdk/pepper_canary/toolchain/mac_pnacl/bin/../lib/clang/3.7.0/lib/i686-nacl/crtbeginT.o
 .rel.text._fprintf_r
                0x0000000000000000        0x0 /Users/jkwang/Desktop/nacl_sdk/pepper_canary/toolchain/mac_pnacl/bin/../lib/clang/3.7.0/lib/i686-nacl/crtbeginT.o
 .rel.text.fprintf
                0x0000000000000000        0x0 /Users/jkwang/Desktop/nacl_sdk/pepper_canary/toolchain/mac_pnacl/bin/../lib/clang/3.7.0/lib/i686-nacl/crtbeginT.o
 .rel.text._fwrite_r
                0x0000000000000000        0x0 /Users/jkwang/Desktop/nacl_sdk/pepper_canary/toolchain/mac_pnacl/bin/../lib/clang/3.7.0/lib/i686-nacl/crtbeginT.o
 .rel.text._findenv
                0x0000000000000000        0x0 /Users/jkwang/Desktop/nacl_sdk/pepper_canary/toolchain/mac_pnacl/bin/../lib/clang/3.7.0/lib/i686-nacl/crtbeginT.o
 .rel.text.getenv
                0x0000000000000000        0x0 /Users/jkwang/Desktop/nacl_sdk/pepper_canary/toolchain/mac_pnacl/bin/../lib/clang/3.7.0/lib/i686-nacl/crtbeginT.o
 .rel.text._findenv_r
                0x0000000000000000        0x0 /Users/jkwang/Desktop/nacl_sdk/pepper_canary/toolchain/mac_pnacl/bin/../lib/clang/3.7.0/lib/i686-nacl/crtbeginT.o
 .rel.text.__libc_init_array
                0x0000000000000000        0x0 /Users/jkwang/Desktop/nacl_sdk/pepper_canary/toolchain/mac_pnacl/bin/../lib/clang/3.7.0/lib/i686-nacl/crtbeginT.o
 .rel.text.sleep
                0x0000000000000000        0x0 /Users/jkwang/Desktop/nacl_sdk/pepper_canary/toolchain/mac_pnacl/bin/../lib/clang/3.7.0/lib/i686-nacl/crtbeginT.o
 .rel.text.__sread
                0x0000000000000000        0x0 /Users/jkwang/Desktop/nacl_sdk/pepper_canary/toolchain/mac_pnacl/bin/../lib/clang/3.7.0/lib/i686-nacl/crtbeginT.o
 .rel.text.__swrite
                0x0000000000000000        0x0 /Users/jkwang/Desktop/nacl_sdk/pepper_canary/toolchain/mac_pnacl/bin/../lib/clang/3.7.0/lib/i686-nacl/crtbeginT.o
 .rel.text.__sseek
                0x0000000000000000        0x0 /Users/jkwang/Desktop/nacl_sdk/pepper_canary/toolchain/mac_pnacl/bin/../lib/clang/3.7.0/lib/i686-nacl/crtbeginT.o
 .rel.text.__sclose
                0x0000000000000000        0x0 /Users/jkwang/Desktop/nacl_sdk/pepper_canary/toolchain/mac_pnacl/bin/../lib/clang/3.7.0/lib/i686-nacl/crtbeginT.o
 .rel.text.strcat
                0x0000000000000000        0x0 /Users/jkwang/Desktop/nacl_sdk/pepper_canary/toolchain/mac_pnacl/bin/../lib/clang/3.7.0/lib/i686-nacl/crtbeginT.o
 .rel.text._vfprintf_r
                0x0000000000000000        0x0 /Users/jkwang/Desktop/nacl_sdk/pepper_canary/toolchain/mac_pnacl/bin/../lib/clang/3.7.0/lib/i686-nacl/crtbeginT.o
 .rel.text.vsnprintf
                0x0000000000000000        0x0 /Users/jkwang/Desktop/nacl_sdk/pepper_canary/toolchain/mac_pnacl/bin/../lib/clang/3.7.0/lib/i686-nacl/crtbeginT.o
 .rel.text._vsnprintf_r
                0x0000000000000000        0x0 /Users/jkwang/Desktop/nacl_sdk/pepper_canary/toolchain/mac_pnacl/bin/../lib/clang/3.7.0/lib/i686-nacl/crtbeginT.o
 .rel.text.vsprintf
                0x0000000000000000        0x0 /Users/jkwang/Desktop/nacl_sdk/pepper_canary/toolchain/mac_pnacl/bin/../lib/clang/3.7.0/lib/i686-nacl/crtbeginT.o
 .rel.text._vsprintf_r
                0x0000000000000000        0x0 /Users/jkwang/Desktop/nacl_sdk/pepper_canary/toolchain/mac_pnacl/bin/../lib/clang/3.7.0/lib/i686-nacl/crtbeginT.o
 .rel.text._wcrtomb_r
                0x0000000000000000        0x0 /Users/jkwang/Desktop/nacl_sdk/pepper_canary/toolchain/mac_pnacl/bin/../lib/clang/3.7.0/lib/i686-nacl/crtbeginT.o
 .rel.text.wcrtomb
                0x0000000000000000        0x0 /Users/jkwang/Desktop/nacl_sdk/pepper_canary/toolchain/mac_pnacl/bin/../lib/clang/3.7.0/lib/i686-nacl/crtbeginT.o
 .rel.text._wcsrtombs_r
                0x0000000000000000        0x0 /Users/jkwang/Desktop/nacl_sdk/pepper_canary/toolchain/mac_pnacl/bin/../lib/clang/3.7.0/lib/i686-nacl/crtbeginT.o
 .rel.text.wcsrtombs
                0x0000000000000000        0x0 /Users/jkwang/Desktop/nacl_sdk/pepper_canary/toolchain/mac_pnacl/bin/../lib/clang/3.7.0/lib/i686-nacl/crtbeginT.o
 .rel.text._wctomb_r
                0x0000000000000000        0x0 /Users/jkwang/Desktop/nacl_sdk/pepper_canary/toolchain/mac_pnacl/bin/../lib/clang/3.7.0/lib/i686-nacl/crtbeginT.o
 .rel.text.__swsetup_r
                0x0000000000000000        0x0 /Users/jkwang/Desktop/nacl_sdk/pepper_canary/toolchain/mac_pnacl/bin/../lib/clang/3.7.0/lib/i686-nacl/crtbeginT.o
 .rel.text.__register_exitproc
                0x0000000000000000        0x0 /Users/jkwang/Desktop/nacl_sdk/pepper_canary/toolchain/mac_pnacl/bin/../lib/clang/3.7.0/lib/i686-nacl/crtbeginT.o
 .rel.text._dtoa_r
                0x0000000000000000        0x0 /Users/jkwang/Desktop/nacl_sdk/pepper_canary/toolchain/mac_pnacl/bin/../lib/clang/3.7.0/lib/i686-nacl/crtbeginT.o
 .rel.text.quorem
                0x0000000000000000        0x0 /Users/jkwang/Desktop/nacl_sdk/pepper_canary/toolchain/mac_pnacl/bin/../lib/clang/3.7.0/lib/i686-nacl/crtbeginT.o
 .rel.text.__sfvwrite_r
                0x0000000000000000        0x0 /Users/jkwang/Desktop/nacl_sdk/pepper_canary/toolchain/mac_pnacl/bin/../lib/clang/3.7.0/lib/i686-nacl/crtbeginT.o
 .rel.text._setlocale_r
                0x0000000000000000        0x0 /Users/jkwang/Desktop/nacl_sdk/pepper_canary/toolchain/mac_pnacl/bin/../lib/clang/3.7.0/lib/i686-nacl/crtbeginT.o
 .rel.text.loadlocale
                0x0000000000000000        0x0 /Users/jkwang/Desktop/nacl_sdk/pepper_canary/toolchain/mac_pnacl/bin/../lib/clang/3.7.0/lib/i686-nacl/crtbeginT.o
 .rel.text.__smakebuf_r
                0x0000000000000000        0x0 /Users/jkwang/Desktop/nacl_sdk/pepper_canary/toolchain/mac_pnacl/bin/../lib/clang/3.7.0/lib/i686-nacl/crtbeginT.o
 .rel.text.strcasecmp
                0x0000000000000000        0x0 /Users/jkwang/Desktop/nacl_sdk/pepper_canary/toolchain/mac_pnacl/bin/../lib/clang/3.7.0/lib/i686-nacl/crtbeginT.o
 .rel.text.strncasecmp
                0x0000000000000000        0x0 /Users/jkwang/Desktop/nacl_sdk/pepper_canary/toolchain/mac_pnacl/bin/../lib/clang/3.7.0/lib/i686-nacl/crtbeginT.o
 .rel.text._strtol_r
                0x0000000000000000        0x0 /Users/jkwang/Desktop/nacl_sdk/pepper_canary/toolchain/mac_pnacl/bin/../lib/clang/3.7.0/lib/i686-nacl/crtbeginT.o
 .rel.text._svfprintf_r
                0x0000000000000000        0x0 /Users/jkwang/Desktop/nacl_sdk/pepper_canary/toolchain/mac_pnacl/bin/../lib/clang/3.7.0/lib/i686-nacl/crtbeginT.o
 .rel.text.__sprint_r
                0x0000000000000000        0x0 /Users/jkwang/Desktop/nacl_sdk/pepper_canary/toolchain/mac_pnacl/bin/../lib/clang/3.7.0/lib/i686-nacl/crtbeginT.o
 .rel.text._vfiprintf_r
                0x0000000000000000        0x0 /Users/jkwang/Desktop/nacl_sdk/pepper_canary/toolchain/mac_pnacl/bin/../lib/clang/3.7.0/lib/i686-nacl/crtbeginT.o
 .rel.text._fputwc_r
                0x0000000000000000        0x0 /Users/jkwang/Desktop/nacl_sdk/pepper_canary/toolchain/mac_pnacl/bin/../lib/clang/3.7.0/lib/i686-nacl/crtbeginT.o
 .rel.text._svfiprintf_r
                0x0000000000000000        0x0 /Users/jkwang/Desktop/nacl_sdk/pepper_canary/toolchain/mac_pnacl/bin/../lib/clang/3.7.0/lib/i686-nacl/crtbeginT.o
 *(.rel.fini)
 *(.rel.rodata .rel.rodata.* .rel.gnu.linkonce.r.*)
 *(.rel.data.rel.ro .rel.data.rel.ro.* .rel.gnu.linkonce.d.rel.ro.*)
 *(.rel.data .rel.data.* .rel.gnu.linkonce.d.*)
 *(.rel.tdata .rel.tdata.* .rel.gnu.linkonce.td.*)
 *(.rel.tbss .rel.tbss.* .rel.gnu.linkonce.tb.*)
 *(.rel.ctors)
 *(.rel.dtors)
 *(.rel.got)
 .rel.got       0x0000000000000000        0x0 /Users/jkwang/Desktop/nacl_sdk/pepper_canary/toolchain/mac_pnacl/bin/../lib/clang/3.7.0/lib/i686-nacl/crtbeginT.o
 *(.rel.bss .rel.bss.* .rel.gnu.linkonce.b.*)
 *(.rel.ifunc)

.rel.plt        0x0000000010020134        0x0
 *(.rel.plt)
                0x0000000010020134                PROVIDE (__rel_iplt_start, .)
 *(.rel.iplt)
 .rel.iplt      0x0000000000000000        0x0 /Users/jkwang/Desktop/nacl_sdk/pepper_canary/toolchain/mac_pnacl/bin/../lib/clang/3.7.0/lib/i686-nacl/crtbeginT.o
                0x0000000010020134                PROVIDE (__rel_iplt_end, .)

.rodata         0x0000000010020140     0x13e8
 *(.rodata .rodata.* .gnu.linkonce.r.*)
 .rodata.str1.1
                0x0000000010020140       0xd6 clang-newlib/Release/debugging_x86_32.o
 .rodata        0x0000000010020216        0x6 clang-newlib/Release/debugging_x86_32.o
 .rodata.str1.1
                0x000000001002021c      0x1ba /Users/jkwang/Desktop/nacl_sdk/pepper_canary/lib/clang-newlib_x86_32/Release/liberror_handling.a(error_handling_x86_32.o)
                                        0x1c1 (size before relaxing)
 .rodata.str1.1
                0x00000000100203d6       0xad /Users/jkwang/Desktop/nacl_sdk/pepper_canary/toolchain/mac_pnacl/bin/../x86_64-nacl/lib32/libppapi_stub.a(ppapi_plugin_start.o)
 .rodata.str1.1
                0x0000000010020483       0x22 /Users/jkwang/Desktop/nacl_sdk/pepper_canary/toolchain/mac_pnacl/bin/../x86_64-nacl/lib32/libpthread.a(nc_thread.o)
 .rodata.str1.1
                0x00000000100204a5       0x14 /Users/jkwang/Desktop/nacl_sdk/pepper_canary/toolchain/mac_pnacl/bin/../x86_64-nacl/lib32/libpthread.a(valgrind_annotations.o)
                                         0x16 (size before relaxing)
 .rodata.str1.1
                0x00000000100204b9       0x27 /Users/jkwang/Desktop/nacl_sdk/pepper_canary/toolchain/mac_pnacl/bin/../x86_64-nacl/lib32/libpthread.a(nc_init_irt.o)
 .rodata.str1.1
                0x00000000100204e0       0x55 /Users/jkwang/Desktop/nacl_sdk/pepper_canary/toolchain/mac_pnacl/bin/../x86_64-nacl/lib32/libnacl.a(nacl_irt.o)
 *fill*         0x0000000010020535        0xb 
 .rodata.cst16  0x0000000010020540       0x50 /Users/jkwang/Desktop/nacl_sdk/pepper_canary/toolchain/mac_pnacl/bin/../x86_64-nacl/lib32/libnacl.a(malloc.o)
 .rodata.str1.1
                0x0000000010020590       0x4e /Users/jkwang/Desktop/nacl_sdk/pepper_canary/toolchain/mac_pnacl/bin/../x86_64-nacl/lib32/libnacl.a(malloc.o)
 .rodata.str1.1
                0x00000000100205de       0x88 /Users/jkwang/Desktop/nacl_sdk/pepper_canary/toolchain/mac_pnacl/bin/../x86_64-nacl/lib32/libnacl.a(nacl_irt_init.o)
 .rodata        0x0000000010020666       0x13 /Users/jkwang/Desktop/nacl_sdk/pepper_canary/toolchain/mac_pnacl/bin/../x86_64-nacl/lib32/libnacl.a(abort.o)
 *fill*         0x0000000010020679        0x3 
 .rodata._global_impure_ptr
                0x000000001002067c        0x4 /Users/jkwang/Desktop/nacl_sdk/pepper_canary/toolchain/mac_pnacl/bin/../x86_64-nacl/lib32/libcrt_common.a(lib_a-impure.o)
                0x000000001002067c                _global_impure_ptr
 .rodata.str1.1
                0x0000000000000000       0x88 /Users/jkwang/Desktop/nacl_sdk/pepper_canary/toolchain/mac_pnacl/bin/../x86_64-nacl/lib32/libcrt_common.a(lib_a-impure.o)
                                          0x2 (size before relaxing)
 .rodata.cst16  0x0000000010020680       0x20 /Users/jkwang/Desktop/nacl_sdk/pepper_canary/toolchain/mac_pnacl/bin/../x86_64-nacl/lib32/libcrt_common.a(lib_a-vfprintf.o)
 .rodata.cst8   0x00000000100206a0       0x20 /Users/jkwang/Desktop/nacl_sdk/pepper_canary/toolchain/mac_pnacl/bin/../x86_64-nacl/lib32/libcrt_common.a(lib_a-vfprintf.o)
 .rodata._vfprintf_r
                0x00000000100206c0      0x14c /Users/jkwang/Desktop/nacl_sdk/pepper_canary/toolchain/mac_pnacl/bin/../x86_64-nacl/lib32/libcrt_common.a(lib_a-vfprintf.o)
 .rodata._vfprintf_r.blanks
                0x000000001002080c       0x10 /Users/jkwang/Desktop/nacl_sdk/pepper_canary/toolchain/mac_pnacl/bin/../x86_64-nacl/lib32/libcrt_common.a(lib_a-vfprintf.o)
 .rodata._vfprintf_r.zeroes
                0x000000001002081c       0x10 /Users/jkwang/Desktop/nacl_sdk/pepper_canary/toolchain/mac_pnacl/bin/../x86_64-nacl/lib32/libcrt_common.a(lib_a-vfprintf.o)
 .rodata.str1.1
                0x000000001002082c       0x53 /Users/jkwang/Desktop/nacl_sdk/pepper_canary/toolchain/mac_pnacl/bin/../x86_64-nacl/lib32/libcrt_common.a(lib_a-vfprintf.o)
                                         0x55 (size before relaxing)
 *fill*         0x000000001002087f        0x1 
 .rodata.cst8   0x0000000010020880       0x50 /Users/jkwang/Desktop/nacl_sdk/pepper_canary/toolchain/mac_pnacl/bin/../x86_64-nacl/lib32/libcrt_common.a(lib_a-dtoa.o)
                                         0x58 (size before relaxing)
 .rodata.cst16  0x0000000000000000       0x10 /Users/jkwang/Desktop/nacl_sdk/pepper_canary/toolchain/mac_pnacl/bin/../x86_64-nacl/lib32/libcrt_common.a(lib_a-dtoa.o)
 .rodata._dtoa_r
                0x00000000100208d0       0x18 /Users/jkwang/Desktop/nacl_sdk/pepper_canary/toolchain/mac_pnacl/bin/../x86_64-nacl/lib32/libcrt_common.a(lib_a-dtoa.o)
 .rodata.str1.1
                0x00000000100208e8        0xd /Users/jkwang/Desktop/nacl_sdk/pepper_canary/toolchain/mac_pnacl/bin/../x86_64-nacl/lib32/libcrt_common.a(lib_a-dtoa.o)
                                          0xf (size before relaxing)
 *fill*         0x00000000100208f5        0x3 
 .rodata.loadlocale
                0x00000000100208f8       0xd4 /Users/jkwang/Desktop/nacl_sdk/pepper_canary/toolchain/mac_pnacl/bin/../x86_64-nacl/lib32/libcrt_common.a(lib_a-locale.o)
 .rodata.str1.1
                0x00000000100209cc       0xe8 /Users/jkwang/Desktop/nacl_sdk/pepper_canary/toolchain/mac_pnacl/bin/../x86_64-nacl/lib32/libcrt_common.a(lib_a-locale.o)
                                         0xf4 (size before relaxing)
 .rodata.categories
                0x0000000010020ab4       0x1c /Users/jkwang/Desktop/nacl_sdk/pepper_canary/toolchain/mac_pnacl/bin/../x86_64-nacl/lib32/libcrt_common.a(lib_a-locale.o)
 .rodata.__jis_mbtowc
                0x0000000010020ad0       0x18 /Users/jkwang/Desktop/nacl_sdk/pepper_canary/toolchain/mac_pnacl/bin/../x86_64-nacl/lib32/libcrt_common.a(lib_a-mbtowc_r.o)
 .rodata.JIS_action_table
                0x0000000010020ae8      0x120 /Users/jkwang/Desktop/nacl_sdk/pepper_canary/toolchain/mac_pnacl/bin/../x86_64-nacl/lib32/libcrt_common.a(lib_a-mbtowc_r.o)
 .rodata.JIS_state_table
                0x0000000010020c08      0x120 /Users/jkwang/Desktop/nacl_sdk/pepper_canary/toolchain/mac_pnacl/bin/../x86_64-nacl/lib32/libcrt_common.a(lib_a-mbtowc_r.o)
 .rodata.cst8   0x0000000010020d28        0x8 /Users/jkwang/Desktop/nacl_sdk/pepper_canary/toolchain/mac_pnacl/bin/../x86_64-nacl/lib32/libcrt_common.a(lib_a-mprec.o)
                                         0x18 (size before relaxing)
 .rodata.__pow5mult.p05
                0x0000000010020d30        0xc /Users/jkwang/Desktop/nacl_sdk/pepper_canary/toolchain/mac_pnacl/bin/../x86_64-nacl/lib32/libcrt_common.a(lib_a-mprec.o)
 *fill*         0x0000000010020d3c        0x4 
 .rodata.__mprec_tens
                0x0000000010020d40       0xc8 /Users/jkwang/Desktop/nacl_sdk/pepper_canary/toolchain/mac_pnacl/bin/../x86_64-nacl/lib32/libcrt_common.a(lib_a-mprec.o)
                0x0000000010020d40                __mprec_tens
 .rodata.__mprec_bigtens
                0x0000000010020e08       0x28 /Users/jkwang/Desktop/nacl_sdk/pepper_canary/toolchain/mac_pnacl/bin/../x86_64-nacl/lib32/libcrt_common.a(lib_a-mprec.o)
                0x0000000010020e08                __mprec_bigtens
 .rodata.__mprec_tinytens
                0x0000000010020e30       0x28 /Users/jkwang/Desktop/nacl_sdk/pepper_canary/toolchain/mac_pnacl/bin/../x86_64-nacl/lib32/libcrt_common.a(lib_a-mprec.o)
                0x0000000010020e30                __mprec_tinytens
 .rodata.cst8   0x0000000010020e58        0x8 /Users/jkwang/Desktop/nacl_sdk/pepper_canary/toolchain/mac_pnacl/bin/../x86_64-nacl/lib32/libcrt_common.a(lib_a-s_frexp.o)
 .rodata.cst16  0x0000000000000000       0x20 /Users/jkwang/Desktop/nacl_sdk/pepper_canary/toolchain/mac_pnacl/bin/../x86_64-nacl/lib32/libcrt_common.a(lib_a-svfprintf.o)
 .rodata.cst8   0x0000000000000000       0x20 /Users/jkwang/Desktop/nacl_sdk/pepper_canary/toolchain/mac_pnacl/bin/../x86_64-nacl/lib32/libcrt_common.a(lib_a-svfprintf.o)
 .rodata._svfprintf_r
                0x0000000010020e60      0x14c /Users/jkwang/Desktop/nacl_sdk/pepper_canary/toolchain/mac_pnacl/bin/../x86_64-nacl/lib32/libcrt_common.a(lib_a-svfprintf.o)
 .rodata._svfprintf_r.blanks
                0x0000000010020fac       0x10 /Users/jkwang/Desktop/nacl_sdk/pepper_canary/toolchain/mac_pnacl/bin/../x86_64-nacl/lib32/libcrt_common.a(lib_a-svfprintf.o)
 .rodata._svfprintf_r.zeroes
                0x0000000010020fbc       0x10 /Users/jkwang/Desktop/nacl_sdk/pepper_canary/toolchain/mac_pnacl/bin/../x86_64-nacl/lib32/libcrt_common.a(lib_a-svfprintf.o)
 .rodata.str1.1
                0x0000000000000000       0x55 /Users/jkwang/Desktop/nacl_sdk/pepper_canary/toolchain/mac_pnacl/bin/../x86_64-nacl/lib32/libcrt_common.a(lib_a-svfprintf.o)
 .rodata._vfiprintf_r
                0x0000000010020fcc      0x11c /Users/jkwang/Desktop/nacl_sdk/pepper_canary/toolchain/mac_pnacl/bin/../x86_64-nacl/lib32/libcrt_common.a(lib_a-vfiprintf.o)
 .rodata._vfiprintf_r.blanks
                0x00000000100210e8       0x10 /Users/jkwang/Desktop/nacl_sdk/pepper_canary/toolchain/mac_pnacl/bin/../x86_64-nacl/lib32/libcrt_common.a(lib_a-vfiprintf.o)
 .rodata._vfiprintf_r.zeroes
                0x00000000100210f8       0x10 /Users/jkwang/Desktop/nacl_sdk/pepper_canary/toolchain/mac_pnacl/bin/../x86_64-nacl/lib32/libcrt_common.a(lib_a-vfiprintf.o)
 .rodata.str1.1
                0x0000000000000000       0x43 /Users/jkwang/Desktop/nacl_sdk/pepper_canary/toolchain/mac_pnacl/bin/../x86_64-nacl/lib32/libcrt_common.a(lib_a-vfiprintf.o)
 .rodata._ctype_b
                0x0000000010021108      0x180 /Users/jkwang/Desktop/nacl_sdk/pepper_canary/toolchain/mac_pnacl/bin/../x86_64-nacl/lib32/libcrt_common.a(lib_a-ctype_.o)
 .rodata._ctype_
                0x0000000010021288      0x101 /Users/jkwang/Desktop/nacl_sdk/pepper_canary/toolchain/mac_pnacl/bin/../x86_64-nacl/lib32/libcrt_common.a(lib_a-ctype_.o)
                0x0000000010021288                _ctype_
 *fill*         0x0000000010021389        0x3 
 .rodata._svfiprintf_r
                0x000000001002138c      0x11c /Users/jkwang/Desktop/nacl_sdk/pepper_canary/toolchain/mac_pnacl/bin/../x86_64-nacl/lib32/libcrt_common.a(lib_a-svfiprintf.o)
 .rodata._svfiprintf_r.blanks
                0x00000000100214a8       0x10 /Users/jkwang/Desktop/nacl_sdk/pepper_canary/toolchain/mac_pnacl/bin/../x86_64-nacl/lib32/libcrt_common.a(lib_a-svfiprintf.o)
 .rodata._svfiprintf_r.zeroes
                0x00000000100214b8       0x10 /Users/jkwang/Desktop/nacl_sdk/pepper_canary/toolchain/mac_pnacl/bin/../x86_64-nacl/lib32/libcrt_common.a(lib_a-svfiprintf.o)
 .rodata.str1.1
                0x0000000000000000       0x43 /Users/jkwang/Desktop/nacl_sdk/pepper_canary/toolchain/mac_pnacl/bin/../x86_64-nacl/lib32/libcrt_common.a(lib_a-svfiprintf.o)
 .rodata.str1.1
                0x00000000100214c8       0x2c /Users/jkwang/Desktop/nacl_sdk/pepper_canary/toolchain/mac_pnacl/bin/../x86_64-nacl/lib32/libnacl.a(nacl_irt_fdio.o)
                                         0x42 (size before relaxing)
 .rodata        0x00000000100214f4       0x34 /Users/jkwang/Desktop/nacl_sdk/pepper_canary/toolchain/mac_pnacl/bin/../lib/clang/3.7.0/lib/i686-nacl/libgcc_eh.a(unwind-dw2-fde-glibc.o)

.rodata1
 *(.rodata1)

.eh_frame_hdr
 *(.eh_frame_hdr)

.eh_frame
 *(.eh_frame)

.gcc_except_table
 *(.gcc_except_table .gcc_except_table.*)

.exception_ranges
 *(.exception_ranges .exception_ranges*)
                0x0000000010021528                . = (ALIGN (0x10000) - ((0x10000 - .) & 0xffff))
                0x0000000010031528                . = DATA_SEGMENT_ALIGN (0x10000, 0x10000)

.eh_frame       0x0000000010031528     0x1380
 *(.eh_frame)
 .eh_frame      0x0000000010031528        0x0 /Users/jkwang/Desktop/nacl_sdk/pepper_canary/toolchain/mac_pnacl/bin/../lib/clang/3.7.0/lib/i686-nacl/crtbeginT.o
 .eh_frame      0x0000000010031528      0x3cc /Users/jkwang/Desktop/nacl_sdk/pepper_canary/toolchain/mac_pnacl/bin/../x86_64-nacl/lib32/libpthread.a(nc_thread.o)
 .eh_frame      0x00000000100318f4      0x144 /Users/jkwang/Desktop/nacl_sdk/pepper_canary/toolchain/mac_pnacl/bin/../x86_64-nacl/lib32/libpthread.a(nc_mutex.o)
                                        0x15c (size before relaxing)
 .eh_frame      0x0000000010031a38      0x110 /Users/jkwang/Desktop/nacl_sdk/pepper_canary/toolchain/mac_pnacl/bin/../x86_64-nacl/lib32/libpthread.a(nc_condvar.o)
                                        0x128 (size before relaxing)
 .eh_frame      0x0000000010031b48      0x2f8 /Users/jkwang/Desktop/nacl_sdk/pepper_canary/toolchain/mac_pnacl/bin/../x86_64-nacl/lib32/libpthread.a(valgrind_annotations.o)
                                        0x310 (size before relaxing)
 .eh_frame      0x0000000010031e40       0x14 /Users/jkwang/Desktop/nacl_sdk/pepper_canary/toolchain/mac_pnacl/bin/../x86_64-nacl/lib32/libpthread.a(nc_init_irt.o)
                                         0x2c (size before relaxing)
 .eh_frame      0x0000000010031e54      0x114 /Users/jkwang/Desktop/nacl_sdk/pepper_canary/toolchain/mac_pnacl/bin/../x86_64-nacl/lib32/libnacl.a(nacl_irt.o)
                                        0x12c (size before relaxing)
 .eh_frame      0x0000000010031f68       0x14 /Users/jkwang/Desktop/nacl_sdk/pepper_canary/toolchain/mac_pnacl/bin/../x86_64-nacl/lib32/libnacl.a(_exit.o)
                                         0x2c (size before relaxing)
 .eh_frame      0x0000000010031f7c       0x28 /Users/jkwang/Desktop/nacl_sdk/pepper_canary/toolchain/mac_pnacl/bin/../x86_64-nacl/lib32/libnacl.a(mmap.o)
                                         0x40 (size before relaxing)
 .eh_frame      0x0000000010031fa4       0x1c /Users/jkwang/Desktop/nacl_sdk/pepper_canary/toolchain/mac_pnacl/bin/../x86_64-nacl/lib32/libnacl.a(munmap.o)
                                         0x34 (size before relaxing)
 .eh_frame      0x0000000010031fc0       0x14 /Users/jkwang/Desktop/nacl_sdk/pepper_canary/toolchain/mac_pnacl/bin/../x86_64-nacl/lib32/libnacl.a(nacl_interface_query.o)
                                         0x2c (size before relaxing)
 .eh_frame      0x0000000010031fd4       0x20 /Users/jkwang/Desktop/nacl_sdk/pepper_canary/toolchain/mac_pnacl/bin/../x86_64-nacl/lib32/libnacl.a(write.o)
                                         0x38 (size before relaxing)
 .eh_frame      0x0000000010031ff4      0x3b8 /Users/jkwang/Desktop/nacl_sdk/pepper_canary/toolchain/mac_pnacl/bin/../x86_64-nacl/lib32/libnacl.a(malloc.o)
                                        0x3d0 (size before relaxing)
 .eh_frame      0x00000000100323ac       0x28 /Users/jkwang/Desktop/nacl_sdk/pepper_canary/toolchain/mac_pnacl/bin/../x86_64-nacl/lib32/libnacl.a(start.o)
                                         0x40 (size before relaxing)
 .eh_frame      0x00000000100323d4       0x14 /Users/jkwang/Desktop/nacl_sdk/pepper_canary/toolchain/mac_pnacl/bin/../x86_64-nacl/lib32/libnacl.a(nacl_read_tp.o)
                                         0x2c (size before relaxing)
 .eh_frame      0x00000000100323e8       0x1c /Users/jkwang/Desktop/nacl_sdk/pepper_canary/toolchain/mac_pnacl/bin/../x86_64-nacl/lib32/libnacl.a(pthread_initialize_minimal.o)
                                         0x34 (size before relaxing)
 .eh_frame      0x0000000010032404       0x54 /Users/jkwang/Desktop/nacl_sdk/pepper_canary/toolchain/mac_pnacl/bin/../x86_64-nacl/lib32/libnacl.a(tls.o)
                                         0x6c (size before relaxing)
 .eh_frame      0x0000000010032458       0x30 /Users/jkwang/Desktop/nacl_sdk/pepper_canary/toolchain/mac_pnacl/bin/../x86_64-nacl/lib32/libnacl.a(nacl_irt_init.o)
                                         0x48 (size before relaxing)
 .eh_frame      0x0000000010032488       0x14 /Users/jkwang/Desktop/nacl_sdk/pepper_canary/toolchain/mac_pnacl/bin/../x86_64-nacl/lib32/libnacl.a(nacl_tls_get.o)
                                         0x2c (size before relaxing)
 .eh_frame      0x000000001003249c       0x14 /Users/jkwang/Desktop/nacl_sdk/pepper_canary/toolchain/mac_pnacl/bin/../x86_64-nacl/lib32/libnacl.a(nacl_tls_init.o)
                                         0x2c (size before relaxing)
 .eh_frame      0x00000000100324b0       0x14 /Users/jkwang/Desktop/nacl_sdk/pepper_canary/toolchain/mac_pnacl/bin/../x86_64-nacl/lib32/libnacl.a(abort.o)
                                         0x2c (size before relaxing)
 .eh_frame      0x00000000100324c4       0x1c /Users/jkwang/Desktop/nacl_sdk/pepper_canary/toolchain/mac_pnacl/bin/../x86_64-nacl/lib32/libnacl.a(sched_yield.o)
                                         0x34 (size before relaxing)
 .eh_frame      0x00000000100324e0       0x1c /Users/jkwang/Desktop/nacl_sdk/pepper_canary/toolchain/mac_pnacl/bin/../x86_64-nacl/lib32/libnacl.a(sysconf.o)
                                         0x34 (size before relaxing)
 .eh_frame      0x00000000100324fc       0x1c /Users/jkwang/Desktop/nacl_sdk/pepper_canary/toolchain/mac_pnacl/bin/../x86_64-nacl/lib32/libnacl.a(close.o)
                                         0x34 (size before relaxing)
 .eh_frame      0x0000000010032518       0x1c /Users/jkwang/Desktop/nacl_sdk/pepper_canary/toolchain/mac_pnacl/bin/../x86_64-nacl/lib32/libnacl.a(fstat.o)
                                         0x34 (size before relaxing)
 .eh_frame      0x0000000010032534       0x20 /Users/jkwang/Desktop/nacl_sdk/pepper_canary/toolchain/mac_pnacl/bin/../x86_64-nacl/lib32/libnacl.a(isatty.o)
                                         0x38 (size before relaxing)
 .eh_frame      0x0000000010032554       0x24 /Users/jkwang/Desktop/nacl_sdk/pepper_canary/toolchain/mac_pnacl/bin/../x86_64-nacl/lib32/libnacl.a(lseek.o)
                                         0x3c (size before relaxing)
 .eh_frame      0x0000000010032578       0x1c /Users/jkwang/Desktop/nacl_sdk/pepper_canary/toolchain/mac_pnacl/bin/../x86_64-nacl/lib32/libnacl.a(nanosleep.o)
                                         0x34 (size before relaxing)