Archive member included because of file (symbol)

/Users/jkwang/Desktop/nacl_sdk/pepper_canary/lib/clang-newlib_x86_64/Release/liberror_handling.a(error_handling_x86_64.o)
                              clang-newlib/Release/debugging_x86_64.o (EHRequestExceptionsJson)
/Users/jkwang/Desktop/nacl_sdk/pepper_canary/lib/clang-newlib_x86_64/Release/liberror_handling.a(string_stream_x86_64.o)
                              /Users/jkwang/Desktop/nacl_sdk/pepper_canary/lib/clang-newlib_x86_64/Release/liberror_handling.a(error_handling_x86_64.o) (ssinit)
/Users/jkwang/Desktop/nacl_sdk/pepper_canary/toolchain/mac_pnacl/bin/../x86_64-nacl/lib/libppapi_stub.a(plugin_main_irt.o)
                              (main)
/Users/jkwang/Desktop/nacl_sdk/pepper_canary/toolchain/mac_pnacl/bin/../x86_64-nacl/lib/libppapi_stub.a(ppapi_plugin_main.o)
                              /Users/jkwang/Desktop/nacl_sdk/pepper_canary/toolchain/mac_pnacl/bin/../x86_64-nacl/lib/libppapi_stub.a(plugin_main_irt.o) (PpapiPluginMain)
/Users/jkwang/Desktop/nacl_sdk/pepper_canary/toolchain/mac_pnacl/bin/../x86_64-nacl/lib/libppapi_stub.a(ppapi_plugin_start.o)
                              /Users/jkwang/Desktop/nacl_sdk/pepper_canary/toolchain/mac_pnacl/bin/../x86_64-nacl/lib/libppapi_stub.a(ppapi_plugin_main.o) (PpapiPluginStart)
/Users/jkwang/Desktop/nacl_sdk/pepper_canary/toolchain/mac_pnacl/bin/../x86_64-nacl/lib/libppapi_stub.a(thread_creator.o)
                              /Users/jkwang/Desktop/nacl_sdk/pepper_canary/toolchain/mac_pnacl/bin/../x86_64-nacl/lib/libppapi_stub.a(ppapi_plugin_start.o) (__nacl_register_thread_creator)
/Users/jkwang/Desktop/nacl_sdk/pepper_canary/toolchain/mac_pnacl/bin/../x86_64-nacl/lib/libpthread.a(nc_thread.o)
                              clang-newlib/Release/debugging_x86_64.o (pthread_create)
/Users/jkwang/Desktop/nacl_sdk/pepper_canary/toolchain/mac_pnacl/bin/../x86_64-nacl/lib/libpthread.a(nc_mutex.o)
                              /Users/jkwang/Desktop/nacl_sdk/pepper_canary/toolchain/mac_pnacl/bin/../x86_64-nacl/lib/libpthread.a(nc_thread.o) (pthread_mutex_destroy)
/Users/jkwang/Desktop/nacl_sdk/pepper_canary/toolchain/mac_pnacl/bin/../x86_64-nacl/lib/libpthread.a(nc_condvar.o)
                              /Users/jkwang/Desktop/nacl_sdk/pepper_canary/toolchain/mac_pnacl/bin/../x86_64-nacl/lib/libpthread.a(nc_thread.o) (pthread_cond_destroy)
/Users/jkwang/Desktop/nacl_sdk/pepper_canary/toolchain/mac_pnacl/bin/../x86_64-nacl/lib/libpthread.a(valgrind_annotations.o)
                              /Users/jkwang/Desktop/nacl_sdk/pepper_canary/toolchain/mac_pnacl/bin/../x86_64-nacl/lib/libpthread.a(nc_thread.o) (NACL_AnnotateCondVarWait)
/Users/jkwang/Desktop/nacl_sdk/pepper_canary/toolchain/mac_pnacl/bin/../x86_64-nacl/lib/libpthread.a(nc_init_irt.o)
                              /Users/jkwang/Desktop/nacl_sdk/pepper_canary/toolchain/mac_pnacl/bin/../x86_64-nacl/lib/libpthread.a(nc_mutex.o) (__libnacl_irt_futex)
/Users/jkwang/Desktop/nacl_sdk/pepper_canary/toolchain/mac_pnacl/bin/../x86_64-nacl/lib/libnacl.a(nacl_irt.o)
                              /Users/jkwang/Desktop/nacl_sdk/pepper_canary/toolchain/mac_pnacl/bin/../x86_64-nacl/lib/libpthread.a(nc_init_irt.o) (__libnacl_mandatory_irt_query)
/Users/jkwang/Desktop/nacl_sdk/pepper_canary/toolchain/mac_pnacl/bin/../x86_64-nacl/lib/libnacl.a(_exit.o)
                              (_exit)
/Users/jkwang/Desktop/nacl_sdk/pepper_canary/toolchain/mac_pnacl/bin/../x86_64-nacl/lib/libnacl.a(mmap.o)
                              /Users/jkwang/Desktop/nacl_sdk/pepper_canary/lib/clang-newlib_x86_64/Release/liberror_handling.a(error_handling_x86_64.o) (mmap)
/Users/jkwang/Desktop/nacl_sdk/pepper_canary/toolchain/mac_pnacl/bin/../x86_64-nacl/lib/libnacl.a(munmap.o)
                              /Users/jkwang/Desktop/nacl_sdk/pepper_canary/lib/clang-newlib_x86_64/Release/liberror_handling.a(error_handling_x86_64.o) (munmap)
/Users/jkwang/Desktop/nacl_sdk/pepper_canary/toolchain/mac_pnacl/bin/../x86_64-nacl/lib/libnacl.a(nacl_interface_query.o)
                              /Users/jkwang/Desktop/nacl_sdk/pepper_canary/lib/clang-newlib_x86_64/Release/liberror_handling.a(error_handling_x86_64.o) (nacl_interface_query)
/Users/jkwang/Desktop/nacl_sdk/pepper_canary/toolchain/mac_pnacl/bin/../x86_64-nacl/lib/libnacl.a(write.o)
                              /Users/jkwang/Desktop/nacl_sdk/pepper_canary/toolchain/mac_pnacl/bin/../x86_64-nacl/lib/libppapi_stub.a(ppapi_plugin_start.o) (write)
/Users/jkwang/Desktop/nacl_sdk/pepper_canary/toolchain/mac_pnacl/bin/../x86_64-nacl/lib/libnacl.a(environ.o)
                              /Users/jkwang/Desktop/nacl_sdk/pepper_canary/toolchain/mac_pnacl/bin/../x86_64-nacl/lib/libppapi_stub.a(ppapi_plugin_start.o) (environ)
/Users/jkwang/Desktop/nacl_sdk/pepper_canary/toolchain/mac_pnacl/bin/../x86_64-nacl/lib/libnacl.a(malloc.o)
[...]
Memory Configuration

Name             Origin             Length             Attributes
*default*        0x0000000000000000 0xffffffffffffffff

Linker script and memory map

LOAD /Users/jkwang/Desktop/nacl_sdk/pepper_canary/toolchain/mac_pnacl/bin/../x86_64-nacl/lib/crt1.o
LOAD /Users/jkwang/Desktop/nacl_sdk/pepper_canary/toolchain/mac_pnacl/bin/../x86_64-nacl/lib/crti.o
LOAD /Users/jkwang/Desktop/nacl_sdk/pepper_canary/toolchain/mac_pnacl/bin/../lib/clang/3.7.0/lib/x86_64-nacl/crtbeginT.o
LOAD clang-newlib/Release/debugging_x86_64.o
LOAD /Users/jkwang/Desktop/nacl_sdk/pepper_canary/lib/clang-newlib_x86_64/Release/liberror_handling.a
LOAD /Users/jkwang/Desktop/nacl_sdk/pepper_canary/toolchain/mac_pnacl/bin/../x86_64-nacl/lib/libppapi.a
LOAD /Users/jkwang/Desktop/nacl_sdk/pepper_canary/toolchain/mac_pnacl/bin/../x86_64-nacl/lib/libppapi_stub.a
LOAD /Users/jkwang/Desktop/nacl_sdk/pepper_canary/toolchain/mac_pnacl/bin/../x86_64-nacl/lib/libpthread.a
LOAD /Users/jkwang/Desktop/nacl_sdk/pepper_canary/toolchain/mac_pnacl/bin/../x86_64-nacl/lib/libc++.a
LOAD /Users/jkwang/Desktop/nacl_sdk/pepper_canary/toolchain/mac_pnacl/bin/../x86_64-nacl/lib/libm.a
START GROUP
LOAD /Users/jkwang/Desktop/nacl_sdk/pepper_canary/toolchain/mac_pnacl/bin/../x86_64-nacl/lib/libc.a
START GROUP
LOAD /Users/jkwang/Desktop/nacl_sdk/pepper_canary/toolchain/mac_pnacl/bin/../x86_64-nacl/lib/libnacl.a
LOAD /Users/jkwang/Desktop/nacl_sdk/pepper_canary/toolchain/mac_pnacl/bin/../x86_64-nacl/lib/libcrt_common.a
END GROUP
LOAD /Users/jkwang/Desktop/nacl_sdk/pepper_canary/toolchain/mac_pnacl/bin/../x86_64-nacl/lib/libpthread.a
LOAD /Users/jkwang/Desktop/nacl_sdk/pepper_canary/toolchain/mac_pnacl/bin/../lib/clang/3.7.0/lib/x86_64-nacl/libgcc.a
LOAD /Users/jkwang/Desktop/nacl_sdk/pepper_canary/toolchain/mac_pnacl/bin/../lib/clang/3.7.0/lib/x86_64-nacl/libgcc_eh.a
END GROUP
LOAD /Users/jkwang/Desktop/nacl_sdk/pepper_canary/toolchain/mac_pnacl/bin/../lib/clang/3.7.0/lib/x86_64-nacl/crtend.o
LOAD /Users/jkwang/Desktop/nacl_sdk/pepper_canary/toolchain/mac_pnacl/bin/../x86_64-nacl/lib/crtn.o
                0x0000000000020000                PROVIDE (__executable_start, 0x20000)
                0x0000000000020000                . = 0x20000

.init
 *(SORT(.init))

.plt            0x0000000000020000        0x0
 *(.plt)
 *(.iplt)
 .iplt          0x0000000000000000        0x0 /Users/jkwang/Desktop/nacl_sdk/pepper_canary/toolchain/mac_pnacl/bin/../lib/clang/3.7.0/lib/x86_64-nacl/crtbeginT.o

.text           0x0000000000020000    0x295a0
 *(.text.unlikely .text.*_unlikely .text.unlikely.*)
 *(.text.exit .text.exit.*)
 .text.exit     0x0000000000020000       0x80 /Users/jkwang/Desktop/nacl_sdk/pepper_canary/toolchain/mac_pnacl/bin/../x86_64-nacl/lib/libcrt_common.a(lib_a-exit.o)
                0x0000000000020000                exit
 *(.text.startup .text.startup.*)
 *(.text.hot .text.hot.*)
 *(.text .stub .text.* .gnu.linkonce.t.*)
 .text          0x0000000000020080       0x40 /Users/jkwang/Desktop/nacl_sdk/pepper_canary/toolchain/mac_pnacl/bin/../x86_64-nacl/lib/crti.o
                0x0000000000020080                _init
                0x00000000000200a0                _fini
 .text          0x00000000000200c0       0x60 /Users/jkwang/Desktop/nacl_sdk/pepper_canary/toolchain/mac_pnacl/bin/../lib/clang/3.7.0/lib/x86_64-nacl/crtbeginT.o
 .text          0x0000000000020120      0x6e0 clang-newlib/Release/debugging_x86_64.o
                0x0000000000020120                layer5
                0x0000000000020160                layer4
                0x00000000000201a0                layer3
                0x00000000000201e0                layer2
                0x0000000000020220                layer1
                0x0000000000020260                NexeMain
                0x00000000000202c0                PostMessage
                0x0000000000020440                DumpJson
                0x0000000000020500                PPP_InitializeModule
                0x00000000000205a0                PPP_GetInterface
                0x00000000000207e0                PPP_ShutdownModule
 .text          0x0000000000020800      0x960 /Users/jkwang/Desktop/nacl_sdk/pepper_canary/lib/clang-newlib_x86_64/Release/liberror_handling.a(error_handling_x86_64.o)
                0x0000000000020800                EHGetTopFrame
                0x0000000000020860                EHUnwindFrame
                0x00000000000208e0                EHDefaultJsonHandler
                0x0000000000020cc0                EHRequestExceptionsRaw
                0x0000000000020ec0                EHRequestExceptionStackOnThread
                0x00000000000210c0                EHRequestExceptionsJson
                0x0000000000021120                EHHanderInstalled
 .text          0x0000000000021160      0x260 /Users/jkwang/Desktop/nacl_sdk/pepper_canary/lib/clang-newlib_x86_64/Release/liberror_handling.a(string_stream_x86_64.o)
                0x0000000000021160                ssinit
                0x00000000000211a0                ssfree
                0x0000000000021200                ssvprintf
                0x0000000000021300                ssprintf
 .text          0x00000000000213c0        0x0 /Users/jkwang/Desktop/nacl_sdk/pepper_canary/toolchain/mac_pnacl/bin/../x86_64-nacl/lib/libppapi_stub.a(plugin_main_irt.o)
 .text.main     0x00000000000213c0       0x20 /Users/jkwang/Desktop/nacl_sdk/pepper_canary/toolchain/mac_pnacl/bin/../x86_64-nacl/lib/libppapi_stub.a(plugin_main_irt.o)
                0x00000000000213c0                main
 .text          0x00000000000213e0        0x0 /Users/jkwang/Desktop/nacl_sdk/pepper_canary/toolchain/mac_pnacl/bin/../x86_64-nacl/lib/libppapi_stub.a(ppapi_plugin_main.o)
 .text.PpapiPluginMain
                0x00000000000213e0       0x20 /Users/jkwang/Desktop/nacl_sdk/pepper_canary/toolchain/mac_pnacl/bin/../x86_64-nacl/lib/libppapi_stub.a(ppapi_plugin_main.o)
                0x00000000000213e0                PpapiPluginMain
 .text          0x0000000000021400        0x0 /Users/jkwang/Desktop/nacl_sdk/pepper_canary/toolchain/mac_pnacl/bin/../x86_64-nacl/lib/libppapi_stub.a(ppapi_plugin_start.o)
 .text.PpapiPluginStart
                0x0000000000021400      0x140 /Users/jkwang/Desktop/nacl_sdk/pepper_canary/toolchain/mac_pnacl/bin/../x86_64-nacl/lib/libppapi_stub.a(ppapi_plugin_start.o)
                0x0000000000021400                PpapiPluginStart
 .text.fatal_error
                0x0000000000021540       0x60 /Users/jkwang/Desktop/nacl_sdk/pepper_canary/toolchain/mac_pnacl/bin/../x86_64-nacl/lib/libppapi_stub.a(ppapi_plugin_start.o)
 .text          0x00000000000215a0        0x0 /Users/jkwang/Desktop/nacl_sdk/pepper_canary/toolchain/mac_pnacl/bin/../x86_64-nacl/lib/libppapi_stub.a(thread_creator.o)
 .text.__nacl_register_thread_creator
                0x00000000000215a0       0x40 /Users/jkwang/Desktop/nacl_sdk/pepper_canary/toolchain/mac_pnacl/bin/../x86_64-nacl/lib/libppapi_stub.a(thread_creator.o)
                0x00000000000215a0                __nacl_register_thread_creator
 .text.thread_create
                0x00000000000215e0       0x40 /Users/jkwang/Desktop/nacl_sdk/pepper_canary/toolchain/mac_pnacl/bin/../x86_64-nacl/lib/libppapi_stub.a(thread_creator.o)
 .text.thread_join
                0x0000000000021620       0x20 /Users/jkwang/Desktop/nacl_sdk/pepper_canary/toolchain/mac_pnacl/bin/../x86_64-nacl/lib/libppapi_stub.a(thread_creator.o)
 .text          0x0000000000021640     0x1ba0 /Users/jkwang/Desktop/nacl_sdk/pepper_canary/toolchain/mac_pnacl/bin/../x86_64-nacl/lib/libpthread.a(nc_thread.o)
                0x0000000000021640                __nc_initialize_globals
                0x00000000000216c0                __nc_initialize_unjoinable_thread
                0x0000000000021780                __pthread_initialize
                0x00000000000218c0                pthread_create
                0x0000000000021f40                pthread_cleanup_push
                0x0000000000021fc0                pthread_cleanup_pop
                0x00000000000220a0                pthread_exit
                0x0000000000022600                __nc_tsd_exit
                0x00000000000227c0                pthread_join
                0x0000000000022980                pthread_self
                0x00000000000229c0                pthread_detach
                0x0000000000022aa0                pthread_kill
                0x0000000000022ac0                pthread_equal
                0x0000000000022ae0                pthread_setschedprio
                0x0000000000022b60                pthread_attr_init
                0x0000000000022ba0                pthread_attr_destroy
                0x0000000000022bc0                pthread_attr_setdetachstate
                0x0000000000022be0                pthread_attr_getdetachstate
                0x0000000000022c00                pthread_attr_setscope
                0x0000000000022c40                pthread_attr_getscope
                0x0000000000022c60                pthread_attr_setstacksize
                0x0000000000022ca0                pthread_attr_getstacksize
                0x0000000000022ce0                __local_lock_init
                0x0000000000022d60                __local_lock_init_recursive
                0x0000000000022de0                __local_lock_close
                0x0000000000022e00                __local_lock_close_recursive
                0x0000000000022e20                __local_lock_acquire
                0x0000000000022e40                __local_lock_acquire_recursive
                0x0000000000022e60                __local_lock_try_acquire
                0x0000000000022ea0                __local_lock_try_acquire_recursive
                0x0000000000022ee0                __local_lock_release
                0x0000000000022f00                __local_lock_release_recursive
                0x0000000000022f20                pthread_key_create
                0x0000000000022fe0                pthread_key_delete
                0x0000000000023040                pthread_setspecific
                0x0000000000023160                pthread_getspecific
 .text          0x00000000000231e0      0x880 /Users/jkwang/Desktop/nacl_sdk/pepper_canary/toolchain/mac_pnacl/bin/../x86_64-nacl/lib/libpthread.a(nc_mutex.o)
                0x00000000000231e0                pthread_mutex_init
                0x0000000000023240                pthread_mutex_destroy
                0x00000000000232a0                pthread_mutex_trylock
                0x0000000000023340                pthread_mutex_lock
                0x00000000000234e0                pthread_mutex_timedlock
                0x0000000000023700                pthread_mutex_unlock
                0x0000000000023820                pthread_once
                0x0000000000023980                pthread_mutexattr_init
                0x00000000000239a0                pthread_mutexattr_destroy
                0x00000000000239c0                pthread_mutexattr_settype
                0x00000000000239e0                pthread_mutexattr_gettype
                0x0000000000023a00                pthread_mutexattr_setpshared
                0x0000000000023a40                pthread_mutexattr_getpshared
 .text          0x0000000000023a60      0x3c0 /Users/jkwang/Desktop/nacl_sdk/pepper_canary/toolchain/mac_pnacl/bin/../x86_64-nacl/lib/libpthread.a(nc_condvar.o)
                0x0000000000023a60                pthread_cond_init
                0x0000000000023a80                pthread_cond_destroy
                0x0000000000023aa0                pthread_cond_signal
                0x0000000000023b00                pthread_cond_broadcast
                0x0000000000023b60                pthread_cond_wait
                0x0000000000023c40                pthread_cond_timedwait_abs
                0x0000000000023d20                pthread_condattr_init
                0x0000000000023d40                pthread_condattr_destroy
                0x0000000000023d60                pthread_condattr_getpshared
                0x0000000000023d80                pthread_condattr_setpshared
                0x0000000000023dc0                pthread_condattr_getclock
                0x0000000000023de0                pthread_condattr_setclock
 .text          0x0000000000023e20      0x500 /Users/jkwang/Desktop/nacl_sdk/pepper_canary/toolchain/mac_pnacl/bin/../x86_64-nacl/lib/libpthread.a(valgrind_annotations.o)
                0x0000000000023e20                NACL_AnnotateRWLockCreate
                0x0000000000023e40                NACL_AnnotateRWLockDestroy
                0x0000000000023e60                NACL_AnnotateRWLockAcquired
                0x0000000000023e80                NACL_AnnotateRWLockReleased
                0x0000000000023ea0                NACL_AnnotateBarrierInit
                0x0000000000023ec0                NACL_AnnotateBarrierWaitBefore
                0x0000000000023ee0                NACL_AnnotateBarrierWaitAfter
                0x0000000000023f00                NACL_AnnotateBarrierDestroy
                0x0000000000023f20                NACL_AnnotateCondVarWait
                0x0000000000023f40                NACL_AnnotateCondVarSignal
                0x0000000000023f60                NACL_AnnotateCondVarSignalAll
                0x0000000000023f80                NACL_AnnotateHappensBefore
                0x0000000000023fa0                NACL_AnnotateHappensAfter
                0x0000000000023fc0                NACL_AnnotatePublishMemoryRange
                0x0000000000023fe0                NACL_AnnotateUnpublishMemoryRange
                0x0000000000024000                NACL_AnnotatePCQCreate
                0x0000000000024020                NACL_AnnotatePCQDestroy
                0x0000000000024040                NACL_AnnotatePCQPut
                0x0000000000024060                NACL_AnnotatePCQGet
                0x0000000000024080                NACL_AnnotateNewMemory
                0x00000000000240a0                NACL_AnnotateExpectRace
                0x00000000000240c0                NACL_AnnotateFlushExpectedRaces
                0x00000000000240e0                NACL_AnnotateBenignRace
                0x0000000000024100                NACL_AnnotateBenignRaceSized
                0x0000000000024120                NACL_AnnotateMutexIsUsedAsCondVar
                0x0000000000024140                NACL_AnnotateMutexIsNotPHB
                0x0000000000024160                NACL_AnnotateTraceMemory
                0x0000000000024180                NACL_AnnotateThreadName
                0x00000000000241a0                NACL_AnnotateIgnoreReadsBegin
                0x00000000000241c0                NACL_AnnotateIgnoreReadsEnd
                0x00000000000241e0                NACL_AnnotateIgnoreWritesBegin
                0x0000000000024200                NACL_AnnotateIgnoreWritesEnd
                0x0000000000024220                NACL_AnnotateIgnoreSyncBegin
                0x0000000000024240                NACL_AnnotateIgnoreSyncEnd
                0x0000000000024260                NACL_AnnotateEnableRaceDetection
                0x0000000000024280                NACL_AnnotateNoOp
                0x00000000000242a0                NACL_AnnotateFlushState
                0x00000000000242c0                RunningOnValgrind
 .text          0x0000000000024320       0x40 /Users/jkwang/Desktop/nacl_sdk/pepper_canary/toolchain/mac_pnacl/bin/../x86_64-nacl/lib/libpthread.a(nc_init_irt.o)
                0x0000000000024320                __nc_initialize_interfaces
 .text          0x0000000000024360      0x320 /Users/jkwang/Desktop/nacl_sdk/pepper_canary/toolchain/mac_pnacl/bin/../x86_64-nacl/lib/libnacl.a(nacl_irt.o)
                0x0000000000024460                __libnacl_irt_query
                0x0000000000024560                __libnacl_mandatory_irt_query
                0x00000000000245e0                __libnacl_irt_init_fn
 .text          0x0000000000024680       0x40 /Users/jkwang/Desktop/nacl_sdk/pepper_canary/toolchain/mac_pnacl/bin/../x86_64-nacl/lib/libnacl.a(_exit.o)
                0x0000000000024680                _exit
 .text          0x00000000000246c0       0xa0 /Users/jkwang/Desktop/nacl_sdk/pepper_canary/toolchain/mac_pnacl/bin/../x86_64-nacl/lib/libnacl.a(mmap.o)
                0x00000000000246c0                mmap
 .text          0x0000000000024760       0x60 /Users/jkwang/Desktop/nacl_sdk/pepper_canary/toolchain/mac_pnacl/bin/../x86_64-nacl/lib/libnacl.a(munmap.o)
                0x0000000000024760                munmap
 .text          0x00000000000247c0       0x40 /Users/jkwang/Desktop/nacl_sdk/pepper_canary/toolchain/mac_pnacl/bin/../x86_64-nacl/lib/libnacl.a(nacl_interface_query.o)
                0x00000000000247c0                nacl_interface_query
 .text          0x0000000000024800       0xa0 /Users/jkwang/Desktop/nacl_sdk/pepper_canary/toolchain/mac_pnacl/bin/../x86_64-nacl/lib/libnacl.a(write.o)
                0x0000000000024800                write
 .text          0x00000000000248a0        0x0 /Users/jkwang/Desktop/nacl_sdk/pepper_canary/toolchain/mac_pnacl/bin/../x86_64-nacl/lib/libnacl.a(environ.o)
 .text          0x00000000000248a0     0x5ee0 /Users/jkwang/Desktop/nacl_sdk/pepper_canary/toolchain/mac_pnacl/bin/../x86_64-nacl/lib/libnacl.a(malloc.o)
                0x00000000000248a0                malloc
                0x0000000000026720                free
                0x0000000000027b00                calloc
                0x0000000000027ba0                realloc
                0x0000000000028320                realloc_in_place
                0x0000000000028440                memalign
                0x00000000000286e0                posix_memalign
                0x00000000000287a0                valloc
                0x0000000000028900                pvalloc
                0x0000000000028a60                independent_calloc
                0x0000000000028fe0                independent_comalloc
                0x0000000000029000                bulk_free
                0x00000000000291c0                malloc_trim
                0x0000000000029380                malloc_footprint
                0x00000000000293a0                malloc_max_footprint
                0x00000000000293c0                malloc_footprint_limit
                0x00000000000293e0                malloc_set_footprint_limit
                0x0000000000029420                mallinfo
                0x0000000000029740                malloc_stats
                0x0000000000029a80                mallopt
                0x0000000000029c20                malloc_usable_size
                0x0000000000029c60                _malloc_r
                0x0000000000029c80                _calloc_r
                0x0000000000029d20                _realloc_r
                0x0000000000029d40                _free_r
 .text          0x000000000002a780      0x140 /Users/jkwang/Desktop/nacl_sdk/pepper_canary/toolchain/mac_pnacl/bin/../x86_64-nacl/lib/libnacl.a(start.o)
                0x000000000002a780                _start
 .text          0x000000000002a8c0       0x40 /Users/jkwang/Desktop/nacl_sdk/pepper_canary/toolchain/mac_pnacl/bin/../x86_64-nacl/lib/libnacl.a(nacl_add_tp.o)
                0x000000000002a8c0                __nacl_add_tp
 .text          0x000000000002a900       0x20 /Users/jkwang/Desktop/nacl_sdk/pepper_canary/toolchain/mac_pnacl/bin/../x86_64-nacl/lib/libnacl.a(nacl_read_tp.o)
                0x000000000002a900                __nacl_read_tp
 .text          0x000000000002a920       0xe0 /Users/jkwang/Desktop/nacl_sdk/pepper_canary/toolchain/mac_pnacl/bin/../x86_64-nacl/lib/libnacl.a(pthread_initialize_minimal.o)
                0x000000000002a920                __pthread_initialize_minimal
 .text          0x000000000002aa00      0x380 /Users/jkwang/Desktop/nacl_sdk/pepper_canary/toolchain/mac_pnacl/bin/../x86_64-nacl/lib/libnacl.a(tls.o)
                0x000000000002aa00                __nacl_tls_initialize_memory
                0x000000000002ad20                __nacl_tls_combined_size
 .text          0x000000000002ad80      0x180 /Users/jkwang/Desktop/nacl_sdk/pepper_canary/toolchain/mac_pnacl/bin/../x86_64-nacl/lib/libnacl.a(nacl_irt_init.o)
                0x000000000002ad80                __libnacl_irt_init
 .text          0x000000000002af00       0x20 /Users/jkwang/Desktop/nacl_sdk/pepper_canary/toolchain/mac_pnacl/bin/../x86_64-nacl/lib/libnacl.a(nacl_tls_get.o)
                0x000000000002af00                nacl_tls_get
 .text          0x000000000002af20       0x20 /Users/jkwang/Desktop/nacl_sdk/pepper_canary/toolchain/mac_pnacl/bin/../x86_64-nacl/lib/libnacl.a(nacl_tls_init.o)
                0x000000000002af20                nacl_tls_init
 .text          0x000000000002af40       0x40 /Users/jkwang/Desktop/nacl_sdk/pepper_canary/toolchain/mac_pnacl/bin/../x86_64-nacl/lib/libnacl.a(abort.o)
                0x000000000002af40                abort
 .text          0x000000000002af80       0x60 /Users/jkwang/Desktop/nacl_sdk/pepper_canary/toolchain/mac_pnacl/bin/../x86_64-nacl/lib/libnacl.a(sched_yield.o)
                0x000000000002af80                sched_yield
 .text          0x000000000002afe0       0xa0 /Users/jkwang/Desktop/nacl_sdk/pepper_canary/toolchain/mac_pnacl/bin/../x86_64-nacl/lib/libnacl.a(sysconf.o)
                0x000000000002afe0                sysconf
 .text          0x000000000002b080        0x0 /Users/jkwang/Desktop/nacl_sdk/pepper_canary/toolchain/mac_pnacl/bin/../x86_64-nacl/lib/libcrt_common.a(lib_a-atexit.o)
 .text.atexit   0x000000000002b080       0x40 /Users/jkwang/Desktop/nacl_sdk/pepper_canary/toolchain/mac_pnacl/bin/../x86_64-nacl/lib/libcrt_common.a(lib_a-atexit.o)
                0x000000000002b080                atexit
 .text          0x000000000002b0c0        0x0 /Users/jkwang/Desktop/nacl_sdk/pepper_canary/toolchain/mac_pnacl/bin/../x86_64-nacl/lib/libcrt_common.a(lib_a-errno.o)
 .text.__errno  0x000000000002b0c0       0x60 /Users/jkwang/Desktop/nacl_sdk/pepper_canary/toolchain/mac_pnacl/bin/../x86_64-nacl/lib/libcrt_common.a(lib_a-errno.o)
                0x000000000002b0c0                __errno
 .text          0x000000000002b120        0x0 /Users/jkwang/Desktop/nacl_sdk/pepper_canary/toolchain/mac_pnacl/bin/../x86_64-nacl/lib/libcrt_common.a(lib_a-exit.o)
 .text          0x000000000002b120        0x0 /Users/jkwang/Desktop/nacl_sdk/pepper_canary/toolchain/mac_pnacl/bin/../x86_64-nacl/lib/libcrt_common.a(lib_a-fflush.o)
 .text.__sflush_r
                0x000000000002b120      0x360 /Users/jkwang/Desktop/nacl_sdk/pepper_canary/toolchain/mac_pnacl/bin/../x86_64-nacl/lib/libcrt_common.a(lib_a-fflush.o)
                0x000000000002b120                __sflush_r
 .text._fflush_r
                0x000000000002b480      0x100 /Users/jkwang/Desktop/nacl_sdk/pepper_canary/toolchain/mac_pnacl/bin/../x86_64-nacl/lib/libcrt_common.a(lib_a-fflush.o)
                0x000000000002b480                _fflush_r
 .text.fflush   0x000000000002b580      0x160 /Users/jkwang/Desktop/nacl_sdk/pepper_canary/toolchain/mac_pnacl/bin/../x86_64-nacl/lib/libcrt_common.a(lib_a-fflush.o)
                0x000000000002b580                fflush
 .text          0x000000000002b6e0        0x0 /Users/jkwang/Desktop/nacl_sdk/pepper_canary/toolchain/mac_pnacl/bin/../x86_64-nacl/lib/libcrt_common.a(lib_a-findfp.o)
 .text.__sfmoreglue
                0x000000000002b6e0       0xc0 /Users/jkwang/Desktop/nacl_sdk/pepper_canary/toolchain/mac_pnacl/bin/../x86_64-nacl/lib/libcrt_common.a(lib_a-findfp.o)
                0x000000000002b6e0                __sfmoreglue
 .text.__sfp    0x000000000002b7a0      0x2a0 /Users/jkwang/Desktop/nacl_sdk/pepper_canary/toolchain/mac_pnacl/bin/../x86_64-nacl/lib/libcrt_common.a(lib_a-findfp.o)
                0x000000000002b7a0                __sfp
 .text.__sinit  0x000000000002ba40      0x420 /Users/jkwang/Desktop/nacl_sdk/pepper_canary/toolchain/mac_pnacl/bin/../x86_64-nacl/lib/libcrt_common.a(lib_a-findfp.o)
                0x000000000002ba40                __sinit
 .text.__sfp_lock_acquire
                0x000000000002be60       0x20 /Users/jkwang/Desktop/nacl_sdk/pepper_canary/toolchain/mac_pnacl/bin/../x86_64-nacl/lib/libcrt_common.a(lib_a-findfp.o)
                0x000000000002be60                __sfp_lock_acquire
 .text.__sfp_lock_release
                0x000000000002be80       0x20 /Users/jkwang/Desktop/nacl_sdk/pepper_canary/toolchain/mac_pnacl/bin/../x86_64-nacl/lib/libcrt_common.a(lib_a-findfp.o)
                0x000000000002be80                __sfp_lock_release
 .text._cleanup_r
                0x000000000002bea0       0x20 /Users/jkwang/Desktop/nacl_sdk/pepper_canary/toolchain/mac_pnacl/bin/../x86_64-nacl/lib/libcrt_common.a(lib_a-findfp.o)
                0x000000000002bea0                _cleanup_r
 .text._cleanup
                0x000000000002bec0       0x40 /Users/jkwang/Desktop/nacl_sdk/pepper_canary/toolchain/mac_pnacl/bin/../x86_64-nacl/lib/libcrt_common.a(lib_a-findfp.o)
                0x000000000002bec0                _cleanup
 .text.__sinit_lock_acquire
                0x000000000002bf00       0x20 /Users/jkwang/Desktop/nacl_sdk/pepper_canary/toolchain/mac_pnacl/bin/../x86_64-nacl/lib/libcrt_common.a(lib_a-findfp.o)
                0x000000000002bf00                __sinit_lock_acquire
 .text.__sinit_lock_release
                0x000000000002bf20       0x20 /Users/jkwang/Desktop/nacl_sdk/pepper_canary/toolchain/mac_pnacl/bin/../x86_64-nacl/lib/libcrt_common.a(lib_a-findfp.o)
                0x000000000002bf20                __sinit_lock_release
 .text.__fp_lock_all
                0x000000000002bf40       0x80 /Users/jkwang/Desktop/nacl_sdk/pepper_canary/toolchain/mac_pnacl/bin/../x86_64-nacl/lib/libcrt_common.a(lib_a-findfp.o)
                0x000000000002bf40                __fp_lock_all
 .text.__fp_lock
                0x000000000002bfc0       0x40 /Users/jkwang/Desktop/nacl_sdk/pepper_canary/toolchain/mac_pnacl/bin/../x86_64-nacl/lib/libcrt_common.a(lib_a-findfp.o)
 .text.__fp_unlock_all
                0x000000000002c000       0x60 /Users/jkwang/Desktop/nacl_sdk/pepper_canary/toolchain/mac_pnacl/bin/../x86_64-nacl/lib/libcrt_common.a(lib_a-findfp.o)
                0x000000000002c000                __fp_unlock_all
 .text.__fp_unlock
                0x000000000002c060       0x40 /Users/jkwang/Desktop/nacl_sdk/pepper_canary/toolchain/mac_pnacl/bin/../x86_64-nacl/lib/libcrt_common.a(lib_a-findfp.o)
 .text          0x000000000002c0a0        0x0 /Users/jkwang/Desktop/nacl_sdk/pepper_canary/toolchain/mac_pnacl/bin/../x86_64-nacl/lib/libcrt_common.a(lib_a-fini.o)
 .text.__libc_fini_array
                0x000000000002c0a0       0xa0 /Users/jkwang/Desktop/nacl_sdk/pepper_canary/toolchain/mac_pnacl/bin/../x86_64-nacl/lib/libcrt_common.a(lib_a-fini.o)
                0x000000000002c0a0                __libc_fini_array
 .text          0x000000000002c140        0x0 /Users/jkwang/Desktop/nacl_sdk/pepper_canary/toolchain/mac_pnacl/bin/../x86_64-nacl/lib/libcrt_common.a(lib_a-fprintf.o)
 .text._fprintf_r
                0x000000000002c140       0xe0 /Users/jkwang/Desktop/nacl_sdk/pepper_canary/toolchain/mac_pnacl/bin/../x86_64-nacl/lib/libcrt_common.a(lib_a-fprintf.o)
                0x000000000002c140                _fprintf_r
 .text.fprintf  0x000000000002c220      0x120 /Users/jkwang/Desktop/nacl_sdk/pepper_canary/toolchain/mac_pnacl/bin/../x86_64-nacl/lib/libcrt_common.a(lib_a-fprintf.o)
                0x000000000002c220                fprintf
 .text          0x000000000002c340        0x0 /Users/jkwang/Desktop/nacl_sdk/pepper_canary/toolchain/mac_pnacl/bin/../x86_64-nacl/lib/libcrt_common.a(lib_a-fwalk.o)
 .text._fwalk   0x000000000002c340      0x1c0 /Users/jkwang/Desktop/nacl_sdk/pepper_canary/toolchain/mac_pnacl/bin/../x86_64-nacl/lib/libcrt_common.a(lib_a-fwalk.o)
                0x000000000002c340                _fwalk
 .text._fwalk_reent
                0x000000000002c500      0x160 /Users/jkwang/Desktop/nacl_sdk/pepper_canary/toolchain/mac_pnacl/bin/../x86_64-nacl/lib/libcrt_common.a(lib_a-fwalk.o)
                0x000000000002c500                _fwalk_reent
 .text          0x000000000002c660        0x0 /Users/jkwang/Desktop/nacl_sdk/pepper_canary/toolchain/mac_pnacl/bin/../x86_64-nacl/lib/libcrt_common.a(lib_a-fwrite.o)
 .text._fwrite_r
                0x000000000002c660      0x180 /Users/jkwang/Desktop/nacl_sdk/pepper_canary/toolchain/mac_pnacl/bin/../x86_64-nacl/lib/libcrt_common.a(lib_a-fwrite.o)
                0x000000000002c660                _fwrite_r
 .text.fwrite   0x000000000002c7e0       0x80 /Users/jkwang/Desktop/nacl_sdk/pepper_canary/toolchain/mac_pnacl/bin/../x86_64-nacl/lib/libcrt_common.a(lib_a-fwrite.o)
                0x000000000002c7e0                fwrite
 .text          0x000000000002c860        0x0 /Users/jkwang/Desktop/nacl_sdk/pepper_canary/toolchain/mac_pnacl/bin/../x86_64-nacl/lib/libcrt_common.a(lib_a-getenv.o)
 .text._findenv
                0x000000000002c860       0x60 /Users/jkwang/Desktop/nacl_sdk/pepper_canary/toolchain/mac_pnacl/bin/../x86_64-nacl/lib/libcrt_common.a(lib_a-getenv.o)
                0x000000000002c860                _findenv
 .text.getenv   0x000000000002c8c0       0x80 /Users/jkwang/Desktop/nacl_sdk/pepper_canary/toolchain/mac_pnacl/bin/../x86_64-nacl/lib/libcrt_common.a(lib_a-getenv.o)
                0x000000000002c8c0                getenv
 .text          0x000000000002c940        0x0 /Users/jkwang/Desktop/nacl_sdk/pepper_canary/toolchain/mac_pnacl/bin/../x86_64-nacl/lib/libcrt_common.a(lib_a-getenv_r.o)
 .text._findenv_r
                0x000000000002c940      0x160 /Users/jkwang/Desktop/nacl_sdk/pepper_canary/toolchain/mac_pnacl/bin/../x86_64-nacl/lib/libcrt_common.a(lib_a-getenv_r.o)
                0x000000000002c940                _findenv_r
 .text._getenv_r
                0x000000000002caa0       0x60 /Users/jkwang/Desktop/nacl_sdk/pepper_canary/toolchain/mac_pnacl/bin/../x86_64-nacl/lib/libcrt_common.a(lib_a-getenv_r.o)
                0x000000000002caa0                _getenv_r
 .text          0x000000000002cb00        0x0 /Users/jkwang/Desktop/nacl_sdk/pepper_canary/toolchain/mac_pnacl/bin/../x86_64-nacl/lib/libcrt_common.a(lib_a-impure.o)
 .text.__newlib_thread_init
                0x000000000002cb00       0x80 /Users/jkwang/Desktop/nacl_sdk/pepper_canary/toolchain/mac_pnacl/bin/../x86_64-nacl/lib/libcrt_common.a(lib_a-impure.o)
                0x000000000002cb00                __newlib_thread_init
 .text.__newlib_thread_exit
                0x000000000002cb80       0x40 /Users/jkwang/Desktop/nacl_sdk/pepper_canary/toolchain/mac_pnacl/bin/../x86_64-nacl/lib/libcrt_common.a(lib_a-impure.o)
                0x000000000002cb80                __newlib_thread_exit
 .text          0x000000000002cbc0        0x0 /Users/jkwang/Desktop/nacl_sdk/pepper_canary/toolchain/mac_pnacl/bin/../x86_64-nacl/lib/libcrt_common.a(lib_a-init.o)
 .text.__libc_init_array
                0x000000000002cbc0      0x120 /Users/jkwang/Desktop/nacl_sdk/pepper_canary/toolchain/mac_pnacl/bin/../x86_64-nacl/lib/libcrt_common.a(lib_a-init.o)
                0x000000000002cbc0                __libc_init_array
 .text          0x000000000002cce0      0x1c0 /Users/jkwang/Desktop/nacl_sdk/pepper_canary/toolchain/mac_pnacl/bin/../x86_64-nacl/lib/libcrt_common.a(lib_a-memcpy.o)
                0x000000000002cce0                memcpy
 .text          0x000000000002cea0      0x14f /Users/jkwang/Desktop/nacl_sdk/pepper_canary/toolchain/mac_pnacl/bin/../x86_64-nacl/lib/libcrt_common.a(lib_a-memset.o)
                0x000000000002cea0                memset
 *fill*         0x000000000002cfef        0x1 
 .text          0x000000000002cff0        0x0 /Users/jkwang/Desktop/nacl_sdk/pepper_canary/toolchain/mac_pnacl/bin/../x86_64-nacl/lib/libcrt_common.a(lib_a-sleep.o)
 *fill*         0x000000000002cff0       0x10 
 .text.sleep    0x000000000002d000       0xa0 /Users/jkwang/Desktop/nacl_sdk/pepper_canary/toolchain/mac_pnacl/bin/../x86_64-nacl/lib/libcrt_common.a(lib_a-sleep.o)
                0x000000000002d000                sleep
 .text          0x000000000002d0a0        0x0 /Users/jkwang/Desktop/nacl_sdk/pepper_canary/toolchain/mac_pnacl/bin/../x86_64-nacl/lib/libcrt_common.a(lib_a-stdio.o)
 .text.__sread  0x000000000002d0a0       0x60 /Users/jkwang/Desktop/nacl_sdk/pepper_canary/toolchain/mac_pnacl/bin/../x86_64-nacl/lib/libcrt_common.a(lib_a-stdio.o)
                0x000000000002d0a0                __sread
 .text.__seofread
                0x000000000002d100       0x40 /Users/jkwang/Desktop/nacl_sdk/pepper_canary/toolchain/mac_pnacl/bin/../x86_64-nacl/lib/libcrt_common.a(lib_a-stdio.o)
                0x000000000002d100                __seofread
 .text.__swrite
                0x000000000002d140       0xa0 /Users/jkwang/Desktop/nacl_sdk/pepper_canary/toolchain/mac_pnacl/bin/../x86_64-nacl/lib/libcrt_common.a(lib_a-stdio.o)
                0x000000000002d140                __swrite
 .text.__sseek  0x000000000002d1e0       0xa0 /Users/jkwang/Desktop/nacl_sdk/pepper_canary/toolchain/mac_pnacl/bin/../x86_64-nacl/lib/libcrt_common.a(lib_a-stdio.o)
                0x000000000002d1e0                __sseek
 .text.__sclose
                0x000000000002d280       0x40 /Users/jkwang/Desktop/nacl_sdk/pepper_canary/toolchain/mac_pnacl/bin/../x86_64-nacl/lib/libcrt_common.a(lib_a-stdio.o)
                0x000000000002d280                __sclose
 .text          0x000000000002d2c0        0x0 /Users/jkwang/Desktop/nacl_sdk/pepper_canary/toolchain/mac_pnacl/bin/../x86_64-nacl/lib/libcrt_common.a(lib_a-strcat.o)
 .text.strcat   0x000000000002d2c0       0xa0 /Users/jkwang/Desktop/nacl_sdk/pepper_canary/toolchain/mac_pnacl/bin/../x86_64-nacl/lib/libcrt_common.a(lib_a-strcat.o)
                0x000000000002d2c0                strcat
 .text          0x000000000002d360        0x0 /Users/jkwang/Desktop/nacl_sdk/pepper_canary/toolchain/mac_pnacl/bin/../x86_64-nacl/lib/libcrt_common.a(lib_a-strcmp.o)
 .text.strcmp   0x000000000002d360       0xc0 /Users/jkwang/Desktop/nacl_sdk/pepper_canary/toolchain/mac_pnacl/bin/../x86_64-nacl/lib/libcrt_common.a(lib_a-strcmp.o)
                0x000000000002d360                strcmp
 .text          0x000000000002d420        0x0 /Users/jkwang/Desktop/nacl_sdk/pepper_canary/toolchain/mac_pnacl/bin/../x86_64-nacl/lib/libcrt_common.a(lib_a-strcpy.o)
 .text.strcpy   0x000000000002d420       0xc0 /Users/jkwang/Desktop/nacl_sdk/pepper_canary/toolchain/mac_pnacl/bin/../x86_64-nacl/lib/libcrt_common.a(lib_a-strcpy.o)
                0x000000000002d420                strcpy
 .text          0x000000000002d4e0        0x0 /Users/jkwang/Desktop/nacl_sdk/pepper_canary/toolchain/mac_pnacl/bin/../x86_64-nacl/lib/libcrt_common.a(lib_a-strlen.o)
 .text.strlen   0x000000000002d4e0       0xa0 /Users/jkwang/Desktop/nacl_sdk/pepper_canary/toolchain/mac_pnacl/bin/../x86_64-nacl/lib/libcrt_common.a(lib_a-strlen.o)
                0x000000000002d4e0                strlen
 .text          0x000000000002d580        0x0 /Users/jkwang/Desktop/nacl_sdk/pepper_canary/toolchain/mac_pnacl/bin/../x86_64-nacl/lib/libcrt_common.a(lib_a-strncmp.o)
 .text.strncmp  0x000000000002d580      0x100 /Users/jkwang/Desktop/nacl_sdk/pepper_canary/toolchain/mac_pnacl/bin/../x86_64-nacl/lib/libcrt_common.a(lib_a-strncmp.o)
                0x000000000002d580                strncmp
 .text          0x000000000002d680        0x0 /Users/jkwang/Desktop/nacl_sdk/pepper_canary/toolchain/mac_pnacl/bin/../x86_64-nacl/lib/libcrt_common.a(lib_a-vfprintf.o)
 .text.vfprintf
                0x000000000002d680       0x60 /Users/jkwang/Desktop/nacl_sdk/pepper_canary/toolchain/mac_pnacl/bin/../x86_64-nacl/lib/libcrt_common.a(lib_a-vfprintf.o)
                0x000000000002d680                vfprintf
 .text._vfprintf_r
                0x000000000002d6e0     0x4700 /Users/jkwang/Desktop/nacl_sdk/pepper_canary/toolchain/mac_pnacl/bin/../x86_64-nacl/lib/libcrt_common.a(lib_a-vfprintf.o)
                0x000000000002d6e0                _vfprintf_r
 .text.__sbprintf
                0x0000000000031de0      0x180 /Users/jkwang/Desktop/nacl_sdk/pepper_canary/toolchain/mac_pnacl/bin/../x86_64-nacl/lib/libcrt_common.a(lib_a-vfprintf.o)
 .text          0x0000000000031f60        0x0 /Users/jkwang/Desktop/nacl_sdk/pepper_canary/toolchain/mac_pnacl/bin/../x86_64-nacl/lib/libcrt_common.a(lib_a-vsnprintf.o)
 .text.vsnprintf
                0x0000000000031f60      0x140 /Users/jkwang/Desktop/nacl_sdk/pepper_canary/toolchain/mac_pnacl/bin/../x86_64-nacl/lib/libcrt_common.a(lib_a-vsnprintf.o)
                0x0000000000031f60                vsnprintf
 .text._vsnprintf_r
                0x00000000000320a0      0x100 /Users/jkwang/Desktop/nacl_sdk/pepper_canary/toolchain/mac_pnacl/bin/../x86_64-nacl/lib/libcrt_common.a(lib_a-vsnprintf.o)
                0x00000000000320a0                _vsnprintf_r
 .text          0x00000000000321a0        0x0 /Users/jkwang/Desktop/nacl_sdk/pepper_canary/toolchain/mac_pnacl/bin/../x86_64-nacl/lib/libcrt_common.a(lib_a-vsprintf.o)
 .text.vsprintf
                0x00000000000321a0       0xe0 /Users/jkwang/Desktop/nacl_sdk/pepper_canary/toolchain/mac_pnacl/bin/../x86_64-nacl/lib/libcrt_common.a(lib_a-vsprintf.o)
                0x00000000000321a0                vsprintf
 .text._vsprintf_r
                0x0000000000032280       0xa0 /Users/jkwang/Desktop/nacl_sdk/pepper_canary/toolchain/mac_pnacl/bin/../x86_64-nacl/lib/libcrt_common.a(lib_a-vsprintf.o)
                0x0000000000032280                _vsprintf_r
 .text          0x0000000000032320        0x0 /Users/jkwang/Desktop/nacl_sdk/pepper_canary/toolchain/mac_pnacl/bin/../x86_64-nacl/lib/libcrt_common.a(lib_a-wcrtomb.o)
 .text._wcrtomb_r
                0x0000000000032320      0x140 /Users/jkwang/Desktop/nacl_sdk/pepper_canary/toolchain/mac_pnacl/bin/../x86_64-nacl/lib/libcrt_common.a(lib_a-wcrtomb.o)
                0x0000000000032320                _wcrtomb_r
 .text.wcrtomb  0x0000000000032460      0x140 /Users/jkwang/Desktop/nacl_sdk/pepper_canary/toolchain/mac_pnacl/bin/../x86_64-nacl/lib/libcrt_common.a(lib_a-wcrtomb.o)
                0x0000000000032460                wcrtomb
 .text          0x00000000000325a0        0x0 /Users/jkwang/Desktop/nacl_sdk/pepper_canary/toolchain/mac_pnacl/bin/../x86_64-nacl/lib/libcrt_common.a(lib_a-wcsrtombs.o)
 .text._wcsrtombs_r
                0x00000000000325a0       0x40 /Users/jkwang/Desktop/nacl_sdk/pepper_canary/toolchain/mac_pnacl/bin/../x86_64-nacl/lib/libcrt_common.a(lib_a-wcsrtombs.o)
                0x00000000000325a0                _wcsrtombs_r
 .text.wcsrtombs
                0x00000000000325e0       0x80 /Users/jkwang/Desktop/nacl_sdk/pepper_canary/toolchain/mac_pnacl/bin/../x86_64-nacl/lib/libcrt_common.a(lib_a-wcsrtombs.o)
                0x00000000000325e0                wcsrtombs
 .text          0x0000000000032660        0x0 /Users/jkwang/Desktop/nacl_sdk/pepper_canary/toolchain/mac_pnacl/bin/../x86_64-nacl/lib/libcrt_common.a(lib_a-wctomb_r.o)
 .text.__ascii_wctomb
                0x0000000000032660       0x80 /Users/jkwang/Desktop/nacl_sdk/pepper_canary/toolchain/mac_pnacl/bin/../x86_64-nacl/lib/libcrt_common.a(lib_a-wctomb_r.o)
                0x0000000000032660                __ascii_wctomb
 .text._wctomb_r
                0x00000000000326e0       0x80 /Users/jkwang/Desktop/nacl_sdk/pepper_canary/toolchain/mac_pnacl/bin/../x86_64-nacl/lib/libcrt_common.a(lib_a-wctomb_r.o)
                0x00000000000326e0                _wctomb_r
 .text.__utf8_wctomb
                0x0000000000032760      0x1c0 /Users/jkwang/Desktop/nacl_sdk/pepper_canary/toolchain/mac_pnacl/bin/../x86_64-nacl/lib/libcrt_common.a(lib_a-wctomb_r.o)
                0x0000000000032760                __utf8_wctomb
 .text.__sjis_wctomb
                0x0000000000032920       0xe0 /Users/jkwang/Desktop/nacl_sdk/pepper_canary/toolchain/mac_pnacl/bin/../x86_64-nacl/lib/libcrt_common.a(lib_a-wctomb_r.o)
                0x0000000000032920                __sjis_wctomb
 .text.__eucjp_wctomb
                0x0000000000032a00      0x160 /Users/jkwang/Desktop/nacl_sdk/pepper_canary/toolchain/mac_pnacl/bin/../x86_64-nacl/lib/libcrt_common.a(lib_a-wctomb_r.o)
                0x0000000000032a00                __eucjp_wctomb
 .text.__jis_wctomb
                0x0000000000032b60      0x160 /Users/jkwang/Desktop/nacl_sdk/pepper_canary/toolchain/mac_pnacl/bin/../x86_64-nacl/lib/libcrt_common.a(lib_a-wctomb_r.o)
                0x0000000000032b60                __jis_wctomb
 .text          0x0000000000032cc0        0x0 /Users/jkwang/Desktop/nacl_sdk/pepper_canary/toolchain/mac_pnacl/bin/../x86_64-nacl/lib/libcrt_common.a(lib_a-wsetup.o)
 .text.__swsetup_r
                0x0000000000032cc0      0x200 /Users/jkwang/Desktop/nacl_sdk/pepper_canary/toolchain/mac_pnacl/bin/../x86_64-nacl/lib/libcrt_common.a(lib_a-wsetup.o)
                0x0000000000032cc0                __swsetup_r
 .text          0x0000000000032ec0        0x0 /Users/jkwang/Desktop/nacl_sdk/pepper_canary/toolchain/mac_pnacl/bin/../x86_64-nacl/lib/libcrt_common.a(lib_a-__atexit.o)
 .text.__register_exitproc
                0x0000000000032ec0      0x240 /Users/jkwang/Desktop/nacl_sdk/pepper_canary/toolchain/mac_pnacl/bin/../x86_64-nacl/lib/libcrt_common.a(lib_a-__atexit.o)
                0x0000000000032ec0                __register_exitproc
 .text          0x0000000000033100        0x0 /Users/jkwang/Desktop/nacl_sdk/pepper_canary/toolchain/mac_pnacl/bin/../x86_64-nacl/lib/libcrt_common.a(lib_a-__call_atexit.o)
 .text.__call_exitprocs
                0x0000000000033100      0x2a0 /Users/jkwang/Desktop/nacl_sdk/pepper_canary/toolchain/mac_pnacl/bin/../x86_64-nacl/lib/libcrt_common.a(lib_a-__call_atexit.o)
                0x0000000000033100                __call_exitprocs
 .text          0x00000000000333a0        0x0 /Users/jkwang/Desktop/nacl_sdk/pepper_canary/toolchain/mac_pnacl/bin/../x86_64-nacl/lib/libcrt_common.a(lib_a-dtoa.o)
 .text._dtoa_r  0x00000000000333a0     0x1740 /Users/jkwang/Desktop/nacl_sdk/pepper_canary/toolchain/mac_pnacl/bin/../x86_64-nacl/lib/libcrt_common.a(lib_a-dtoa.o)
                0x00000000000333a0                _dtoa_r
 .text.quorem   0x0000000000034ae0      0x2c0 /Users/jkwang/Desktop/nacl_sdk/pepper_canary/toolchain/mac_pnacl/bin/../x86_64-nacl/lib/libcrt_common.a(lib_a-dtoa.o)
 .text          0x0000000000034da0        0x0 /Users/jkwang/Desktop/nacl_sdk/pepper_canary/toolchain/mac_pnacl/bin/../x86_64-nacl/lib/libcrt_common.a(lib_a-envlock.o)
 .text.__env_lock
                0x0000000000034da0       0x20 /Users/jkwang/Desktop/nacl_sdk/pepper_canary/toolchain/mac_pnacl/bin/../x86_64-nacl/lib/libcrt_common.a(lib_a-envlock.o)
                0x0000000000034da0                __env_lock
 .text.__env_unlock
                0x0000000000034dc0       0x20 /Users/jkwang/Desktop/nacl_sdk/pepper_canary/toolchain/mac_pnacl/bin/../x86_64-nacl/lib/libcrt_common.a(lib_a-envlock.o)
                0x0000000000034dc0                __env_unlock
 .text          0x0000000000034de0        0x0 /Users/jkwang/Desktop/nacl_sdk/pepper_canary/toolchain/mac_pnacl/bin/../x86_64-nacl/lib/libcrt_common.a(lib_a-fclose.o)
 .text._fclose_r
                0x0000000000034de0      0x260 /Users/jkwang/Desktop/nacl_sdk/pepper_canary/toolchain/mac_pnacl/bin/../x86_64-nacl/lib/libcrt_common.a(lib_a-fclose.o)
                0x0000000000034de0                _fclose_r
 .text.fclose   0x0000000000035040       0x60 /Users/jkwang/Desktop/nacl_sdk/pepper_canary/toolchain/mac_pnacl/bin/../x86_64-nacl/lib/libcrt_common.a(lib_a-fclose.o)
                0x0000000000035040                fclose
 .text          0x00000000000350a0        0x0 /Users/jkwang/Desktop/nacl_sdk/pepper_canary/toolchain/mac_pnacl/bin/../x86_64-nacl/lib/libcrt_common.a(lib_a-fvwrite.o)
 .text.__sfvwrite_r
                0x00000000000350a0      0x6c0 /Users/jkwang/Desktop/nacl_sdk/pepper_canary/toolchain/mac_pnacl/bin/../x86_64-nacl/lib/libcrt_common.a(lib_a-fvwrite.o)
                0x00000000000350a0                __sfvwrite_r
 .text          0x0000000000035760        0x0 /Users/jkwang/Desktop/nacl_sdk/pepper_canary/toolchain/mac_pnacl/bin/../x86_64-nacl/lib/libcrt_common.a(lib_a-locale.o)
 .text._setlocale_r
                0x0000000000035760      0x920 /Users/jkwang/Desktop/nacl_sdk/pepper_canary/toolchain/mac_pnacl/bin/../x86_64-nacl/lib/libcrt_common.a(lib_a-locale.o)
                0x0000000000035760                _setlocale_r
 .text.currentlocale
                0x0000000000036080      0x220 /Users/jkwang/Desktop/nacl_sdk/pepper_canary/toolchain/mac_pnacl/bin/../x86_64-nacl/lib/libcrt_common.a(lib_a-locale.o)
 .text.loadlocale
                0x00000000000362a0      0xba0 /Users/jkwang/Desktop/nacl_sdk/pepper_canary/toolchain/mac_pnacl/bin/../x86_64-nacl/lib/libcrt_common.a(lib_a-locale.o)
 .text.__locale_charset
                0x0000000000036e40       0x40 /Users/jkwang/Desktop/nacl_sdk/pepper_canary/toolchain/mac_pnacl/bin/../x86_64-nacl/lib/libcrt_common.a(lib_a-locale.o)
                0x0000000000036e40                __locale_charset
 .text.__locale_mb_cur_max
                0x0000000000036e80       0x40 /Users/jkwang/Desktop/nacl_sdk/pepper_canary/toolchain/mac_pnacl/bin/../x86_64-nacl/lib/libcrt_common.a(lib_a-locale.o)
                0x0000000000036e80                __locale_mb_cur_max
 .text.__locale_msgcharset
                0x0000000000036ec0       0x40 /Users/jkwang/Desktop/nacl_sdk/pepper_canary/toolchain/mac_pnacl/bin/../x86_64-nacl/lib/libcrt_common.a(lib_a-locale.o)
                0x0000000000036ec0                __locale_msgcharset
 .text.__locale_cjk_lang
                0x0000000000036f00       0x40 /Users/jkwang/Desktop/nacl_sdk/pepper_canary/toolchain/mac_pnacl/bin/../x86_64-nacl/lib/libcrt_common.a(lib_a-locale.o)
                0x0000000000036f00                __locale_cjk_lang
 .text._localeconv_r
                0x0000000000036f40       0x40 /Users/jkwang/Desktop/nacl_sdk/pepper_canary/toolchain/mac_pnacl/bin/../x86_64-nacl/lib/libcrt_common.a(lib_a-locale.o)
                0x0000000000036f40                _localeconv_r
 .text.setlocale
                0x0000000000036f80       0x60 /Users/jkwang/Desktop/nacl_sdk/pepper_canary/toolchain/mac_pnacl/bin/../x86_64-nacl/lib/libcrt_common.a(lib_a-locale.o)
                0x0000000000036f80                setlocale
 .text.localeconv
                0x0000000000036fe0       0x40 /Users/jkwang/Desktop/nacl_sdk/pepper_canary/toolchain/mac_pnacl/bin/../x86_64-nacl/lib/libcrt_common.a(lib_a-locale.o)
                0x0000000000036fe0                localeconv
 .text          0x0000000000037020        0x0 /Users/jkwang/Desktop/nacl_sdk/pepper_canary/toolchain/mac_pnacl/bin/../x86_64-nacl/lib/libcrt_common.a(lib_a-makebuf.o)
 .text.__smakebuf_r
                0x0000000000037020      0x200 /Users/jkwang/Desktop/nacl_sdk/pepper_canary/toolchain/mac_pnacl/bin/../x86_64-nacl/lib/libcrt_common.a(lib_a-makebuf.o)
                0x0000000000037020                __smakebuf_r
 .text          0x0000000000037220        0x0 /Users/jkwang/Desktop/nacl_sdk/pepper_canary/toolchain/mac_pnacl/bin/../x86_64-nacl/lib/libcrt_common.a(lib_a-mbtowc_r.o)
 .text.__ascii_mbtowc
                0x0000000000037220       0x60 /Users/jkwang/Desktop/nacl_sdk/pepper_canary/toolchain/mac_pnacl/bin/../x86_64-nacl/lib/libcrt_common.a(lib_a-mbtowc_r.o)
                0x0000000000037220                __ascii_mbtowc
 .text._mbtowc_r
                0x0000000000037280       0x80 /Users/jkwang/Desktop/nacl_sdk/pepper_canary/toolchain/mac_pnacl/bin/../x86_64-nacl/lib/libcrt_common.a(lib_a-mbtowc_r.o)
                0x0000000000037280                _mbtowc_r
 .text.__utf8_mbtowc
                0x0000000000037300      0x500 /Users/jkwang/Desktop/nacl_sdk/pepper_canary/toolchain/mac_pnacl/bin/../x86_64-nacl/lib/libcrt_common.a(lib_a-mbtowc_r.o)
                0x0000000000037300                __utf8_mbtowc
 .text.__sjis_mbtowc
                0x0000000000037800      0x180 /Users/jkwang/Desktop/nacl_sdk/pepper_canary/toolchain/mac_pnacl/bin/../x86_64-nacl/lib/libcrt_common.a(lib_a-mbtowc_r.o)
                0x0000000000037800                __sjis_mbtowc
 .text.__eucjp_mbtowc
                0x0000000000037980      0x200 /Users/jkwang/Desktop/nacl_sdk/pepper_canary/toolchain/mac_pnacl/bin/../x86_64-nacl/lib/libcrt_common.a(lib_a-mbtowc_r.o)
                0x0000000000037980                __eucjp_mbtowc
 .text.__jis_mbtowc
                0x0000000000037b80      0x2a0 /Users/jkwang/Desktop/nacl_sdk/pepper_canary/toolchain/mac_pnacl/bin/../x86_64-nacl/lib/libcrt_common.a(lib_a-mbtowc_r.o)
                0x0000000000037b80                __jis_mbtowc
 .text          0x0000000000037e20        0x0 /Users/jkwang/Desktop/nacl_sdk/pepper_canary/toolchain/mac_pnacl/bin/../x86_64-nacl/lib/libcrt_common.a(lib_a-memchr.o)
 .text.memchr   0x0000000000037e20      0x120 /Users/jkwang/Desktop/nacl_sdk/pepper_canary/toolchain/mac_pnacl/bin/../x86_64-nacl/lib/libcrt_common.a(lib_a-memchr.o)
                0x0000000000037e20                memchr
 .text          0x0000000000037f40        0x0 /Users/jkwang/Desktop/nacl_sdk/pepper_canary/toolchain/mac_pnacl/bin/../x86_64-nacl/lib/libcrt_common.a(lib_a-memmove.o)
 .text.memmove  0x0000000000037f40      0x860 /Users/jkwang/Desktop/nacl_sdk/pepper_canary/toolchain/mac_pnacl/bin/../x86_64-nacl/lib/libcrt_common.a(lib_a-memmove.o)
                0x0000000000037f40                memmove
 .text          0x00000000000387a0        0x0 /Users/jkwang/Desktop/nacl_sdk/pepper_canary/toolchain/mac_pnacl/bin/../x86_64-nacl/lib/libcrt_common.a(lib_a-mprec.o)
 .text._Balloc  0x00000000000387a0      0x100 /Users/jkwang/Desktop/nacl_sdk/pepper_canary/toolchain/mac_pnacl/bin/../x86_64-nacl/lib/libcrt_common.a(lib_a-mprec.o)
                0x00000000000387a0                _Balloc
 .text._Bfree   0x00000000000388a0       0x60 /Users/jkwang/Desktop/nacl_sdk/pepper_canary/toolchain/mac_pnacl/bin/../x86_64-nacl/lib/libcrt_common.a(lib_a-mprec.o)
                0x00000000000388a0                _Bfree
 .text.__multadd
                0x0000000000038900      0x240 /Users/jkwang/Desktop/nacl_sdk/pepper_canary/toolchain/mac_pnacl/bin/../x86_64-nacl/lib/libcrt_common.a(lib_a-mprec.o)
                0x0000000000038900                __multadd
 .text.__s2b    0x0000000000038b40      0x240 /Users/jkwang/Desktop/nacl_sdk/pepper_canary/toolchain/mac_pnacl/bin/../x86_64-nacl/lib/libcrt_common.a(lib_a-mprec.o)
                0x0000000000038b40                __s2b
 .text.__hi0bits
                0x0000000000038d80       0xa0 /Users/jkwang/Desktop/nacl_sdk/pepper_canary/toolchain/mac_pnacl/bin/../x86_64-nacl/lib/libcrt_common.a(lib_a-mprec.o)
                0x0000000000038d80                __hi0bits
 .text.__lo0bits
                0x0000000000038e20      0x120 /Users/jkwang/Desktop/nacl_sdk/pepper_canary/toolchain/mac_pnacl/bin/../x86_64-nacl/lib/libcrt_common.a(lib_a-mprec.o)
                0x0000000000038e20                __lo0bits
 .text.__i2b    0x0000000000038f40      0x120 /Users/jkwang/Desktop/nacl_sdk/pepper_canary/toolchain/mac_pnacl/bin/../x86_64-nacl/lib/libcrt_common.a(lib_a-mprec.o)
                0x0000000000038f40                __i2b
 .text.__multiply
                0x0000000000039060      0x4c0 /Users/jkwang/Desktop/nacl_sdk/pepper_canary/toolchain/mac_pnacl/bin/../x86_64-nacl/lib/libcrt_common.a(lib_a-mprec.o)
                0x0000000000039060                __multiply
 .text.__pow5mult
                0x0000000000039520      0x260 /Users/jkwang/Desktop/nacl_sdk/pepper_canary/toolchain/mac_pnacl/bin/../x86_64-nacl/lib/libcrt_common.a(lib_a-mprec.o)
                0x0000000000039520                __pow5mult
 .text.__lshift
                0x0000000000039780      0x6c0 /Users/jkwang/Desktop/nacl_sdk/pepper_canary/toolchain/mac_pnacl/bin/../x86_64-nacl/lib/libcrt_common.a(lib_a-mprec.o)
                0x0000000000039780                __lshift
 .text.__mcmp   0x0000000000039e40       0xa0 /Users/jkwang/Desktop/nacl_sdk/pepper_canary/toolchain/mac_pnacl/bin/../x86_64-nacl/lib/libcrt_common.a(lib_a-mprec.o)
                0x0000000000039e40                __mcmp
 .text.__mdiff  0x0000000000039ee0      0x480 /Users/jkwang/Desktop/nacl_sdk/pepper_canary/toolchain/mac_pnacl/bin/../x86_64-nacl/lib/libcrt_common.a(lib_a-mprec.o)
                0x0000000000039ee0                __mdiff
 .text.__ulp    0x000000000003a360       0xe0 /Users/jkwang/Desktop/nacl_sdk/pepper_canary/toolchain/mac_pnacl/bin/../x86_64-nacl/lib/libcrt_common.a(lib_a-mprec.o)
                0x000000000003a360                __ulp
 .text.__b2d    0x000000000003a440      0x1c0 /Users/jkwang/Desktop/nacl_sdk/pepper_canary/toolchain/mac_pnacl/bin/../x86_64-nacl/lib/libcrt_common.a(lib_a-mprec.o)
                0x000000000003a440                __b2d
 .text.__d2b    0x000000000003a600      0x3e0 /Users/jkwang/Desktop/nacl_sdk/pepper_canary/toolchain/mac_pnacl/bin/../x86_64-nacl/lib/libcrt_common.a(lib_a-mprec.o)
                0x000000000003a600                __d2b
 .text.__ratio  0x000000000003a9e0      0x100 /Users/jkwang/Desktop/nacl_sdk/pepper_canary/toolchain/mac_pnacl/bin/../x86_64-nacl/lib/libcrt_common.a(lib_a-mprec.o)
                0x000000000003a9e0                __ratio
 .text._mprec_log10
                0x000000000003aae0       0x80 /Users/jkwang/Desktop/nacl_sdk/pepper_canary/toolchain/mac_pnacl/bin/../x86_64-nacl/lib/libcrt_common.a(lib_a-mprec.o)
                0x000000000003aae0                _mprec_log10
 .text.__copybits
                0x000000000003ab60      0x3c0 /Users/jkwang/Desktop/nacl_sdk/pepper_canary/toolchain/mac_pnacl/bin/../x86_64-nacl/lib/libcrt_common.a(lib_a-mprec.o)
                0x000000000003ab60                __copybits
 .text.__any_on
                0x000000000003af20       0xa0 /Users/jkwang/Desktop/nacl_sdk/pepper_canary/toolchain/mac_pnacl/bin/../x86_64-nacl/lib/libcrt_common.a(lib_a-mprec.o)
                0x000000000003af20                __any_on
 .text          0x000000000003afc0        0x0 /Users/jkwang/Desktop/nacl_sdk/pepper_canary/toolchain/mac_pnacl/bin/../x86_64-nacl/lib/libcrt_common.a(lib_a-s_fpclassify.o)
 .text.__fpclassifyd
                0x000000000003afc0       0xa0 /Users/jkwang/Desktop/nacl_sdk/pepper_canary/toolchain/mac_pnacl/bin/../x86_64-nacl/lib/libcrt_common.a(lib_a-s_fpclassify.o)
                0x000000000003afc0                __fpclassifyd
 .text          0x000000000003b060        0x0 /Users/jkwang/Desktop/nacl_sdk/pepper_canary/toolchain/mac_pnacl/bin/../x86_64-nacl/lib/libcrt_common.a(lib_a-s_frexp.o)
 .text.frexp    0x000000000003b060       0xe0 /Users/jkwang/Desktop/nacl_sdk/pepper_canary/toolchain/mac_pnacl/bin/../x86_64-nacl/lib/libcrt_common.a(lib_a-s_frexp.o)
                0x000000000003b060                frexp
 .text          0x000000000003b140        0x0 /Users/jkwang/Desktop/nacl_sdk/pepper_canary/toolchain/mac_pnacl/bin/../x86_64-nacl/lib/libcrt_common.a(lib_a-strcasecmp.o)
 .text.strcasecmp
                0x000000000003b140       0xa0 /Users/jkwang/Desktop/nacl_sdk/pepper_canary/toolchain/mac_pnacl/bin/../x86_64-nacl/lib/libcrt_common.a(lib_a-strcasecmp.o)
                0x000000000003b140                strcasecmp
 .text          0x000000000003b1e0        0x0 /Users/jkwang/Desktop/nacl_sdk/pepper_canary/toolchain/mac_pnacl/bin/../x86_64-nacl/lib/libcrt_common.a(lib_a-strchr.o)
 .text.strchr   0x000000000003b1e0      0x1c0 /Users/jkwang/Desktop/nacl_sdk/pepper_canary/toolchain/mac_pnacl/bin/../x86_64-nacl/lib/libcrt_common.a(lib_a-strchr.o)
                0x000000000003b1e0                strchr
 .text          0x000000000003b3a0        0x0 /Users/jkwang/Desktop/nacl_sdk/pepper_canary/toolchain/mac_pnacl/bin/../x86_64-nacl/lib/libcrt_common.a(lib_a-strlcpy.o)
 .text.strlcpy  0x000000000003b3a0       0x80 /Users/jkwang/Desktop/nacl_sdk/pepper_canary/toolchain/mac_pnacl/bin/../x86_64-nacl/lib/libcrt_common.a(lib_a-strlcpy.o)
                0x000000000003b3a0                strlcpy
 .text          0x000000000003b420        0x0 /Users/jkwang/Desktop/nacl_sdk/pepper_canary/toolchain/mac_pnacl/bin/../x86_64-nacl/lib/libcrt_common.a(lib_a-strncasecmp.o)
 .text.strncasecmp
                0x000000000003b420       0xa0 /Users/jkwang/Desktop/nacl_sdk/pepper_canary/toolchain/mac_pnacl/bin/../x86_64-nacl/lib/libcrt_common.a(lib_a-strncasecmp.o)
                0x000000000003b420                strncasecmp
 .text          0x000000000003b4c0        0x0 /Users/jkwang/Desktop/nacl_sdk/pepper_canary/toolchain/mac_pnacl/bin/../x86_64-nacl/lib/libcrt_common.a(lib_a-strncpy.o)
 .text.strncpy  0x000000000003b4c0      0x1a0 /Users/jkwang/Desktop/nacl_sdk/pepper_canary/toolchain/mac_pnacl/bin/../x86_64-nacl/lib/libcrt_common.a(lib_a-strncpy.o)
                0x000000000003b4c0                strncpy
 .text          0x000000000003b660        0x0 /Users/jkwang/Desktop/nacl_sdk/pepper_canary/toolchain/mac_pnacl/bin/../x86_64-nacl/lib/libcrt_common.a(lib_a-strtol.o)
 .text._strtol_r
                0x000000000003b660      0x200 /Users/jkwang/Desktop/nacl_sdk/pepper_canary/toolchain/mac_pnacl/bin/../x86_64-nacl/lib/libcrt_common.a(lib_a-strtol.o)
                0x000000000003b660                _strtol_r
 .text.strtol   0x000000000003b860       0x60 /Users/jkwang/Desktop/nacl_sdk/pepper_canary/toolchain/mac_pnacl/bin/../x86_64-nacl/lib/libcrt_common.a(lib_a-strtol.o)
                0x000000000003b860                strtol
 .text          0x000000000003b8c0        0x0 /Users/jkwang/Desktop/nacl_sdk/pepper_canary/toolchain/mac_pnacl/bin/../x86_64-nacl/lib/libcrt_common.a(lib_a-svfprintf.o)
 .text._svfprintf_r
                0x000000000003b8c0     0x43c0 /Users/jkwang/Desktop/nacl_sdk/pepper_canary/toolchain/mac_pnacl/bin/../x86_64-nacl/lib/libcrt_common.a(lib_a-svfprintf.o)
                0x000000000003b8c0                _svfprintf_r
 .text          0x000000000003fc80        0x0 /Users/jkwang/Desktop/nacl_sdk/pepper_canary/toolchain/mac_pnacl/bin/../x86_64-nacl/lib/libcrt_common.a(lib_a-vfiprintf.o)
 .text.__sprint_r
                0x000000000003fc80      0x140 /Users/jkwang/Desktop/nacl_sdk/pepper_canary/toolchain/mac_pnacl/bin/../x86_64-nacl/lib/libcrt_common.a(lib_a-vfiprintf.o)
                0x000000000003fc80                __sprint_r
 .text.vfiprintf
                0x000000000003fdc0       0x60 /Users/jkwang/Desktop/nacl_sdk/pepper_canary/toolchain/mac_pnacl/bin/../x86_64-nacl/lib/libcrt_common.a(lib_a-vfiprintf.o)
                0x000000000003fdc0                vfiprintf
 .text._vfiprintf_r
                0x000000000003fe20     0x3740 /Users/jkwang/Desktop/nacl_sdk/pepper_canary/toolchain/mac_pnacl/bin/../x86_64-nacl/lib/libcrt_common.a(lib_a-vfiprintf.o)
                0x000000000003fe20                _vfiprintf_r
 .text.__sbprintf
                0x0000000000043560      0x180 /Users/jkwang/Desktop/nacl_sdk/pepper_canary/toolchain/mac_pnacl/bin/../x86_64-nacl/lib/libcrt_common.a(lib_a-vfiprintf.o)
 .text          0x00000000000436e0        0x0 /Users/jkwang/Desktop/nacl_sdk/pepper_canary/toolchain/mac_pnacl/bin/../x86_64-nacl/lib/libcrt_common.a(lib_a-wcsnrtombs.o)
 .text._wcsnrtombs_r
                0x00000000000436e0      0x3a0 /Users/jkwang/Desktop/nacl_sdk/pepper_canary/toolchain/mac_pnacl/bin/../x86_64-nacl/lib/libcrt_common.a(lib_a-wcsnrtombs.o)
                0x00000000000436e0                _wcsnrtombs_r
 .text.wcsnrtombs
                0x0000000000043a80       0xa0 /Users/jkwang/Desktop/nacl_sdk/pepper_canary/toolchain/mac_pnacl/bin/../x86_64-nacl/lib/libcrt_common.a(lib_a-wcsnrtombs.o)
                0x0000000000043a80                wcsnrtombs
 .text          0x0000000000043b20        0x0 /Users/jkwang/Desktop/nacl_sdk/pepper_canary/toolchain/mac_pnacl/bin/../x86_64-nacl/lib/libcrt_common.a(lib_a-ctype_.o)
 .text.__set_ctype
                0x0000000000043b20       0x40 /Users/jkwang/Desktop/nacl_sdk/pepper_canary/toolchain/mac_pnacl/bin/../x86_64-nacl/lib/libcrt_common.a(lib_a-ctype_.o)
                0x0000000000043b20                __set_ctype
 .text          0x0000000000043b60        0x0 /Users/jkwang/Desktop/nacl_sdk/pepper_canary/toolchain/mac_pnacl/bin/../x86_64-nacl/lib/libcrt_common.a(lib_a-fputwc.o)
 .text._fputwc_r
                0x0000000000043b60      0x240 /Users/jkwang/Desktop/nacl_sdk/pepper_canary/toolchain/mac_pnacl/bin/../x86_64-nacl/lib/libcrt_common.a(lib_a-fputwc.o)
                0x0000000000043b60                _fputwc_r
 .text.fputwc   0x0000000000043da0       0xa0 /Users/jkwang/Desktop/nacl_sdk/pepper_canary/toolchain/mac_pnacl/bin/../x86_64-nacl/lib/libcrt_common.a(lib_a-fputwc.o)
                0x0000000000043da0                fputwc
 .text          0x0000000000043e40        0x0 /Users/jkwang/Desktop/nacl_sdk/pepper_canary/toolchain/mac_pnacl/bin/../x86_64-nacl/lib/libcrt_common.a(lib_a-svfiprintf.o)
 .text.__ssprint_r
                0x0000000000043e40      0x300 /Users/jkwang/Desktop/nacl_sdk/pepper_canary/toolchain/mac_pnacl/bin/../x86_64-nacl/lib/libcrt_common.a(lib_a-svfiprintf.o)
                0x0000000000043e40                __ssprint_r
 .text._svfiprintf_r
                0x0000000000044140     0x24c0 /Users/jkwang/Desktop/nacl_sdk/pepper_canary/toolchain/mac_pnacl/bin/../x86_64-nacl/lib/libcrt_common.a(lib_a-svfiprintf.o)
                0x0000000000044140                _svfiprintf_r
 .text          0x0000000000046600        0x0 /Users/jkwang/Desktop/nacl_sdk/pepper_canary/toolchain/mac_pnacl/bin/../x86_64-nacl/lib/libcrt_common.a(lib_a-wbuf.o)
 .text.__swbuf_r
                0x0000000000046600      0x1a0 /Users/jkwang/Desktop/nacl_sdk/pepper_canary/toolchain/mac_pnacl/bin/../x86_64-nacl/lib/libcrt_common.a(lib_a-wbuf.o)
                0x0000000000046600                __swbuf_r
 .text.__swbuf  0x00000000000467a0       0x60 /Users/jkwang/Desktop/nacl_sdk/pepper_canary/toolchain/mac_pnacl/bin/../x86_64-nacl/lib/libcrt_common.a(lib_a-wbuf.o)
                0x00000000000467a0                __swbuf
 .text          0x0000000000046800       0x60 /Users/jkwang/Desktop/nacl_sdk/pepper_canary/toolchain/mac_pnacl/bin/../x86_64-nacl/lib/libnacl.a(close.o)
                0x0000000000046800                close
 .text          0x0000000000046860       0x60 /Users/jkwang/Desktop/nacl_sdk/pepper_canary/toolchain/mac_pnacl/bin/../x86_64-nacl/lib/libnacl.a(fstat.o)
                0x0000000000046860                fstat
 .text          0x00000000000468c0       0xc0 /Users/jkwang/Desktop/nacl_sdk/pepper_canary/toolchain/mac_pnacl/bin/../x86_64-nacl/lib/libnacl.a(isatty.o)
                0x00000000000468c0                isatty
 .text          0x0000000000046980       0xa0 /Users/jkwang/Desktop/nacl_sdk/pepper_canary/toolchain/mac_pnacl/bin/../x86_64-nacl/lib/libnacl.a(lseek.o)
                0x0000000000046980                lseek
 .text          0x0000000000046a20       0x60 /Users/jkwang/Desktop/nacl_sdk/pepper_canary/toolchain/mac_pnacl/bin/../x86_64-nacl/lib/libnacl.a(nanosleep.o)
                0x0000000000046a20                nanosleep
 .text          0x0000000000046a80       0x80 /Users/jkwang/Desktop/nacl_sdk/pepper_canary/toolchain/mac_pnacl/bin/../x86_64-nacl/lib/libnacl.a(nacl_irt_fdio.o)
                0x0000000000046a80                __libnacl_irt_dev_fdio_init
 .text          0x0000000000046b00       0xa0 /Users/jkwang/Desktop/nacl_sdk/pepper_canary/toolchain/mac_pnacl/bin/../x86_64-nacl/lib/libnacl.a(read.o)
                0x0000000000046b00                read
 .text          0x0000000000046ba0     0x2a00 /Users/jkwang/Desktop/nacl_sdk/pepper_canary/toolchain/mac_pnacl/bin/../lib/clang/3.7.0/lib/x86_64-nacl/libgcc_eh.a(unwind-dw2-fde-glibc.o)
                0x0000000000046ba0                __register_frame_info_bases
                0x0000000000046c40                __register_frame_info
                0x0000000000046ce0                __register_frame_info_table_bases
                0x0000000000046d60                __register_frame_info_table
                0x0000000000047e20                __register_frame_table
                0x0000000000047ec0                __register_frame
                0x0000000000049040                _Unwind_Find_FDE
                0x0000000000049300                __deregister_frame_info_bases
                0x0000000000049500                __deregister_frame_info
                0x0000000000049520                __deregister_frame
 .text          0x00000000000495a0        0x0 /Users/jkwang/Desktop/nacl_sdk/pepper_canary/toolchain/mac_pnacl/bin/../lib/clang/3.7.0/lib/x86_64-nacl/crtend.o
 .text          0x00000000000495a0        0x0 /Users/jkwang/Desktop/nacl_sdk/pepper_canary/toolchain/mac_pnacl/bin/../x86_64-nacl/lib/crtn.o
 *(.gnu.warning)

.fini
 *(SORT(.fini))
                0x00000000000495a0                PROVIDE (__etext, .)
                0x00000000000495a0                PROVIDE (_etext, .)
                0x00000000000495a0                PROVIDE (etext, .)
                0x0000000010020190                . = (0x10020000 + SIZEOF_HEADERS)

.interp
 *(.interp)

.note.NaCl.ABI.x86-64
                0x0000000010020190       0x1c
 .note.NaCl.ABI.x86-64
                0x0000000010020190       0x1c /Users/jkwang/Desktop/nacl_sdk/pepper_canary/toolchain/mac_pnacl/bin/../lib/clang/3.7.0/lib/x86_64-nacl/crtbeginT.o

.note.gnu.build-id
                0x00000000100201ac       0x24
 *(.note.gnu.build-id)
 .note.gnu.build-id
                0x00000000100201ac       0x24 /Users/jkwang/Desktop/nacl_sdk/pepper_canary/toolchain/mac_pnacl/bin/../x86_64-nacl/lib/crti.o

.hash
 *(.hash)

.gnu.hash
 *(.gnu.hash)

.dynsym
 *(.dynsym)

.dynstr
 *(.dynstr)

.gnu.version
 *(.gnu.version)

.gnu.version_d
 *(.gnu.version_d)

.gnu.version_r
 *(.gnu.version_r)

.rela.dyn       0x00000000100201d0        0x0
 *(.rela.init)
 *(.rela.text .rela.text.* .rela.gnu.linkonce.t.*)
 .rela.text     0x0000000000000000        0x0 /Users/jkwang/Desktop/nacl_sdk/pepper_canary/toolchain/mac_pnacl/bin/../lib/clang/3.7.0/lib/x86_64-nacl/crtbeginT.o
 .rela.text.atexit
                0x0000000000000000        0x0 /Users/jkwang/Desktop/nacl_sdk/pepper_canary/toolchain/mac_pnacl/bin/../lib/clang/3.7.0/lib/x86_64-nacl/crtbeginT.o
 .rela.text.exit
                0x0000000000000000        0x0 /Users/jkwang/Desktop/nacl_sdk/pepper_canary/toolchain/mac_pnacl/bin/../lib/clang/3.7.0/lib/x86_64-nacl/crtbeginT.o
 .rela.text._fflush_r
                0x0000000000000000        0x0 /Users/jkwang/Desktop/nacl_sdk/pepper_canary/toolchain/mac_pnacl/bin/../lib/clang/3.7.0/lib/x86_64-nacl/crtbeginT.o
 .rela.text.fflush
                0x0000000000000000        0x0 /Users/jkwang/Desktop/nacl_sdk/pepper_canary/toolchain/mac_pnacl/bin/../lib/clang/3.7.0/lib/x86_64-nacl/crtbeginT.o
 .rela.text.__sfmoreglue
                0x0000000000000000        0x0 /Users/jkwang/Desktop/nacl_sdk/pepper_canary/toolchain/mac_pnacl/bin/../lib/clang/3.7.0/lib/x86_64-nacl/crtbeginT.o
 .rela.text.__sfp
                0x0000000000000000        0x0 /Users/jkwang/Desktop/nacl_sdk/pepper_canary/toolchain/mac_pnacl/bin/../lib/clang/3.7.0/lib/x86_64-nacl/crtbeginT.o
 .rela.text.__sinit
                0x0000000000000000        0x0 /Users/jkwang/Desktop/nacl_sdk/pepper_canary/toolchain/mac_pnacl/bin/../lib/clang/3.7.0/lib/x86_64-nacl/crtbeginT.o
 .rela.text._cleanup_r
                0x0000000000000000        0x0 /Users/jkwang/Desktop/nacl_sdk/pepper_canary/toolchain/mac_pnacl/bin/../lib/clang/3.7.0/lib/x86_64-nacl/crtbeginT.o
 .rela.text._cleanup
                0x0000000000000000        0x0 /Users/jkwang/Desktop/nacl_sdk/pepper_canary/toolchain/mac_pnacl/bin/../lib/clang/3.7.0/lib/x86_64-nacl/crtbeginT.o
 .rela.text.__fp_lock_all
                0x0000000000000000        0x0 /Users/jkwang/Desktop/nacl_sdk/pepper_canary/toolchain/mac_pnacl/bin/../lib/clang/3.7.0/lib/x86_64-nacl/crtbeginT.o
 .rela.text.__fp_unlock_all
                0x0000000000000000        0x0 /Users/jkwang/Desktop/nacl_sdk/pepper_canary/toolchain/mac_pnacl/bin/../lib/clang/3.7.0/lib/x86_64-nacl/crtbeginT.o
 .rela.text.__libc_fini_array
                0x0000000000000000        0x0 /Users/jkwang/Desktop/nacl_sdk/pepper_canary/toolchain/mac_pnacl/bin/../lib/clang/3.7.0/lib/x86_64-nacl/crtbeginT.o
 .rela.text._fprintf_r
                0x0000000000000000        0x0 /Users/jkwang/Desktop/nacl_sdk/pepper_canary/toolchain/mac_pnacl/bin/../lib/clang/3.7.0/lib/x86_64-nacl/crtbeginT.o
 .rela.text.fprintf
                0x0000000000000000        0x0 /Users/jkwang/Desktop/nacl_sdk/pepper_canary/toolchain/mac_pnacl/bin/../lib/clang/3.7.0/lib/x86_64-nacl/crtbeginT.o
 .rela.text._fwrite_r
                0x0000000000000000        0x0 /Users/jkwang/Desktop/nacl_sdk/pepper_canary/toolchain/mac_pnacl/bin/../lib/clang/3.7.0/lib/x86_64-nacl/crtbeginT.o
 .rela.text._findenv
                0x0000000000000000        0x0 /Users/jkwang/Desktop/nacl_sdk/pepper_canary/toolchain/mac_pnacl/bin/../lib/clang/3.7.0/lib/x86_64-nacl/crtbeginT.o
 .rela.text.getenv
                0x0000000000000000        0x0 /Users/jkwang/Desktop/nacl_sdk/pepper_canary/toolchain/mac_pnacl/bin/../lib/clang/3.7.0/lib/x86_64-nacl/crtbeginT.o
 .rela.text._findenv_r
                0x0000000000000000        0x0 /Users/jkwang/Desktop/nacl_sdk/pepper_canary/toolchain/mac_pnacl/bin/../lib/clang/3.7.0/lib/x86_64-nacl/crtbeginT.o
 .rela.text.__libc_init_array
                0x0000000000000000        0x0 /Users/jkwang/Desktop/nacl_sdk/pepper_canary/toolchain/mac_pnacl/bin/../lib/clang/3.7.0/lib/x86_64-nacl/crtbeginT.o
 .rela.text.sleep
                0x0000000000000000        0x0 /Users/jkwang/Desktop/nacl_sdk/pepper_canary/toolchain/mac_pnacl/bin/../lib/clang/3.7.0/lib/x86_64-nacl/crtbeginT.o
 .rela.text.__sread
                0x0000000000000000        0x0 /Users/jkwang/Desktop/nacl_sdk/pepper_canary/toolchain/mac_pnacl/bin/../lib/clang/3.7.0/lib/x86_64-nacl/crtbeginT.o
 .rela.text.__swrite
                0x0000000000000000        0x0 /Users/jkwang/Desktop/nacl_sdk/pepper_canary/toolchain/mac_pnacl/bin/../lib/clang/3.7.0/lib/x86_64-nacl/crtbeginT.o
 .rela.text.__sseek
                0x0000000000000000        0x0 /Users/jkwang/Desktop/nacl_sdk/pepper_canary/toolchain/mac_pnacl/bin/../lib/clang/3.7.0/lib/x86_64-nacl/crtbeginT.o
 .rela.text.__sclose
                0x0000000000000000        0x0 /Users/jkwang/Desktop/nacl_sdk/pepper_canary/toolchain/mac_pnacl/bin/../lib/clang/3.7.0/lib/x86_64-nacl/crtbeginT.o
 .rela.text.strcat
                0x0000000000000000        0x0 /Users/jkwang/Desktop/nacl_sdk/pepper_canary/toolchain/mac_pnacl/bin/../lib/clang/3.7.0/lib/x86_64-nacl/crtbeginT.o
 .rela.text._vfprintf_r
                0x0000000000000000        0x0 /Users/jkwang/Desktop/nacl_sdk/pepper_canary/toolchain/mac_pnacl/bin/../lib/clang/3.7.0/lib/x86_64-nacl/crtbeginT.o
 .rela.text.vsnprintf
                0x0000000000000000        0x0 /Users/jkwang/Desktop/nacl_sdk/pepper_canary/toolchain/mac_pnacl/bin/../lib/clang/3.7.0/lib/x86_64-nacl/crtbeginT.o
 .rela.text._vsnprintf_r
                0x0000000000000000        0x0 /Users/jkwang/Desktop/nacl_sdk/pepper_canary/toolchain/mac_pnacl/bin/../lib/clang/3.7.0/lib/x86_64-nacl/crtbeginT.o
 .rela.text.vsprintf
                0x0000000000000000        0x0 /Users/jkwang/Desktop/nacl_sdk/pepper_canary/toolchain/mac_pnacl/bin/../lib/clang/3.7.0/lib/x86_64-nacl/crtbeginT.o
 .rela.text._vsprintf_r
                0x0000000000000000        0x0 /Users/jkwang/Desktop/nacl_sdk/pepper_canary/toolchain/mac_pnacl/bin/../lib/clang/3.7.0/lib/x86_64-nacl/crtbeginT.o
 .rela.text._wcrtomb_r
                0x0000000000000000        0x0 /Users/jkwang/Desktop/nacl_sdk/pepper_canary/toolchain/mac_pnacl/bin/../lib/clang/3.7.0/lib/x86_64-nacl/crtbeginT.o
 .rela.text.wcrtomb
                0x0000000000000000        0x0 /Users/jkwang/Desktop/nacl_sdk/pepper_canary/toolchain/mac_pnacl/bin/../lib/clang/3.7.0/lib/x86_64-nacl/crtbeginT.o
 .rela.text._wcsrtombs_r
                0x0000000000000000        0x0 /Users/jkwang/Desktop/nacl_sdk/pepper_canary/toolchain/mac_pnacl/bin/../lib/clang/3.7.0/lib/x86_64-nacl/crtbeginT.o
 .rela.text.wcsrtombs
                0x0000000000000000        0x0 /Users/jkwang/Desktop/nacl_sdk/pepper_canary/toolchain/mac_pnacl/bin/../lib/clang/3.7.0/lib/x86_64-nacl/crtbeginT.o
 .rela.text._wctomb_r
                0x0000000000000000        0x0 /Users/jkwang/Desktop/nacl_sdk/pepper_canary/toolchain/mac_pnacl/bin/../lib/clang/3.7.0/lib/x86_64-nacl/crtbeginT.o
 .rela.text.__swsetup_r
                0x0000000000000000        0x0 /Users/jkwang/Desktop/nacl_sdk/pepper_canary/toolchain/mac_pnacl/bin/../lib/clang/3.7.0/lib/x86_64-nacl/crtbeginT.o
 .rela.text.__register_exitproc
                0x0000000000000000        0x0 /Users/jkwang/Desktop/nacl_sdk/pepper_canary/toolchain/mac_pnacl/bin/../lib/clang/3.7.0/lib/x86_64-nacl/crtbeginT.o
 .rela.text._dtoa_r
                0x0000000000000000        0x0 /Users/jkwang/Desktop/nacl_sdk/pepper_canary/toolchain/mac_pnacl/bin/../lib/clang/3.7.0/lib/x86_64-nacl/crtbeginT.o
 .rela.text.quorem
                0x0000000000000000        0x0 /Users/jkwang/Desktop/nacl_sdk/pepper_canary/toolchain/mac_pnacl/bin/../lib/clang/3.7.0/lib/x86_64-nacl/crtbeginT.o
 .rela.text.__sfvwrite_r
                0x0000000000000000        0x0 /Users/jkwang/Desktop/nacl_sdk/pepper_canary/toolchain/mac_pnacl/bin/../lib/clang/3.7.0/lib/x86_64-nacl/crtbeginT.o
 .rela.text._setlocale_r
                0x0000000000000000        0x0 /Users/jkwang/Desktop/nacl_sdk/pepper_canary/toolchain/mac_pnacl/bin/../lib/clang/3.7.0/lib/x86_64-nacl/crtbeginT.o
 .rela.text.loadlocale
                0x0000000000000000        0x0 /Users/jkwang/Desktop/nacl_sdk/pepper_canary/toolchain/mac_pnacl/bin/../lib/clang/3.7.0/lib/x86_64-nacl/crtbeginT.o
 .rela.text.__smakebuf_r
                0x0000000000000000        0x0 /Users/jkwang/Desktop/nacl_sdk/pepper_canary/toolchain/mac_pnacl/bin/../lib/clang/3.7.0/lib/x86_64-nacl/crtbeginT.o
 .rela.text.strcasecmp
                0x0000000000000000        0x0 /Users/jkwang/Desktop/nacl_sdk/pepper_canary/toolchain/mac_pnacl/bin/../lib/clang/3.7.0/lib/x86_64-nacl/crtbeginT.o
 .rela.text.strncasecmp
                0x0000000000000000        0x0 /Users/jkwang/Desktop/nacl_sdk/pepper_canary/toolchain/mac_pnacl/bin/../lib/clang/3.7.0/lib/x86_64-nacl/crtbeginT.o
 .rela.text._strtol_r
                0x0000000000000000        0x0 /Users/jkwang/Desktop/nacl_sdk/pepper_canary/toolchain/mac_pnacl/bin/../lib/clang/3.7.0/lib/x86_64-nacl/crtbeginT.o
 .rela.text._svfprintf_r
                0x0000000000000000        0x0 /Users/jkwang/Desktop/nacl_sdk/pepper_canary/toolchain/mac_pnacl/bin/../lib/clang/3.7.0/lib/x86_64-nacl/crtbeginT.o
 .rela.text.__sprint_r
                0x0000000000000000        0x0 /Users/jkwang/Desktop/nacl_sdk/pepper_canary/toolchain/mac_pnacl/bin/../lib/clang/3.7.0/lib/x86_64-nacl/crtbeginT.o
 .rela.text._vfiprintf_r
                0x0000000000000000        0x0 /Users/jkwang/Desktop/nacl_sdk/pepper_canary/toolchain/mac_pnacl/bin/../lib/clang/3.7.0/lib/x86_64-nacl/crtbeginT.o
 .rela.text._fputwc_r
                0x0000000000000000        0x0 /Users/jkwang/Desktop/nacl_sdk/pepper_canary/toolchain/mac_pnacl/bin/../lib/clang/3.7.0/lib/x86_64-nacl/crtbeginT.o
 *(.rela.fini)
 *(.rela.rodata .rela.rodata.* .rela.gnu.linkonce.r.*)
 *(.rela.data .rela.data.* .rela.gnu.linkonce.d.*)
 *(.rela.tdata .rela.tdata.* .rela.gnu.linkonce.td.*)
 *(.rela.tbss .rela.tbss.* .rela.gnu.linkonce.tb.*)
 *(.rela.ctors)
 *(.rela.dtors)
 *(.rela.got)
 .rela.got      0x0000000000000000        0x0 /Users/jkwang/Desktop/nacl_sdk/pepper_canary/toolchain/mac_pnacl/bin/../lib/clang/3.7.0/lib/x86_64-nacl/crtbeginT.o
 *(.rela.bss .rela.bss.* .rela.gnu.linkonce.b.*)
 *(.rela.ldata .rela.ldata.* .rela.gnu.linkonce.l.*)
 *(.rela.lbss .rela.lbss.* .rela.gnu.linkonce.lb.*)
 *(.rela.lrodata .rela.lrodata.* .rela.gnu.linkonce.lr.*)
 *(.rela.ifunc)

.rela.plt       0x00000000100201d0        0x0
 *(.rela.plt)
                0x00000000100201d0                PROVIDE (__rela_iplt_start, .)
 *(.rela.iplt)
 .rela.iplt     0x0000000000000000        0x0 /Users/jkwang/Desktop/nacl_sdk/pepper_canary/toolchain/mac_pnacl/bin/../lib/clang/3.7.0/lib/x86_64-nacl/crtbeginT.o
                0x00000000100201d0                PROVIDE (__rela_iplt_end, .)

.rodata         0x00000000100201d0     0x1468
 *(.rodata .rodata.* .gnu.linkonce.r.*)
 .rodata.str1.1
                0x00000000100201d0       0xd6 clang-newlib/Release/debugging_x86_64.o
 .rodata        0x00000000100202a6        0x6 clang-newlib/Release/debugging_x86_64.o
 .rodata.str1.1
                0x00000000100202ac      0x1ba /Users/jkwang/Desktop/nacl_sdk/pepper_canary/lib/clang-newlib_x86_64/Release/liberror_handling.a(error_handling_x86_64.o)
                                        0x1c1 (size before relaxing)
 .rodata.str1.1
                0x0000000010020466       0xad /Users/jkwang/Desktop/nacl_sdk/pepper_canary/toolchain/mac_pnacl/bin/../x86_64-nacl/lib/libppapi_stub.a(ppapi_plugin_start.o)
 .rodata.str1.1
                0x0000000010020513       0x22 /Users/jkwang/Desktop/nacl_sdk/pepper_canary/toolchain/mac_pnacl/bin/../x86_64-nacl/lib/libpthread.a(nc_thread.o)
 .rodata.str1.1
                0x0000000010020535       0x14 /Users/jkwang/Desktop/nacl_sdk/pepper_canary/toolchain/mac_pnacl/bin/../x86_64-nacl/lib/libpthread.a(valgrind_annotations.o)
                                         0x16 (size before relaxing)
 .rodata.str1.1
                0x0000000010020549       0x27 /Users/jkwang/Desktop/nacl_sdk/pepper_canary/toolchain/mac_pnacl/bin/../x86_64-nacl/lib/libpthread.a(nc_init_irt.o)
 .rodata.str1.1
                0x0000000010020570       0x55 /Users/jkwang/Desktop/nacl_sdk/pepper_canary/toolchain/mac_pnacl/bin/../x86_64-nacl/lib/libnacl.a(nacl_irt.o)
 *fill*         0x00000000100205c5        0xb 
 .rodata.cst16  0x00000000100205d0       0x50 /Users/jkwang/Desktop/nacl_sdk/pepper_canary/toolchain/mac_pnacl/bin/../x86_64-nacl/lib/libnacl.a(malloc.o)
 .rodata.str1.1
                0x0000000010020620       0x4e /Users/jkwang/Desktop/nacl_sdk/pepper_canary/toolchain/mac_pnacl/bin/../x86_64-nacl/lib/libnacl.a(malloc.o)
 .rodata.str1.1
                0x000000001002066e       0x88 /Users/jkwang/Desktop/nacl_sdk/pepper_canary/toolchain/mac_pnacl/bin/../x86_64-nacl/lib/libnacl.a(nacl_irt_init.o)
 *fill*         0x00000000100206f6        0xa 
 .rodata        0x0000000010020700       0x13 /Users/jkwang/Desktop/nacl_sdk/pepper_canary/toolchain/mac_pnacl/bin/../x86_64-nacl/lib/libnacl.a(abort.o)
 *fill*         0x0000000010020713        0x1 
 .rodata._global_impure_ptr
                0x0000000010020714        0x4 /Users/jkwang/Desktop/nacl_sdk/pepper_canary/toolchain/mac_pnacl/bin/../x86_64-nacl/lib/libcrt_common.a(lib_a-impure.o)
                0x0000000010020714                _global_impure_ptr
 .rodata.str1.1
                0x0000000000000000       0x88 /Users/jkwang/Desktop/nacl_sdk/pepper_canary/toolchain/mac_pnacl/bin/../x86_64-nacl/lib/libcrt_common.a(lib_a-impure.o)
                                          0x2 (size before relaxing)
 *fill*         0x0000000010020718        0x8 
 .rodata.cst16  0x0000000010020720       0x20 /Users/jkwang/Desktop/nacl_sdk/pepper_canary/toolchain/mac_pnacl/bin/../x86_64-nacl/lib/libcrt_common.a(lib_a-vfprintf.o)
 .rodata.cst8   0x0000000010020740       0x20 /Users/jkwang/Desktop/nacl_sdk/pepper_canary/toolchain/mac_pnacl/bin/../x86_64-nacl/lib/libcrt_common.a(lib_a-vfprintf.o)
 .rodata._vfprintf_r
                0x0000000010020760      0x14c /Users/jkwang/Desktop/nacl_sdk/pepper_canary/toolchain/mac_pnacl/bin/../x86_64-nacl/lib/libcrt_common.a(lib_a-vfprintf.o)
 *fill*         0x00000000100208ac        0x4 
 .rodata._vfprintf_r.blanks
                0x00000000100208b0       0x10 /Users/jkwang/Desktop/nacl_sdk/pepper_canary/toolchain/mac_pnacl/bin/../x86_64-nacl/lib/libcrt_common.a(lib_a-vfprintf.o)
 .rodata._vfprintf_r.zeroes
                0x00000000100208c0       0x10 /Users/jkwang/Desktop/nacl_sdk/pepper_canary/toolchain/mac_pnacl/bin/../x86_64-nacl/lib/libcrt_common.a(lib_a-vfprintf.o)
 .rodata.str1.1
                0x00000000100208d0       0x53 /Users/jkwang/Desktop/nacl_sdk/pepper_canary/toolchain/mac_pnacl/bin/../x86_64-nacl/lib/libcrt_common.a(lib_a-vfprintf.o)
                                         0x55 (size before relaxing)
 *fill*         0x0000000010020923        0x5 
 .rodata.cst8   0x0000000010020928       0x48 /Users/jkwang/Desktop/nacl_sdk/pepper_canary/toolchain/mac_pnacl/bin/../x86_64-nacl/lib/libcrt_common.a(lib_a-dtoa.o)
                                         0x50 (size before relaxing)
 .rodata.cst16  0x0000000000000000       0x10 /Users/jkwang/Desktop/nacl_sdk/pepper_canary/toolchain/mac_pnacl/bin/../x86_64-nacl/lib/libcrt_common.a(lib_a-dtoa.o)
 .rodata._dtoa_r
                0x0000000010020970       0x18 /Users/jkwang/Desktop/nacl_sdk/pepper_canary/toolchain/mac_pnacl/bin/../x86_64-nacl/lib/libcrt_common.a(lib_a-dtoa.o)
 .rodata.str1.1
                0x0000000010020988        0xd /Users/jkwang/Desktop/nacl_sdk/pepper_canary/toolchain/mac_pnacl/bin/../x86_64-nacl/lib/libcrt_common.a(lib_a-dtoa.o)
                                          0xf (size before relaxing)
 *fill*         0x0000000010020995        0x3 
 .rodata.loadlocale
                0x0000000010020998       0xd4 /Users/jkwang/Desktop/nacl_sdk/pepper_canary/toolchain/mac_pnacl/bin/../x86_64-nacl/lib/libcrt_common.a(lib_a-locale.o)
 .rodata.str1.1
                0x0000000010020a6c       0xe8 /Users/jkwang/Desktop/nacl_sdk/pepper_canary/toolchain/mac_pnacl/bin/../x86_64-nacl/lib/libcrt_common.a(lib_a-locale.o)
                                         0xf4 (size before relaxing)
 *fill*         0x0000000010020b54        0xc 
 .rodata.categories
                0x0000000010020b60       0x1c /Users/jkwang/Desktop/nacl_sdk/pepper_canary/toolchain/mac_pnacl/bin/../x86_64-nacl/lib/libcrt_common.a(lib_a-locale.o)
 .rodata.__jis_mbtowc
                0x0000000010020b7c       0x18 /Users/jkwang/Desktop/nacl_sdk/pepper_canary/toolchain/mac_pnacl/bin/../x86_64-nacl/lib/libcrt_common.a(lib_a-mbtowc_r.o)
 *fill*         0x0000000010020b94        0xc 
 .rodata.JIS_action_table
                0x0000000010020ba0      0x120 /Users/jkwang/Desktop/nacl_sdk/pepper_canary/toolchain/mac_pnacl/bin/../x86_64-nacl/lib/libcrt_common.a(lib_a-mbtowc_r.o)
 .rodata.JIS_state_table
                0x0000000010020cc0      0x120 /Users/jkwang/Desktop/nacl_sdk/pepper_canary/toolchain/mac_pnacl/bin/../x86_64-nacl/lib/libcrt_common.a(lib_a-mbtowc_r.o)
 .rodata.cst8   0x0000000010020de0        0x8 /Users/jkwang/Desktop/nacl_sdk/pepper_canary/toolchain/mac_pnacl/bin/../x86_64-nacl/lib/libcrt_common.a(lib_a-mprec.o)
                                         0x18 (size before relaxing)
 .rodata.__pow5mult.p05
                0x0000000010020de8        0xc /Users/jkwang/Desktop/nacl_sdk/pepper_canary/toolchain/mac_pnacl/bin/../x86_64-nacl/lib/libcrt_common.a(lib_a-mprec.o)
 *fill*         0x0000000010020df4        0xc 
 .rodata.__mprec_tens
                0x0000000010020e00       0xc8 /Users/jkwang/Desktop/nacl_sdk/pepper_canary/toolchain/mac_pnacl/bin/../x86_64-nacl/lib/libcrt_common.a(lib_a-mprec.o)
                0x0000000010020e00                __mprec_tens
 *fill*         0x0000000010020ec8        0x8 
 .rodata.__mprec_bigtens
                0x0000000010020ed0       0x28 /Users/jkwang/Desktop/nacl_sdk/pepper_canary/toolchain/mac_pnacl/bin/../x86_64-nacl/lib/libcrt_common.a(lib_a-mprec.o)
                0x0000000010020ed0                __mprec_bigtens
 *fill*         0x0000000010020ef8        0x8 
 .rodata.__mprec_tinytens
                0x0000000010020f00       0x28 /Users/jkwang/Desktop/nacl_sdk/pepper_canary/toolchain/mac_pnacl/bin/../x86_64-nacl/lib/libcrt_common.a(lib_a-mprec.o)
                0x0000000010020f00                __mprec_tinytens
 .rodata.cst8   0x0000000010020f28        0x8 /Users/jkwang/Desktop/nacl_sdk/pepper_canary/toolchain/mac_pnacl/bin/../x86_64-nacl/lib/libcrt_common.a(lib_a-s_frexp.o)
 .rodata.cst16  0x0000000000000000       0x20 /Users/jkwang/Desktop/nacl_sdk/pepper_canary/toolchain/mac_pnacl/bin/../x86_64-nacl/lib/libcrt_common.a(lib_a-svfprintf.o)
 .rodata.cst8   0x0000000000000000       0x20 /Users/jkwang/Desktop/nacl_sdk/pepper_canary/toolchain/mac_pnacl/bin/../x86_64-nacl/lib/libcrt_common.a(lib_a-svfprintf.o)
 .rodata._svfprintf_r
                0x0000000010020f30      0x14c /Users/jkwang/Desktop/nacl_sdk/pepper_canary/toolchain/mac_pnacl/bin/../x86_64-nacl/lib/libcrt_common.a(lib_a-svfprintf.o)
 *fill*         0x000000001002107c        0x4 
 .rodata._svfprintf_r.blanks
                0x0000000010021080       0x10 /Users/jkwang/Desktop/nacl_sdk/pepper_canary/toolchain/mac_pnacl/bin/../x86_64-nacl/lib/libcrt_common.a(lib_a-svfprintf.o)
 .rodata._svfprintf_r.zeroes
                0x0000000010021090       0x10 /Users/jkwang/Desktop/nacl_sdk/pepper_canary/toolchain/mac_pnacl/bin/../x86_64-nacl/lib/libcrt_common.a(lib_a-svfprintf.o)
 .rodata.str1.1
                0x0000000000000000       0x55 /Users/jkwang/Desktop/nacl_sdk/pepper_canary/toolchain/mac_pnacl/bin/../x86_64-nacl/lib/libcrt_common.a(lib_a-svfprintf.o)
 .rodata._vfiprintf_r
                0x00000000100210a0      0x11c /Users/jkwang/Desktop/nacl_sdk/pepper_canary/toolchain/mac_pnacl/bin/../x86_64-nacl/lib/libcrt_common.a(lib_a-vfiprintf.o)
 *fill*         0x00000000100211bc        0x4 
 .rodata._vfiprintf_r.blanks
                0x00000000100211c0       0x10 /Users/jkwang/Desktop/nacl_sdk/pepper_canary/toolchain/mac_pnacl/bin/../x86_64-nacl/lib/libcrt_common.a(lib_a-vfiprintf.o)
 .rodata._vfiprintf_r.zeroes
                0x00000000100211d0       0x10 /Users/jkwang/Desktop/nacl_sdk/pepper_canary/toolchain/mac_pnacl/bin/../x86_64-nacl/lib/libcrt_common.a(lib_a-vfiprintf.o)
 .rodata.str1.1
                0x0000000000000000       0x43 /Users/jkwang/Desktop/nacl_sdk/pepper_canary/toolchain/mac_pnacl/bin/../x86_64-nacl/lib/libcrt_common.a(lib_a-vfiprintf.o)
 .rodata._ctype_b
                0x00000000100211e0      0x180 /Users/jkwang/Desktop/nacl_sdk/pepper_canary/toolchain/mac_pnacl/bin/../x86_64-nacl/lib/libcrt_common.a(lib_a-ctype_.o)
 .rodata._ctype_
                0x0000000010021360      0x101 /Users/jkwang/Desktop/nacl_sdk/pepper_canary/toolchain/mac_pnacl/bin/../x86_64-nacl/lib/libcrt_common.a(lib_a-ctype_.o)
                0x0000000010021360                _ctype_
 *fill*         0x0000000010021461        0x3 
 .rodata._svfiprintf_r
                0x0000000010021464      0x11c /Users/jkwang/Desktop/nacl_sdk/pepper_canary/toolchain/mac_pnacl/bin/../x86_64-nacl/lib/libcrt_common.a(lib_a-svfiprintf.o)
 .rodata._svfiprintf_r.blanks
                0x0000000010021580       0x10 /Users/jkwang/Desktop/nacl_sdk/pepper_canary/toolchain/mac_pnacl/bin/../x86_64-nacl/lib/libcrt_common.a(lib_a-svfiprintf.o)
 .rodata._svfiprintf_r.zeroes
                0x0000000010021590       0x10 /Users/jkwang/Desktop/nacl_sdk/pepper_canary/toolchain/mac_pnacl/bin/../x86_64-nacl/lib/libcrt_common.a(lib_a-svfiprintf.o)
 .rodata.str1.1
                0x0000000000000000       0x43 /Users/jkwang/Desktop/nacl_sdk/pepper_canary/toolchain/mac_pnacl/bin/../x86_64-nacl/lib/libcrt_common.a(lib_a-svfiprintf.o)
 .rodata.str1.1
                0x00000000100215a0       0x2c /Users/jkwang/Desktop/nacl_sdk/pepper_canary/toolchain/mac_pnacl/bin/../x86_64-nacl/lib/libnacl.a(nacl_irt_fdio.o)
                                         0x42 (size before relaxing)
 *fill*         0x00000000100215cc        0x4 
 .rodata        0x00000000100215d0       0x68 /Users/jkwang/Desktop/nacl_sdk/pepper_canary/toolchain/mac_pnacl/bin/../lib/clang/3.7.0/lib/x86_64-nacl/libgcc_eh.a(unwind-dw2-fde-glibc.o)

.rodata1
 *(.rodata1)

.eh_frame_hdr
 *(.eh_frame_hdr)

.eh_frame
 *(.eh_frame)

.gcc_except_table
 *(.gcc_except_table .gcc_except_table.*)

.exception_ranges
 *(.exception_ranges .exception_ranges*)
                0x0000000010021638                . = (ALIGN (0x10000) - ((0x10000 - .) & 0xffff))
                0x0000000010031638                . = DATA_SEGMENT_ALIGN (0x10000, 0x10000)

.eh_frame       0x0000000010031638     0x2c64
 *(.eh_frame)
 .eh_frame      0x0000000010031638       0x58 /Users/jkwang/Desktop/nacl_sdk/pepper_canary/toolchain/mac_pnacl/bin/../lib/clang/3.7.0/lib/x86_64-nacl/crtbeginT.o
                                         0x50 (size before relaxing)
 .eh_frame      0x0000000010031690      0x220 clang-newlib/Release/debugging_x86_64.o
                                        0x200 (size before relaxing)
 .eh_frame      0x00000000100318b0      0x108 /Users/jkwang/Desktop/nacl_sdk/pepper_canary/lib/clang-newlib_x86_64/Release/liberror_handling.a(error_handling_x86_64.o)
 .eh_frame      0x00000000100319b8       0x88 /Users/jkwang/Desktop/nacl_sdk/pepper_canary/lib/clang-newlib_x86_64/Release/liberror_handling.a(string_stream_x86_64.o)
                                         0x90 (size before relaxing)
 .eh_frame      0x0000000010031a40       0x38 /Users/jkwang/Desktop/nacl_sdk/pepper_canary/toolchain/mac_pnacl/bin/../x86_64-nacl/lib/libppapi_stub.a(plugin_main_irt.o)
                                         0x34 (size before relaxing)
 .eh_frame      0x0000000010031a78       0x20 /Users/jkwang/Desktop/nacl_sdk/pepper_canary/toolchain/mac_pnacl/bin/../x86_64-nacl/lib/libppapi_stub.a(ppapi_plugin_main.o)
                                         0x34 (size before relaxing)
 .eh_frame      0x0000000010031a98       0x40 /Users/jkwang/Desktop/nacl_sdk/pepper_canary/toolchain/mac_pnacl/bin/../x86_64-nacl/lib/libppapi_stub.a(ppapi_plugin_start.o)
                                         0x50 (size before relaxing)
 .eh_frame      0x0000000010031ad8       0x60 /Users/jkwang/Desktop/nacl_sdk/pepper_canary/toolchain/mac_pnacl/bin/../x86_64-nacl/lib/libppapi_stub.a(thread_creator.o)
                                         0x6c (size before relaxing)
 .eh_frame      0x0000000010031b38      0x428 /Users/jkwang/Desktop/nacl_sdk/pepper_canary/toolchain/mac_pnacl/bin/../x86_64-nacl/lib/libpthread.a(nc_thread.o)
                                        0x3ec (size before relaxing)
 .eh_frame      0x0000000010031f60      0x170 /Users/jkwang/Desktop/nacl_sdk/pepper_canary/toolchain/mac_pnacl/bin/../x86_64-nacl/lib/libpthread.a(nc_mutex.o)
                                        0x164 (size before relaxing)
 .eh_frame      0x00000000100320d0      0x140 /Users/jkwang/Desktop/nacl_sdk/pepper_canary/toolchain/mac_pnacl/bin/../x86_64-nacl/lib/libpthread.a(nc_condvar.o)
                                        0x130 (size before relaxing)
 .eh_frame      0x0000000010032210      0x390 /Users/jkwang/Desktop/nacl_sdk/pepper_canary/toolchain/mac_pnacl/bin/../x86_64-nacl/lib/libpthread.a(valgrind_annotations.o)
                                        0x310 (size before relaxing)
 .eh_frame      0x00000000100325a0       0x18 /Users/jkwang/Desktop/nacl_sdk/pepper_canary/toolchain/mac_pnacl/bin/../x86_64-nacl/lib/libpthread.a(nc_init_irt.o)
                                         0x2c (size before relaxing)
 .eh_frame      0x00000000100325b8      0x128 /Users/jkwang/Desktop/nacl_sdk/pepper_canary/toolchain/mac_pnacl/bin/../x86_64-nacl/lib/libnacl.a(nacl_irt.o)
                                        0x11c (size before relaxing)
 .eh_frame      0x00000000100326e0       0x18 /Users/jkwang/Desktop/nacl_sdk/pepper_canary/toolchain/mac_pnacl/bin/../x86_64-nacl/lib/libnacl.a(_exit.o)
                                         0x2c (size before relaxing)
 .eh_frame      0x00000000100326f8       0x20 /Users/jkwang/Desktop/nacl_sdk/pepper_canary/toolchain/mac_pnacl/bin/../x86_64-nacl/lib/libnacl.a(mmap.o)
                                         0x34 (size before relaxing)
 .eh_frame      0x0000000010032718       0x18 /Users/jkwang/Desktop/nacl_sdk/pepper_canary/toolchain/mac_pnacl/bin/../x86_64-nacl/lib/libnacl.a(munmap.o)
                                         0x30 (size before relaxing)
 .eh_frame      0x0000000010032730       0x18 /Users/jkwang/Desktop/nacl_sdk/pepper_canary/toolchain/mac_pnacl/bin/../x86_64-nacl/lib/libnacl.a(nacl_interface_query.o)
                                         0x2c (size before relaxing)
 .eh_frame      0x0000000010032748       0x20 /Users/jkwang/Desktop/nacl_sdk/pepper_canary/toolchain/mac_pnacl/bin/../x86_64-nacl/lib/libnacl.a(write.o)
                                         0x34 (size before relaxing)
 .eh_frame      0x0000000010032768      0x3e8 /Users/jkwang/Desktop/nacl_sdk/pepper_canary/toolchain/mac_pnacl/bin/../x86_64-nacl/lib/libnacl.a(malloc.o)
                                        0x3cc (size before relaxing)
 .eh_frame      0x0000000010032b50       0x28 /Users/jkwang/Desktop/nacl_sdk/pepper_canary/toolchain/mac_pnacl/bin/../x86_64-nacl/lib/libnacl.a(start.o)
                                         0x40 (size before relaxing)
 .eh_frame      0x0000000010032b78       0x18 /Users/jkwang/Desktop/nacl_sdk/pepper_canary/toolchain/mac_pnacl/bin/../x86_64-nacl/lib/libnacl.a(nacl_add_tp.o)
                                         0x30 (size before relaxing)
 .eh_frame      0x0000000010032b90       0x18 /Users/jkwang/Desktop/nacl_sdk/pepper_canary/toolchain/mac_pnacl/bin/../x86_64-nacl/lib/libnacl.a(nacl_read_tp.o)
                                         0x2c (size before relaxing)
 .eh_frame      0x0000000010032ba8       0x18 /Users/jkwang/Desktop/nacl_sdk/pepper_canary/toolchain/mac_pnacl/bin/../x86_64-nacl/lib/libnacl.a(pthread_initialize_minimal.o)
                                         0x30 (size before relaxing)
 .eh_frame      0x0000000010032bc0       0x58 /Users/jkwang/Desktop/nacl_sdk/pepper_canary/toolchain/mac_pnacl/bin/../x86_64-nacl/lib/libnacl.a(tls.o)
                                         0x6c (size before relaxing)
 .eh_frame      0x0000000010032c18       0x30 /Users/jkwang/Desktop/nacl_sdk/pepper_canary/toolchain/mac_pnacl/bin/../x86_64-nacl/lib/libnacl.a(nacl_irt_init.o)
                                         0x40 (size before relaxing)
 .eh_frame      0x0000000010032c48       0x18 /Users/jkwang/Desktop/nacl_sdk/pepper_canary/toolchain/mac_pnacl/bin/../x86_64-nacl/lib/libnacl.a(nacl_tls_get.o)
                                         0x2c (size before relaxing)
 .eh_frame      0x0000000010032c60       0x18 /Users/jkwang/Desktop/nacl_sdk/pepper_canary/toolchain/mac_pnacl/bin/../x86_64-nacl/lib/libnacl.a(nacl_tls_init.o)
                                         0x2c (size before relaxing)