Archive member included to satisfy reference by file (symbol)

/Users/jkwang/Desktop/nacl_sdk/pepper_canary/lib/clang-newlib_arm/Release/liberror_handling.a(error_handling_arm.o)
                              clang-newlib/Release/debugging_arm.o (EHRequestExceptionsJson)
/Users/jkwang/Desktop/nacl_sdk/pepper_canary/lib/clang-newlib_arm/Release/liberror_handling.a(string_stream_arm.o)
                              /Users/jkwang/Desktop/nacl_sdk/pepper_canary/lib/clang-newlib_arm/Release/liberror_handling.a(error_handling_arm.o) (ssinit)
/Users/jkwang/Desktop/nacl_sdk/pepper_canary/toolchain/mac_pnacl/bin/../arm-nacl/lib/libppapi_stub.a(plugin_main_irt.o)
                              (main)
/Users/jkwang/Desktop/nacl_sdk/pepper_canary/toolchain/mac_pnacl/bin/../arm-nacl/lib/libppapi_stub.a(ppapi_plugin_main.o)
                              /Users/jkwang/Desktop/nacl_sdk/pepper_canary/toolchain/mac_pnacl/bin/../arm-nacl/lib/libppapi_stub.a(plugin_main_irt.o) (PpapiPluginMain)
/Users/jkwang/Desktop/nacl_sdk/pepper_canary/toolchain/mac_pnacl/bin/../arm-nacl/lib/libppapi_stub.a(ppapi_plugin_start.o)
                              /Users/jkwang/Desktop/nacl_sdk/pepper_canary/toolchain/mac_pnacl/bin/../arm-nacl/lib/libppapi_stub.a(ppapi_plugin_main.o) (PpapiPluginStart)
/Users/jkwang/Desktop/nacl_sdk/pepper_canary/toolchain/mac_pnacl/bin/../arm-nacl/lib/libppapi_stub.a(thread_creator.o)
                              /Users/jkwang/Desktop/nacl_sdk/pepper_canary/toolchain/mac_pnacl/bin/../arm-nacl/lib/libppapi_stub.a(ppapi_plugin_start.o) (__nacl_register_thread_creator)
/Users/jkwang/Desktop/nacl_sdk/pepper_canary/toolchain/mac_pnacl/bin/../arm-nacl/lib/libpthread.a(nc_thread.o)
                              clang-newlib/Release/debugging_arm.o (pthread_create)
/Users/jkwang/Desktop/nacl_sdk/pepper_canary/toolchain/mac_pnacl/bin/../arm-nacl/lib/libpthread.a(nc_mutex.o)
                              /Users/jkwang/Desktop/nacl_sdk/pepper_canary/toolchain/mac_pnacl/bin/../arm-nacl/lib/libpthread.a(nc_thread.o) (pthread_mutex_destroy)
/Users/jkwang/Desktop/nacl_sdk/pepper_canary/toolchain/mac_pnacl/bin/../arm-nacl/lib/libpthread.a(nc_condvar.o)
                              /Users/jkwang/Desktop/nacl_sdk/pepper_canary/toolchain/mac_pnacl/bin/../arm-nacl/lib/libpthread.a(nc_thread.o) (pthread_cond_destroy)
/Users/jkwang/Desktop/nacl_sdk/pepper_canary/toolchain/mac_pnacl/bin/../arm-nacl/lib/libpthread.a(valgrind_annotations.o)
                              /Users/jkwang/Desktop/nacl_sdk/pepper_canary/toolchain/mac_pnacl/bin/../arm-nacl/lib/libpthread.a(nc_thread.o) (NACL_AnnotateCondVarWait)
/Users/jkwang/Desktop/nacl_sdk/pepper_canary/toolchain/mac_pnacl/bin/../arm-nacl/lib/libpthread.a(nc_init_irt.o)
                              /Users/jkwang/Desktop/nacl_sdk/pepper_canary/toolchain/mac_pnacl/bin/../arm-nacl/lib/libpthread.a(nc_mutex.o) (__libnacl_irt_futex)
/Users/jkwang/Desktop/nacl_sdk/pepper_canary/toolchain/mac_pnacl/bin/../arm-nacl/lib/libnacl.a(nacl_irt.o)
                              /Users/jkwang/Desktop/nacl_sdk/pepper_canary/toolchain/mac_pnacl/bin/../arm-nacl/lib/libpthread.a(nc_init_irt.o) (__libnacl_mandatory_irt_query)
/Users/jkwang/Desktop/nacl_sdk/pepper_canary/toolchain/mac_pnacl/bin/../arm-nacl/lib/libnacl.a(_exit.o)
                              (_exit)
/Users/jkwang/Desktop/nacl_sdk/pepper_canary/toolchain/mac_pnacl/bin/../arm-nacl/lib/libnacl.a(mmap.o)
                              /Users/jkwang/Desktop/nacl_sdk/pepper_canary/lib/clang-newlib_arm/Release/liberror_handling.a(error_handling_arm.o) (mmap)
/Users/jkwang/Desktop/nacl_sdk/pepper_canary/toolchain/mac_pnacl/bin/../arm-nacl/lib/libnacl.a(munmap.o)
                              /Users/jkwang/Desktop/nacl_sdk/pepper_canary/lib/clang-newlib_arm/Release/liberror_handling.a(error_handling_arm.o) (munmap)
/Users/jkwang/Desktop/nacl_sdk/pepper_canary/toolchain/mac_pnacl/bin/../arm-nacl/lib/libnacl.a(nacl_interface_query.o)
                              /Users/jkwang/Desktop/nacl_sdk/pepper_canary/lib/clang-newlib_arm/Release/liberror_handling.a(error_handling_arm.o) (nacl_interface_query)
/Users/jkwang/Desktop/nacl_sdk/pepper_canary/toolchain/mac_pnacl/bin/../arm-nacl/lib/libnacl.a(write.o)
                              /Users/jkwang/Desktop/nacl_sdk/pepper_canary/toolchain/mac_pnacl/bin/../arm-nacl/lib/libppapi_stub.a(ppapi_plugin_start.o) (write)
/Users/jkwang/Desktop/nacl_sdk/pepper_canary/toolchain/mac_pnacl/bin/../arm-nacl/lib/libnacl.a(environ.o)
                              /Users/jkwang/Desktop/nacl_sdk/pepper_canary/toolchain/mac_pnacl/bin/../arm-nacl/lib/libppapi_stub.a(ppapi_plugin_start.o) (environ)
/Users/jkwang/Desktop/nacl_sdk/pepper_canary/toolchain/mac_pnacl/bin/../arm-nacl/lib/libnacl.a(malloc.o)
                              /Users/jkwang/Desktop/nacl_sdk/pepper_canary/toolchain/mac_pnacl/bin/../arm-nacl/lib/libpthread.a(nc_thread.o) (calloc)
[...]
Memory Configuration

Name             Origin             Length             Attributes
*default*        0x0000000000000000 0xffffffffffffffff

Linker script and memory map

LOAD /Users/jkwang/Desktop/nacl_sdk/pepper_canary/toolchain/mac_pnacl/bin/../arm-nacl/lib/crt1.o
LOAD /Users/jkwang/Desktop/nacl_sdk/pepper_canary/toolchain/mac_pnacl/bin/../arm-nacl/lib/crti.o
LOAD /Users/jkwang/Desktop/nacl_sdk/pepper_canary/toolchain/mac_pnacl/bin/../lib/clang/3.7.0/lib/arm-nacl/crtbeginT.o
LOAD clang-newlib/Release/debugging_arm.o
LOAD /Users/jkwang/Desktop/nacl_sdk/pepper_canary/lib/clang-newlib_arm/Release/liberror_handling.a
LOAD /Users/jkwang/Desktop/nacl_sdk/pepper_canary/toolchain/mac_pnacl/bin/../arm-nacl/lib/libppapi.a
LOAD /Users/jkwang/Desktop/nacl_sdk/pepper_canary/toolchain/mac_pnacl/bin/../arm-nacl/lib/libppapi_stub.a
LOAD /Users/jkwang/Desktop/nacl_sdk/pepper_canary/toolchain/mac_pnacl/bin/../arm-nacl/lib/libpthread.a
LOAD /Users/jkwang/Desktop/nacl_sdk/pepper_canary/toolchain/mac_pnacl/bin/../arm-nacl/lib/libc++.a
LOAD /Users/jkwang/Desktop/nacl_sdk/pepper_canary/toolchain/mac_pnacl/bin/../arm-nacl/lib/libm.a
START GROUP
LOAD /Users/jkwang/Desktop/nacl_sdk/pepper_canary/toolchain/mac_pnacl/bin/../arm-nacl/lib/libc.a
START GROUP
LOAD /Users/jkwang/Desktop/nacl_sdk/pepper_canary/toolchain/mac_pnacl/bin/../arm-nacl/lib/libnacl.a
LOAD /Users/jkwang/Desktop/nacl_sdk/pepper_canary/toolchain/mac_pnacl/bin/../arm-nacl/lib/libcrt_common.a
END GROUP
LOAD /Users/jkwang/Desktop/nacl_sdk/pepper_canary/toolchain/mac_pnacl/bin/../arm-nacl/lib/libpthread.a
LOAD /Users/jkwang/Desktop/nacl_sdk/pepper_canary/toolchain/mac_pnacl/bin/../lib/clang/3.7.0/lib/arm-nacl/libgcc.a
LOAD /Users/jkwang/Desktop/nacl_sdk/pepper_canary/toolchain/mac_pnacl/bin/../lib/clang/3.7.0/lib/arm-nacl/libgcc_eh.a
END GROUP
LOAD /Users/jkwang/Desktop/nacl_sdk/pepper_canary/toolchain/mac_pnacl/bin/../lib/clang/3.7.0/lib/arm-nacl/crtend.o
LOAD /Users/jkwang/Desktop/nacl_sdk/pepper_canary/toolchain/mac_pnacl/bin/../arm-nacl/lib/crtn.o
                0x0000000000020000                PROVIDE (__executable_start, 0x20000)
                0x0000000000020000                . = 0x20000

.init
 *(SORT(.init))

.plt
 *(.plt)

.iplt           0x0000000000020000        0x0
 *(.iplt)
 .iplt          0x0000000000020000        0x0 /Users/jkwang/Desktop/nacl_sdk/pepper_canary/toolchain/mac_pnacl/bin/../arm-nacl/lib/crti.o

.text           0x0000000000020000    0x23720
 *(.text.unlikely .text.*_unlikely .text.unlikely.*)
 *(.text.exit .text.exit.*)
 .text.exit     0x0000000000020000       0x60 /Users/jkwang/Desktop/nacl_sdk/pepper_canary/toolchain/mac_pnacl/bin/../arm-nacl/lib/libcrt_common.a(lib_a-exit.o)
                0x0000000000020000                exit
 *(.text.startup .text.startup.*)
 *(.text.hot .text.hot.*)
 *(.text .stub .text.* .gnu.linkonce.t.*)
 .text          0x0000000000020060       0x20 /Users/jkwang/Desktop/nacl_sdk/pepper_canary/toolchain/mac_pnacl/bin/../arm-nacl/lib/crti.o
                0x0000000000020060                _init
                0x0000000000020070                _fini
 .text          0x0000000000020080       0x30 /Users/jkwang/Desktop/nacl_sdk/pepper_canary/toolchain/mac_pnacl/bin/../lib/clang/3.7.0/lib/arm-nacl/crtbeginT.o
 .text          0x00000000000200b0      0x5c0 clang-newlib/Release/debugging_arm.o
                0x00000000000200b0                layer5
                0x00000000000200e0                layer4
                0x0000000000020110                layer3
                0x0000000000020140                layer2
                0x0000000000020170                layer1
                0x00000000000201a0                NexeMain
                0x0000000000020200                PostMessage
                0x0000000000020390                DumpJson
                0x0000000000020400                PPP_InitializeModule
                0x0000000000020480                PPP_GetInterface
                0x0000000000020660                PPP_ShutdownModule
 .text          0x0000000000020670      0x830 /Users/jkwang/Desktop/nacl_sdk/pepper_canary/lib/clang-newlib_arm/Release/liberror_handling.a(error_handling_arm.o)
                0x0000000000020670                EHGetTopFrame
                0x00000000000206c0                EHUnwindFrame
                0x0000000000020740                EHDefaultJsonHandler
                0x0000000000020a40                EHRequestExceptionsRaw
                0x0000000000020c50                EHRequestExceptionStackOnThread
                0x0000000000020e20                EHRequestExceptionsJson
                0x0000000000020e80                EHHanderInstalled
 .text          0x0000000000020ea0      0x1c0 /Users/jkwang/Desktop/nacl_sdk/pepper_canary/lib/clang-newlib_arm/Release/liberror_handling.a(string_stream_arm.o)
                0x0000000000020ea0                ssinit
                0x0000000000020ec0                ssfree
                0x0000000000020f00                ssvprintf
                0x0000000000021000                ssprintf
 .text          0x0000000000021060        0x0 /Users/jkwang/Desktop/nacl_sdk/pepper_canary/toolchain/mac_pnacl/bin/../arm-nacl/lib/libppapi_stub.a(plugin_main_irt.o)
 .text.main     0x0000000000021060        0x4 /Users/jkwang/Desktop/nacl_sdk/pepper_canary/toolchain/mac_pnacl/bin/../arm-nacl/lib/libppapi_stub.a(plugin_main_irt.o)
                0x0000000000021060                main
 .text          0x0000000000021064        0x0 /Users/jkwang/Desktop/nacl_sdk/pepper_canary/toolchain/mac_pnacl/bin/../arm-nacl/lib/libppapi_stub.a(ppapi_plugin_main.o)
 *fill*         0x0000000000021064        0xc 
 .text.PpapiPluginMain
                0x0000000000021070       0x28 /Users/jkwang/Desktop/nacl_sdk/pepper_canary/toolchain/mac_pnacl/bin/../arm-nacl/lib/libppapi_stub.a(ppapi_plugin_main.o)
                0x0000000000021070                PpapiPluginMain
 .text          0x0000000000021098        0x0 /Users/jkwang/Desktop/nacl_sdk/pepper_canary/toolchain/mac_pnacl/bin/../arm-nacl/lib/libppapi_stub.a(ppapi_plugin_start.o)
 *fill*         0x0000000000021098        0x8 
 .text.PpapiPluginStart
                0x00000000000210a0      0x128 /Users/jkwang/Desktop/nacl_sdk/pepper_canary/toolchain/mac_pnacl/bin/../arm-nacl/lib/libppapi_stub.a(ppapi_plugin_start.o)
                0x00000000000210a0                PpapiPluginStart
 *fill*         0x00000000000211c8        0x8 
 .text.fatal_error
                0x00000000000211d0       0x2c /Users/jkwang/Desktop/nacl_sdk/pepper_canary/toolchain/mac_pnacl/bin/../arm-nacl/lib/libppapi_stub.a(ppapi_plugin_start.o)
 .text          0x00000000000211fc        0x0 /Users/jkwang/Desktop/nacl_sdk/pepper_canary/toolchain/mac_pnacl/bin/../arm-nacl/lib/libppapi_stub.a(thread_creator.o)
 *fill*         0x00000000000211fc        0x4 
 .text.__nacl_register_thread_creator
                0x0000000000021200       0x38 /Users/jkwang/Desktop/nacl_sdk/pepper_canary/toolchain/mac_pnacl/bin/../arm-nacl/lib/libppapi_stub.a(thread_creator.o)
                0x0000000000021200                __nacl_register_thread_creator
 *fill*         0x0000000000021238        0x8 
 .text.thread_create
                0x0000000000021240       0x10 /Users/jkwang/Desktop/nacl_sdk/pepper_canary/toolchain/mac_pnacl/bin/../arm-nacl/lib/libppapi_stub.a(thread_creator.o)
 .text.thread_join
                0x0000000000021250        0x8 /Users/jkwang/Desktop/nacl_sdk/pepper_canary/toolchain/mac_pnacl/bin/../arm-nacl/lib/libppapi_stub.a(thread_creator.o)
 *fill*         0x0000000000021258        0x8 
 .text          0x0000000000021260     0x1738 /Users/jkwang/Desktop/nacl_sdk/pepper_canary/toolchain/mac_pnacl/bin/../arm-nacl/lib/libpthread.a(nc_thread.o)
                0x0000000000021260                __nc_initialize_globals
                0x00000000000212e0                __nc_initialize_unjoinable_thread
                0x0000000000021390                __pthread_initialize
                0x00000000000214d0                pthread_create
                0x0000000000021a50                pthread_cleanup_push
                0x0000000000021ad0                pthread_cleanup_pop
                0x0000000000021b80                pthread_exit
                0x0000000000021fe0                __nc_tsd_exit
                0x0000000000022100                pthread_join
                0x0000000000022240                pthread_self
                0x0000000000022270                pthread_detach
                0x0000000000022320                pthread_kill
                0x0000000000022330                pthread_equal
                0x0000000000022350                pthread_setschedprio
                0x00000000000223a0                pthread_attr_init
                0x00000000000223d0                pthread_attr_destroy
                0x00000000000223f0                pthread_attr_setdetachstate
                0x0000000000022420                pthread_attr_getdetachstate
                0x0000000000022440                pthread_attr_setscope
                0x0000000000022460                pthread_attr_getscope
                0x0000000000022480                pthread_attr_setstacksize
                0x00000000000224b0                pthread_attr_getstacksize
                0x00000000000224e0                __local_lock_init
                0x0000000000022550                __local_lock_init_recursive
                0x00000000000225c0                __local_lock_close
                0x00000000000225d0                __local_lock_close_recursive
                0x00000000000225e0                __local_lock_acquire
                0x0000000000022610                __local_lock_acquire_recursive
                0x0000000000022640                __local_lock_try_acquire
                0x0000000000022680                __local_lock_try_acquire_recursive
                0x00000000000226c0                __local_lock_release
                0x00000000000226f0                __local_lock_release_recursive
                0x0000000000022720                pthread_key_create
                0x00000000000227c0                pthread_key_delete
                0x0000000000022850                pthread_setspecific
                0x0000000000022920                pthread_getspecific
 *fill*         0x0000000000022998        0x8 
 .text          0x00000000000229a0      0x9e8 /Users/jkwang/Desktop/nacl_sdk/pepper_canary/toolchain/mac_pnacl/bin/../arm-nacl/lib/libpthread.a(nc_mutex.o)
                0x00000000000229a0                pthread_mutex_init
                0x00000000000229e0                pthread_mutex_destroy
                0x0000000000022a30                pthread_mutex_trylock
                0x0000000000022b40                pthread_mutex_lock
                0x0000000000022d80                pthread_mutex_timedlock
                0x0000000000023030                pthread_mutex_unlock
                0x0000000000023160                pthread_once
                0x00000000000232d0                pthread_mutexattr_init
                0x00000000000232f0                pthread_mutexattr_destroy
                0x0000000000023300                pthread_mutexattr_settype
                0x0000000000023330                pthread_mutexattr_gettype
                0x0000000000023350                pthread_mutexattr_setpshared
                0x0000000000023370                pthread_mutexattr_getpshared
 *fill*         0x0000000000023388        0x8 
 .text          0x0000000000023390      0x2ec /Users/jkwang/Desktop/nacl_sdk/pepper_canary/toolchain/mac_pnacl/bin/../arm-nacl/lib/libpthread.a(nc_condvar.o)
                0x0000000000023390                pthread_cond_init
                0x00000000000233b0                pthread_cond_destroy
                0x00000000000233c0                pthread_cond_signal
                0x0000000000023440                pthread_cond_broadcast
                0x00000000000234c0                pthread_cond_wait
                0x0000000000023540                pthread_cond_timedwait_abs
                0x00000000000235e0                pthread_condattr_init
                0x00000000000235f0                pthread_condattr_destroy
                0x0000000000023600                pthread_condattr_getpshared
                0x0000000000023620                pthread_condattr_setpshared
                0x0000000000023640                pthread_condattr_getclock
                0x0000000000023660                pthread_condattr_setclock
 *fill*         0x000000000002367c        0x4 
 .text          0x0000000000023680      0x2c8 /Users/jkwang/Desktop/nacl_sdk/pepper_canary/toolchain/mac_pnacl/bin/../arm-nacl/lib/libpthread.a(valgrind_annotations.o)
                0x0000000000023680                NACL_AnnotateRWLockCreate
                0x0000000000023690                NACL_AnnotateRWLockDestroy
                0x00000000000236a0                NACL_AnnotateRWLockAcquired
                0x00000000000236b0                NACL_AnnotateRWLockReleased
                0x00000000000236c0                NACL_AnnotateBarrierInit
                0x00000000000236d0                NACL_AnnotateBarrierWaitBefore
                0x00000000000236e0                NACL_AnnotateBarrierWaitAfter
                0x00000000000236f0                NACL_AnnotateBarrierDestroy
                0x0000000000023700                NACL_AnnotateCondVarWait
                0x0000000000023710                NACL_AnnotateCondVarSignal
                0x0000000000023720                NACL_AnnotateCondVarSignalAll
                0x0000000000023730                NACL_AnnotateHappensBefore
                0x0000000000023740                NACL_AnnotateHappensAfter
                0x0000000000023750                NACL_AnnotatePublishMemoryRange
                0x0000000000023760                NACL_AnnotateUnpublishMemoryRange
                0x0000000000023770                NACL_AnnotatePCQCreate
                0x0000000000023780                NACL_AnnotatePCQDestroy
                0x0000000000023790                NACL_AnnotatePCQPut
                0x00000000000237a0                NACL_AnnotatePCQGet
                0x00000000000237b0                NACL_AnnotateNewMemory
                0x00000000000237c0                NACL_AnnotateExpectRace
                0x00000000000237d0                NACL_AnnotateFlushExpectedRaces
                0x00000000000237e0                NACL_AnnotateBenignRace
                0x00000000000237f0                NACL_AnnotateBenignRaceSized
                0x0000000000023800                NACL_AnnotateMutexIsUsedAsCondVar
                0x0000000000023810                NACL_AnnotateMutexIsNotPHB
                0x0000000000023820                NACL_AnnotateTraceMemory
                0x0000000000023830                NACL_AnnotateThreadName
                0x0000000000023840                NACL_AnnotateIgnoreReadsBegin
                0x0000000000023850                NACL_AnnotateIgnoreReadsEnd
                0x0000000000023860                NACL_AnnotateIgnoreWritesBegin
                0x0000000000023870                NACL_AnnotateIgnoreWritesEnd
                0x0000000000023880                NACL_AnnotateIgnoreSyncBegin
                0x0000000000023890                NACL_AnnotateIgnoreSyncEnd
                0x00000000000238a0                NACL_AnnotateEnableRaceDetection
                0x00000000000238b0                NACL_AnnotateNoOp
                0x00000000000238c0                NACL_AnnotateFlushState
                0x00000000000238d0                RunningOnValgrind
 *fill*         0x0000000000023948        0x8 
 .text          0x0000000000023950       0x54 /Users/jkwang/Desktop/nacl_sdk/pepper_canary/toolchain/mac_pnacl/bin/../arm-nacl/lib/libpthread.a(nc_init_irt.o)
                0x0000000000023950                __nc_initialize_interfaces
 *fill*         0x00000000000239a4        0xc 
 .text          0x00000000000239b0      0x270 /Users/jkwang/Desktop/nacl_sdk/pepper_canary/toolchain/mac_pnacl/bin/../arm-nacl/lib/libnacl.a(nacl_irt.o)
                0x0000000000023a30                __libnacl_irt_query
                0x0000000000023b30                __libnacl_mandatory_irt_query
                0x0000000000023bb0                __libnacl_irt_init_fn
 .text          0x0000000000023c20       0x34 /Users/jkwang/Desktop/nacl_sdk/pepper_canary/toolchain/mac_pnacl/bin/../arm-nacl/lib/libnacl.a(_exit.o)
                0x0000000000023c20                _exit
 *fill*         0x0000000000023c54        0xc 
 .text          0x0000000000023c60       0x88 /Users/jkwang/Desktop/nacl_sdk/pepper_canary/toolchain/mac_pnacl/bin/../arm-nacl/lib/libnacl.a(mmap.o)
                0x0000000000023c60                mmap
 *fill*         0x0000000000023ce8        0x8 
 .text          0x0000000000023cf0       0x78 /Users/jkwang/Desktop/nacl_sdk/pepper_canary/toolchain/mac_pnacl/bin/../arm-nacl/lib/libnacl.a(munmap.o)
                0x0000000000023cf0                munmap
 *fill*         0x0000000000023d68        0x8 
 .text          0x0000000000023d70       0x28 /Users/jkwang/Desktop/nacl_sdk/pepper_canary/toolchain/mac_pnacl/bin/../arm-nacl/lib/libnacl.a(nacl_interface_query.o)
                0x0000000000023d70                nacl_interface_query
 *fill*         0x0000000000023d98        0x8 
 .text          0x0000000000023da0       0x68 /Users/jkwang/Desktop/nacl_sdk/pepper_canary/toolchain/mac_pnacl/bin/../arm-nacl/lib/libnacl.a(write.o)
                0x0000000000023da0                write
 .text          0x0000000000023e08        0x0 /Users/jkwang/Desktop/nacl_sdk/pepper_canary/toolchain/mac_pnacl/bin/../arm-nacl/lib/libnacl.a(environ.o)
 *fill*         0x0000000000023e08        0x8 
 .text          0x0000000000023e10     0x6724 /Users/jkwang/Desktop/nacl_sdk/pepper_canary/toolchain/mac_pnacl/bin/../arm-nacl/lib/libnacl.a(malloc.o)
                0x0000000000023e10                malloc
                0x0000000000025fe0                free
                0x0000000000027510                calloc
                0x00000000000275b0                realloc
                0x0000000000027d50                realloc_in_place
                0x0000000000027ea0                memalign
                0x00000000000281c0                posix_memalign
                0x0000000000028270                valloc
                0x0000000000028410                pvalloc
                0x00000000000285c0                independent_calloc
                0x0000000000028b10                independent_comalloc
                0x0000000000028b20                bulk_free
                0x0000000000028d40                malloc_trim
                0x0000000000028fa0                malloc_footprint
                0x0000000000028fc0                malloc_max_footprint
                0x0000000000028fe0                malloc_footprint_limit
                0x0000000000029000                malloc_set_footprint_limit
                0x0000000000029050                mallinfo
                0x00000000000293f0                malloc_stats
                0x0000000000029790                mallopt
                0x0000000000029980                malloc_usable_size
                0x00000000000299d0                _malloc_r
                0x00000000000299e0                _calloc_r
                0x0000000000029a80                _realloc_r
                0x0000000000029a90                _free_r
 *fill*         0x000000000002a534        0xc 
 .text          0x000000000002a540       0xe8 /Users/jkwang/Desktop/nacl_sdk/pepper_canary/toolchain/mac_pnacl/bin/../arm-nacl/lib/libnacl.a(start.o)
                0x000000000002a540                _start
 *fill*         0x000000000002a628        0x8 
 .text          0x000000000002a630        0x4 /Users/jkwang/Desktop/nacl_sdk/pepper_canary/toolchain/mac_pnacl/bin/../arm-nacl/lib/libnacl.a(nacl_read_tp.o)
                0x000000000002a630                __nacl_read_tp
 *fill*         0x000000000002a634        0xc 
 .text          0x000000000002a640       0xa0 /Users/jkwang/Desktop/nacl_sdk/pepper_canary/toolchain/mac_pnacl/bin/../arm-nacl/lib/libnacl.a(pthread_initialize_minimal.o)
                0x000000000002a640                __pthread_initialize_minimal
 .text          0x000000000002a6e0      0x338 /Users/jkwang/Desktop/nacl_sdk/pepper_canary/toolchain/mac_pnacl/bin/../arm-nacl/lib/libnacl.a(tls.o)
                0x000000000002a6e0                __tls_get_addr
                0x000000000002a720                __nacl_tls_initialize_memory
                0x000000000002a9c0                __nacl_tls_combined_size
 *fill*         0x000000000002aa18        0x8 
 .text          0x000000000002aa20      0x16c /Users/jkwang/Desktop/nacl_sdk/pepper_canary/toolchain/mac_pnacl/bin/../arm-nacl/lib/libnacl.a(nacl_irt_init.o)
                0x000000000002aa20                __libnacl_irt_init
 *fill*         0x000000000002ab8c        0x4 
 .text          0x000000000002ab90       0x18 /Users/jkwang/Desktop/nacl_sdk/pepper_canary/toolchain/mac_pnacl/bin/../arm-nacl/lib/libnacl.a(nacl_tls_get.o)
                0x000000000002ab90                nacl_tls_get
 *fill*         0x000000000002aba8        0x8 
 .text          0x000000000002abb0       0x18 /Users/jkwang/Desktop/nacl_sdk/pepper_canary/toolchain/mac_pnacl/bin/../arm-nacl/lib/libnacl.a(nacl_tls_init.o)
                0x000000000002abb0                nacl_tls_init
 *fill*         0x000000000002abc8        0x8 
 .text          0x000000000002abd0       0x24 /Users/jkwang/Desktop/nacl_sdk/pepper_canary/toolchain/mac_pnacl/bin/../arm-nacl/lib/libnacl.a(abort.o)
                0x000000000002abd0                abort
 *fill*         0x000000000002abf4        0xc 
 .text          0x000000000002ac00       0x78 /Users/jkwang/Desktop/nacl_sdk/pepper_canary/toolchain/mac_pnacl/bin/../arm-nacl/lib/libnacl.a(sched_yield.o)
                0x000000000002ac00                sched_yield
 *fill*         0x000000000002ac78        0x8 
 .text          0x000000000002ac80       0x68 /Users/jkwang/Desktop/nacl_sdk/pepper_canary/toolchain/mac_pnacl/bin/../arm-nacl/lib/libnacl.a(sysconf.o)
                0x000000000002ac80                sysconf
 .text          0x000000000002ace8        0x0 /Users/jkwang/Desktop/nacl_sdk/pepper_canary/toolchain/mac_pnacl/bin/../arm-nacl/lib/libcrt_common.a(lib_a-atexit.o)
 *fill*         0x000000000002ace8        0x8 
 .text.atexit   0x000000000002acf0       0x20 /Users/jkwang/Desktop/nacl_sdk/pepper_canary/toolchain/mac_pnacl/bin/../arm-nacl/lib/libcrt_common.a(lib_a-atexit.o)
                0x000000000002acf0                atexit
 .text          0x000000000002ad10        0x0 /Users/jkwang/Desktop/nacl_sdk/pepper_canary/toolchain/mac_pnacl/bin/../arm-nacl/lib/libcrt_common.a(lib_a-errno.o)
 .text.__errno  0x000000000002ad10       0x50 /Users/jkwang/Desktop/nacl_sdk/pepper_canary/toolchain/mac_pnacl/bin/../arm-nacl/lib/libcrt_common.a(lib_a-errno.o)
                0x000000000002ad10                __errno
 .text          0x000000000002ad60        0x0 /Users/jkwang/Desktop/nacl_sdk/pepper_canary/toolchain/mac_pnacl/bin/../arm-nacl/lib/libcrt_common.a(lib_a-exit.o)
 .text          0x000000000002ad60        0x0 /Users/jkwang/Desktop/nacl_sdk/pepper_canary/toolchain/mac_pnacl/bin/../arm-nacl/lib/libcrt_common.a(lib_a-fflush.o)
 .text.__sflush_r
                0x000000000002ad60      0x300 /Users/jkwang/Desktop/nacl_sdk/pepper_canary/toolchain/mac_pnacl/bin/../arm-nacl/lib/libcrt_common.a(lib_a-fflush.o)
                0x000000000002ad60                __sflush_r
 .text._fflush_r
                0x000000000002b060       0xc0 /Users/jkwang/Desktop/nacl_sdk/pepper_canary/toolchain/mac_pnacl/bin/../arm-nacl/lib/libcrt_common.a(lib_a-fflush.o)
                0x000000000002b060                _fflush_r
 .text.fflush   0x000000000002b120      0x110 /Users/jkwang/Desktop/nacl_sdk/pepper_canary/toolchain/mac_pnacl/bin/../arm-nacl/lib/libcrt_common.a(lib_a-fflush.o)
                0x000000000002b120                fflush
 .text          0x000000000002b230        0x0 /Users/jkwang/Desktop/nacl_sdk/pepper_canary/toolchain/mac_pnacl/bin/../arm-nacl/lib/libcrt_common.a(lib_a-findfp.o)
 .text.__sfmoreglue
                0x000000000002b230       0x70 /Users/jkwang/Desktop/nacl_sdk/pepper_canary/toolchain/mac_pnacl/bin/../arm-nacl/lib/libcrt_common.a(lib_a-findfp.o)
                0x000000000002b230                __sfmoreglue
 .text.__sfp    0x000000000002b2a0      0x200 /Users/jkwang/Desktop/nacl_sdk/pepper_canary/toolchain/mac_pnacl/bin/../arm-nacl/lib/libcrt_common.a(lib_a-findfp.o)
                0x000000000002b2a0                __sfp
 .text.__sinit  0x000000000002b4a0      0x350 /Users/jkwang/Desktop/nacl_sdk/pepper_canary/toolchain/mac_pnacl/bin/../arm-nacl/lib/libcrt_common.a(lib_a-findfp.o)
                0x000000000002b4a0                __sinit
 .text.__sfp_lock_acquire
                0x000000000002b7f0       0x10 /Users/jkwang/Desktop/nacl_sdk/pepper_canary/toolchain/mac_pnacl/bin/../arm-nacl/lib/libcrt_common.a(lib_a-findfp.o)
                0x000000000002b7f0                __sfp_lock_acquire
 .text.__sfp_lock_release
                0x000000000002b800       0x10 /Users/jkwang/Desktop/nacl_sdk/pepper_canary/toolchain/mac_pnacl/bin/../arm-nacl/lib/libcrt_common.a(lib_a-findfp.o)
                0x000000000002b800                __sfp_lock_release
 .text._cleanup_r
                0x000000000002b810       0x10 /Users/jkwang/Desktop/nacl_sdk/pepper_canary/toolchain/mac_pnacl/bin/../arm-nacl/lib/libcrt_common.a(lib_a-findfp.o)
                0x000000000002b810                _cleanup_r
 .text._cleanup
                0x000000000002b820       0x20 /Users/jkwang/Desktop/nacl_sdk/pepper_canary/toolchain/mac_pnacl/bin/../arm-nacl/lib/libcrt_common.a(lib_a-findfp.o)
                0x000000000002b820                _cleanup
 .text.__sinit_lock_acquire
                0x000000000002b840       0x10 /Users/jkwang/Desktop/nacl_sdk/pepper_canary/toolchain/mac_pnacl/bin/../arm-nacl/lib/libcrt_common.a(lib_a-findfp.o)
                0x000000000002b840                __sinit_lock_acquire
 .text.__sinit_lock_release
                0x000000000002b850       0x10 /Users/jkwang/Desktop/nacl_sdk/pepper_canary/toolchain/mac_pnacl/bin/../arm-nacl/lib/libcrt_common.a(lib_a-findfp.o)
                0x000000000002b850                __sinit_lock_release
 .text.__fp_lock_all
                0x000000000002b860       0x70 /Users/jkwang/Desktop/nacl_sdk/pepper_canary/toolchain/mac_pnacl/bin/../arm-nacl/lib/libcrt_common.a(lib_a-findfp.o)
                0x000000000002b860                __fp_lock_all
 .text.__fp_lock
                0x000000000002b8d0       0x50 /Users/jkwang/Desktop/nacl_sdk/pepper_canary/toolchain/mac_pnacl/bin/../arm-nacl/lib/libcrt_common.a(lib_a-findfp.o)
 .text.__fp_unlock_all
                0x000000000002b920       0x70 /Users/jkwang/Desktop/nacl_sdk/pepper_canary/toolchain/mac_pnacl/bin/../arm-nacl/lib/libcrt_common.a(lib_a-findfp.o)
                0x000000000002b920                __fp_unlock_all
 .text.__fp_unlock
                0x000000000002b990       0x50 /Users/jkwang/Desktop/nacl_sdk/pepper_canary/toolchain/mac_pnacl/bin/../arm-nacl/lib/libcrt_common.a(lib_a-findfp.o)
 .text          0x000000000002b9e0        0x0 /Users/jkwang/Desktop/nacl_sdk/pepper_canary/toolchain/mac_pnacl/bin/../arm-nacl/lib/libcrt_common.a(lib_a-fini.o)
 .text.__libc_fini_array
                0x000000000002b9e0       0x60 /Users/jkwang/Desktop/nacl_sdk/pepper_canary/toolchain/mac_pnacl/bin/../arm-nacl/lib/libcrt_common.a(lib_a-fini.o)
                0x000000000002b9e0                __libc_fini_array
 .text          0x000000000002ba40        0x0 /Users/jkwang/Desktop/nacl_sdk/pepper_canary/toolchain/mac_pnacl/bin/../arm-nacl/lib/libcrt_common.a(lib_a-fprintf.o)
 .text._fprintf_r
                0x000000000002ba40       0x50 /Users/jkwang/Desktop/nacl_sdk/pepper_canary/toolchain/mac_pnacl/bin/../arm-nacl/lib/libcrt_common.a(lib_a-fprintf.o)
                0x000000000002ba40                _fprintf_r
 .text.fprintf  0x000000000002ba90       0x90 /Users/jkwang/Desktop/nacl_sdk/pepper_canary/toolchain/mac_pnacl/bin/../arm-nacl/lib/libcrt_common.a(lib_a-fprintf.o)
                0x000000000002ba90                fprintf
 .text          0x000000000002bb20        0x0 /Users/jkwang/Desktop/nacl_sdk/pepper_canary/toolchain/mac_pnacl/bin/../arm-nacl/lib/libcrt_common.a(lib_a-fwalk.o)
 .text._fwalk   0x000000000002bb20      0x110 /Users/jkwang/Desktop/nacl_sdk/pepper_canary/toolchain/mac_pnacl/bin/../arm-nacl/lib/libcrt_common.a(lib_a-fwalk.o)
                0x000000000002bb20                _fwalk
 .text._fwalk_reent
                0x000000000002bc30       0xe0 /Users/jkwang/Desktop/nacl_sdk/pepper_canary/toolchain/mac_pnacl/bin/../arm-nacl/lib/libcrt_common.a(lib_a-fwalk.o)
                0x000000000002bc30                _fwalk_reent
 .text          0x000000000002bd10        0x0 /Users/jkwang/Desktop/nacl_sdk/pepper_canary/toolchain/mac_pnacl/bin/../arm-nacl/lib/libcrt_common.a(lib_a-fwrite.o)
 .text._fwrite_r
                0x000000000002bd10      0x170 /Users/jkwang/Desktop/nacl_sdk/pepper_canary/toolchain/mac_pnacl/bin/../arm-nacl/lib/libcrt_common.a(lib_a-fwrite.o)
                0x000000000002bd10                _fwrite_r
 .text.fwrite   0x000000000002be80       0x80 /Users/jkwang/Desktop/nacl_sdk/pepper_canary/toolchain/mac_pnacl/bin/../arm-nacl/lib/libcrt_common.a(lib_a-fwrite.o)
                0x000000000002be80                fwrite
 .text          0x000000000002bf00        0x0 /Users/jkwang/Desktop/nacl_sdk/pepper_canary/toolchain/mac_pnacl/bin/../arm-nacl/lib/libcrt_common.a(lib_a-getenv.o)
 .text._findenv
                0x000000000002bf00       0x50 /Users/jkwang/Desktop/nacl_sdk/pepper_canary/toolchain/mac_pnacl/bin/../arm-nacl/lib/libcrt_common.a(lib_a-getenv.o)
                0x000000000002bf00                _findenv
 .text.getenv   0x000000000002bf50       0x70 /Users/jkwang/Desktop/nacl_sdk/pepper_canary/toolchain/mac_pnacl/bin/../arm-nacl/lib/libcrt_common.a(lib_a-getenv.o)
                0x000000000002bf50                getenv
 .text          0x000000000002bfc0        0x0 /Users/jkwang/Desktop/nacl_sdk/pepper_canary/toolchain/mac_pnacl/bin/../arm-nacl/lib/libcrt_common.a(lib_a-getenv_r.o)
 .text._findenv_r
                0x000000000002bfc0      0x110 /Users/jkwang/Desktop/nacl_sdk/pepper_canary/toolchain/mac_pnacl/bin/../arm-nacl/lib/libcrt_common.a(lib_a-getenv_r.o)
                0x000000000002bfc0                _findenv_r
 .text._getenv_r
                0x000000000002c0d0       0x40 /Users/jkwang/Desktop/nacl_sdk/pepper_canary/toolchain/mac_pnacl/bin/../arm-nacl/lib/libcrt_common.a(lib_a-getenv_r.o)
                0x000000000002c0d0                _getenv_r
 .text          0x000000000002c110        0x0 /Users/jkwang/Desktop/nacl_sdk/pepper_canary/toolchain/mac_pnacl/bin/../arm-nacl/lib/libcrt_common.a(lib_a-impure.o)
 .text.__newlib_thread_init
                0x000000000002c110       0x50 /Users/jkwang/Desktop/nacl_sdk/pepper_canary/toolchain/mac_pnacl/bin/../arm-nacl/lib/libcrt_common.a(lib_a-impure.o)
                0x000000000002c110                __newlib_thread_init
 .text.__newlib_thread_exit
                0x000000000002c160       0x10 /Users/jkwang/Desktop/nacl_sdk/pepper_canary/toolchain/mac_pnacl/bin/../arm-nacl/lib/libcrt_common.a(lib_a-impure.o)
                0x000000000002c160                __newlib_thread_exit
 .text          0x000000000002c170        0x0 /Users/jkwang/Desktop/nacl_sdk/pepper_canary/toolchain/mac_pnacl/bin/../arm-nacl/lib/libcrt_common.a(lib_a-init.o)
 .text.__libc_init_array
                0x000000000002c170       0xd0 /Users/jkwang/Desktop/nacl_sdk/pepper_canary/toolchain/mac_pnacl/bin/../arm-nacl/lib/libcrt_common.a(lib_a-init.o)
                0x000000000002c170                __libc_init_array
 .text          0x000000000002c240        0x0 /Users/jkwang/Desktop/nacl_sdk/pepper_canary/toolchain/mac_pnacl/bin/../arm-nacl/lib/libcrt_common.a(lib_a-memset.o)
 .text.memset   0x000000000002c240      0x1c0 /Users/jkwang/Desktop/nacl_sdk/pepper_canary/toolchain/mac_pnacl/bin/../arm-nacl/lib/libcrt_common.a(lib_a-memset.o)
                0x000000000002c240                memset
 .text          0x000000000002c400        0x0 /Users/jkwang/Desktop/nacl_sdk/pepper_canary/toolchain/mac_pnacl/bin/../arm-nacl/lib/libcrt_common.a(lib_a-sleep.o)
 .text.sleep    0x000000000002c400       0x70 /Users/jkwang/Desktop/nacl_sdk/pepper_canary/toolchain/mac_pnacl/bin/../arm-nacl/lib/libcrt_common.a(lib_a-sleep.o)
                0x000000000002c400                sleep
 .text          0x000000000002c470        0x0 /Users/jkwang/Desktop/nacl_sdk/pepper_canary/toolchain/mac_pnacl/bin/../arm-nacl/lib/libcrt_common.a(lib_a-stdio.o)
 .text.__sread  0x000000000002c470       0x80 /Users/jkwang/Desktop/nacl_sdk/pepper_canary/toolchain/mac_pnacl/bin/../arm-nacl/lib/libcrt_common.a(lib_a-stdio.o)
                0x000000000002c470                __sread
 .text.__seofread
                0x000000000002c4f0       0x10 /Users/jkwang/Desktop/nacl_sdk/pepper_canary/toolchain/mac_pnacl/bin/../arm-nacl/lib/libcrt_common.a(lib_a-stdio.o)
                0x000000000002c4f0                __seofread
 .text.__swrite
                0x000000000002c500       0x90 /Users/jkwang/Desktop/nacl_sdk/pepper_canary/toolchain/mac_pnacl/bin/../arm-nacl/lib/libcrt_common.a(lib_a-stdio.o)
                0x000000000002c500                __swrite
 .text.__sseek  0x000000000002c590       0x90 /Users/jkwang/Desktop/nacl_sdk/pepper_canary/toolchain/mac_pnacl/bin/../arm-nacl/lib/libcrt_common.a(lib_a-stdio.o)
                0x000000000002c590                __sseek
 .text.__sclose
                0x000000000002c620       0x10 /Users/jkwang/Desktop/nacl_sdk/pepper_canary/toolchain/mac_pnacl/bin/../arm-nacl/lib/libcrt_common.a(lib_a-stdio.o)
                0x000000000002c620                __sclose
 .text          0x000000000002c630        0x0 /Users/jkwang/Desktop/nacl_sdk/pepper_canary/toolchain/mac_pnacl/bin/../arm-nacl/lib/libcrt_common.a(lib_a-strcat.o)
 .text.strcat   0x000000000002c630       0x90 /Users/jkwang/Desktop/nacl_sdk/pepper_canary/toolchain/mac_pnacl/bin/../arm-nacl/lib/libcrt_common.a(lib_a-strcat.o)
                0x000000000002c630                strcat
 .text          0x000000000002c6c0      0x460 /Users/jkwang/Desktop/nacl_sdk/pepper_canary/toolchain/mac_pnacl/bin/../arm-nacl/lib/libcrt_common.a(lib_a-strcmp.o)
                0x000000000002c6d0                strcmp
 .text          0x000000000002cb20        0x0 /Users/jkwang/Desktop/nacl_sdk/pepper_canary/toolchain/mac_pnacl/bin/../arm-nacl/lib/libcrt_common.a(lib_a-strcpy.o)
 .text.strcpy   0x000000000002cb20      0x160 /Users/jkwang/Desktop/nacl_sdk/pepper_canary/toolchain/mac_pnacl/bin/../arm-nacl/lib/libcrt_common.a(lib_a-strcpy.o)
                0x000000000002cb20                strcpy
 .text          0x000000000002cc80      0x140 /Users/jkwang/Desktop/nacl_sdk/pepper_canary/toolchain/mac_pnacl/bin/../arm-nacl/lib/libcrt_common.a(lib_a-strlen-armv7.o)
                0x000000000002cc80                strlen
 .text          0x000000000002cdc0        0x0 /Users/jkwang/Desktop/nacl_sdk/pepper_canary/toolchain/mac_pnacl/bin/../arm-nacl/lib/libcrt_common.a(lib_a-strncmp.o)
 .text.strncmp  0x000000000002cdc0      0x100 /Users/jkwang/Desktop/nacl_sdk/pepper_canary/toolchain/mac_pnacl/bin/../arm-nacl/lib/libcrt_common.a(lib_a-strncmp.o)
                0x000000000002cdc0                strncmp
 .text          0x000000000002cec0        0x0 /Users/jkwang/Desktop/nacl_sdk/pepper_canary/toolchain/mac_pnacl/bin/../arm-nacl/lib/libcrt_common.a(lib_a-vfprintf.o)
 .text.vfprintf
                0x000000000002cec0       0x60 /Users/jkwang/Desktop/nacl_sdk/pepper_canary/toolchain/mac_pnacl/bin/../arm-nacl/lib/libcrt_common.a(lib_a-vfprintf.o)
                0x000000000002cec0                vfprintf
 .text._vfprintf_r
                0x000000000002cf20     0x35a0 /Users/jkwang/Desktop/nacl_sdk/pepper_canary/toolchain/mac_pnacl/bin/../arm-nacl/lib/libcrt_common.a(lib_a-vfprintf.o)
                0x000000000002cf20                _vfprintf_r
 .text.__sbprintf
                0x00000000000304c0      0x160 /Users/jkwang/Desktop/nacl_sdk/pepper_canary/toolchain/mac_pnacl/bin/../arm-nacl/lib/libcrt_common.a(lib_a-vfprintf.o)
 .text          0x0000000000030620        0x0 /Users/jkwang/Desktop/nacl_sdk/pepper_canary/toolchain/mac_pnacl/bin/../arm-nacl/lib/libcrt_common.a(lib_a-vsnprintf.o)
 .text.vsnprintf
                0x0000000000030620       0xf0 /Users/jkwang/Desktop/nacl_sdk/pepper_canary/toolchain/mac_pnacl/bin/../arm-nacl/lib/libcrt_common.a(lib_a-vsnprintf.o)
                0x0000000000030620                vsnprintf
 .text._vsnprintf_r
                0x0000000000030710       0xd0 /Users/jkwang/Desktop/nacl_sdk/pepper_canary/toolchain/mac_pnacl/bin/../arm-nacl/lib/libcrt_common.a(lib_a-vsnprintf.o)
                0x0000000000030710                _vsnprintf_r
 .text          0x00000000000307e0        0x0 /Users/jkwang/Desktop/nacl_sdk/pepper_canary/toolchain/mac_pnacl/bin/../arm-nacl/lib/libcrt_common.a(lib_a-vsprintf.o)
 .text.vsprintf
                0x00000000000307e0       0xb0 /Users/jkwang/Desktop/nacl_sdk/pepper_canary/toolchain/mac_pnacl/bin/../arm-nacl/lib/libcrt_common.a(lib_a-vsprintf.o)
                0x00000000000307e0                vsprintf
 .text._vsprintf_r
                0x0000000000030890       0x70 /Users/jkwang/Desktop/nacl_sdk/pepper_canary/toolchain/mac_pnacl/bin/../arm-nacl/lib/libcrt_common.a(lib_a-vsprintf.o)
                0x0000000000030890                _vsprintf_r
 .text          0x0000000000030900        0x0 /Users/jkwang/Desktop/nacl_sdk/pepper_canary/toolchain/mac_pnacl/bin/../arm-nacl/lib/libcrt_common.a(lib_a-wcrtomb.o)
 .text._wcrtomb_r
                0x0000000000030900       0xe0 /Users/jkwang/Desktop/nacl_sdk/pepper_canary/toolchain/mac_pnacl/bin/../arm-nacl/lib/libcrt_common.a(lib_a-wcrtomb.o)
                0x0000000000030900                _wcrtomb_r
 .text.wcrtomb  0x00000000000309e0      0x100 /Users/jkwang/Desktop/nacl_sdk/pepper_canary/toolchain/mac_pnacl/bin/../arm-nacl/lib/libcrt_common.a(lib_a-wcrtomb.o)
                0x00000000000309e0                wcrtomb
 .text          0x0000000000030ae0        0x0 /Users/jkwang/Desktop/nacl_sdk/pepper_canary/toolchain/mac_pnacl/bin/../arm-nacl/lib/libcrt_common.a(lib_a-wcsrtombs.o)
 .text._wcsrtombs_r
                0x0000000000030ae0       0x50 /Users/jkwang/Desktop/nacl_sdk/pepper_canary/toolchain/mac_pnacl/bin/../arm-nacl/lib/libcrt_common.a(lib_a-wcsrtombs.o)
                0x0000000000030ae0                _wcsrtombs_r
 .text.wcsrtombs
                0x0000000000030b30       0x80 /Users/jkwang/Desktop/nacl_sdk/pepper_canary/toolchain/mac_pnacl/bin/../arm-nacl/lib/libcrt_common.a(lib_a-wcsrtombs.o)
                0x0000000000030b30                wcsrtombs
 .text          0x0000000000030bb0        0x0 /Users/jkwang/Desktop/nacl_sdk/pepper_canary/toolchain/mac_pnacl/bin/../arm-nacl/lib/libcrt_common.a(lib_a-wctomb_r.o)
 .text.__ascii_wctomb
                0x0000000000030bb0       0x60 /Users/jkwang/Desktop/nacl_sdk/pepper_canary/toolchain/mac_pnacl/bin/../arm-nacl/lib/libcrt_common.a(lib_a-wctomb_r.o)
                0x0000000000030bb0                __ascii_wctomb
 .text._wctomb_r
                0x0000000000030c10       0x80 /Users/jkwang/Desktop/nacl_sdk/pepper_canary/toolchain/mac_pnacl/bin/../arm-nacl/lib/libcrt_common.a(lib_a-wctomb_r.o)
                0x0000000000030c10                _wctomb_r
 .text.__utf8_wctomb
                0x0000000000030c90      0x150 /Users/jkwang/Desktop/nacl_sdk/pepper_canary/toolchain/mac_pnacl/bin/../arm-nacl/lib/libcrt_common.a(lib_a-wctomb_r.o)
                0x0000000000030c90                __utf8_wctomb
 .text.__sjis_wctomb
                0x0000000000030de0       0xa0 /Users/jkwang/Desktop/nacl_sdk/pepper_canary/toolchain/mac_pnacl/bin/../arm-nacl/lib/libcrt_common.a(lib_a-wctomb_r.o)
                0x0000000000030de0                __sjis_wctomb
 .text.__eucjp_wctomb
                0x0000000000030e80       0xf0 /Users/jkwang/Desktop/nacl_sdk/pepper_canary/toolchain/mac_pnacl/bin/../arm-nacl/lib/libcrt_common.a(lib_a-wctomb_r.o)
                0x0000000000030e80                __eucjp_wctomb
 .text.__jis_wctomb
                0x0000000000030f70      0x130 /Users/jkwang/Desktop/nacl_sdk/pepper_canary/toolchain/mac_pnacl/bin/../arm-nacl/lib/libcrt_common.a(lib_a-wctomb_r.o)
                0x0000000000030f70                __jis_wctomb
 .text          0x00000000000310a0        0x0 /Users/jkwang/Desktop/nacl_sdk/pepper_canary/toolchain/mac_pnacl/bin/../arm-nacl/lib/libcrt_common.a(lib_a-wsetup.o)
 .text.__swsetup_r
                0x00000000000310a0      0x1e0 /Users/jkwang/Desktop/nacl_sdk/pepper_canary/toolchain/mac_pnacl/bin/../arm-nacl/lib/libcrt_common.a(lib_a-wsetup.o)
                0x00000000000310a0                __swsetup_r
 .text          0x0000000000031280        0x0 /Users/jkwang/Desktop/nacl_sdk/pepper_canary/toolchain/mac_pnacl/bin/../arm-nacl/lib/libcrt_common.a(lib_a-__atexit.o)
 .text.__register_exitproc
                0x0000000000031280      0x1b0 /Users/jkwang/Desktop/nacl_sdk/pepper_canary/toolchain/mac_pnacl/bin/../arm-nacl/lib/libcrt_common.a(lib_a-__atexit.o)
                0x0000000000031280                __register_exitproc
 .text          0x0000000000031430        0x0 /Users/jkwang/Desktop/nacl_sdk/pepper_canary/toolchain/mac_pnacl/bin/../arm-nacl/lib/libcrt_common.a(lib_a-__call_atexit.o)
 .text.__call_exitprocs
                0x0000000000031430      0x220 /Users/jkwang/Desktop/nacl_sdk/pepper_canary/toolchain/mac_pnacl/bin/../arm-nacl/lib/libcrt_common.a(lib_a-__call_atexit.o)
                0x0000000000031430                __call_exitprocs
 .text          0x0000000000031650        0x0 /Users/jkwang/Desktop/nacl_sdk/pepper_canary/toolchain/mac_pnacl/bin/../arm-nacl/lib/libcrt_common.a(lib_a-dtoa.o)
 .text._dtoa_r  0x0000000000031650     0x15e0 /Users/jkwang/Desktop/nacl_sdk/pepper_canary/toolchain/mac_pnacl/bin/../arm-nacl/lib/libcrt_common.a(lib_a-dtoa.o)
                0x0000000000031650                _dtoa_r
 .text.quorem   0x0000000000032c30      0x2a0 /Users/jkwang/Desktop/nacl_sdk/pepper_canary/toolchain/mac_pnacl/bin/../arm-nacl/lib/libcrt_common.a(lib_a-dtoa.o)
 .text          0x0000000000032ed0        0x0 /Users/jkwang/Desktop/nacl_sdk/pepper_canary/toolchain/mac_pnacl/bin/../arm-nacl/lib/libcrt_common.a(lib_a-envlock.o)
 .text.__env_lock
                0x0000000000032ed0       0x10 /Users/jkwang/Desktop/nacl_sdk/pepper_canary/toolchain/mac_pnacl/bin/../arm-nacl/lib/libcrt_common.a(lib_a-envlock.o)
                0x0000000000032ed0                __env_lock
 .text.__env_unlock
                0x0000000000032ee0       0x10 /Users/jkwang/Desktop/nacl_sdk/pepper_canary/toolchain/mac_pnacl/bin/../arm-nacl/lib/libcrt_common.a(lib_a-envlock.o)
                0x0000000000032ee0                __env_unlock
 .text          0x0000000000032ef0        0x0 /Users/jkwang/Desktop/nacl_sdk/pepper_canary/toolchain/mac_pnacl/bin/../arm-nacl/lib/libcrt_common.a(lib_a-fclose.o)
 .text._fclose_r
                0x0000000000032ef0      0x1d0 /Users/jkwang/Desktop/nacl_sdk/pepper_canary/toolchain/mac_pnacl/bin/../arm-nacl/lib/libcrt_common.a(lib_a-fclose.o)
                0x0000000000032ef0                _fclose_r
 .text.fclose   0x00000000000330c0       0x40 /Users/jkwang/Desktop/nacl_sdk/pepper_canary/toolchain/mac_pnacl/bin/../arm-nacl/lib/libcrt_common.a(lib_a-fclose.o)
                0x00000000000330c0                fclose
 .text          0x0000000000033100        0x0 /Users/jkwang/Desktop/nacl_sdk/pepper_canary/toolchain/mac_pnacl/bin/../arm-nacl/lib/libcrt_common.a(lib_a-fvwrite.o)
 .text.__sfvwrite_r
                0x0000000000033100      0x640 /Users/jkwang/Desktop/nacl_sdk/pepper_canary/toolchain/mac_pnacl/bin/../arm-nacl/lib/libcrt_common.a(lib_a-fvwrite.o)
                0x0000000000033100                __sfvwrite_r
 .text          0x0000000000033740        0x0 /Users/jkwang/Desktop/nacl_sdk/pepper_canary/toolchain/mac_pnacl/bin/../arm-nacl/lib/libcrt_common.a(lib_a-locale.o)
 .text._setlocale_r
                0x0000000000033740      0x700 /Users/jkwang/Desktop/nacl_sdk/pepper_canary/toolchain/mac_pnacl/bin/../arm-nacl/lib/libcrt_common.a(lib_a-locale.o)
                0x0000000000033740                _setlocale_r
 .text.currentlocale
                0x0000000000033e40      0x1a0 /Users/jkwang/Desktop/nacl_sdk/pepper_canary/toolchain/mac_pnacl/bin/../arm-nacl/lib/libcrt_common.a(lib_a-locale.o)
 .text.loadlocale
                0x0000000000033fe0      0xa00 /Users/jkwang/Desktop/nacl_sdk/pepper_canary/toolchain/mac_pnacl/bin/../arm-nacl/lib/libcrt_common.a(lib_a-locale.o)
 .text.__locale_charset
                0x00000000000349e0       0x10 /Users/jkwang/Desktop/nacl_sdk/pepper_canary/toolchain/mac_pnacl/bin/../arm-nacl/lib/libcrt_common.a(lib_a-locale.o)
                0x00000000000349e0                __locale_charset
 .text.__locale_mb_cur_max
                0x00000000000349f0       0x20 /Users/jkwang/Desktop/nacl_sdk/pepper_canary/toolchain/mac_pnacl/bin/../arm-nacl/lib/libcrt_common.a(lib_a-locale.o)
                0x00000000000349f0                __locale_mb_cur_max
 .text.__locale_msgcharset
                0x0000000000034a10       0x10 /Users/jkwang/Desktop/nacl_sdk/pepper_canary/toolchain/mac_pnacl/bin/../arm-nacl/lib/libcrt_common.a(lib_a-locale.o)
                0x0000000000034a10                __locale_msgcharset
 .text.__locale_cjk_lang
                0x0000000000034a20       0x20 /Users/jkwang/Desktop/nacl_sdk/pepper_canary/toolchain/mac_pnacl/bin/../arm-nacl/lib/libcrt_common.a(lib_a-locale.o)
                0x0000000000034a20                __locale_cjk_lang
 .text._localeconv_r
                0x0000000000034a40       0x10 /Users/jkwang/Desktop/nacl_sdk/pepper_canary/toolchain/mac_pnacl/bin/../arm-nacl/lib/libcrt_common.a(lib_a-locale.o)
                0x0000000000034a40                _localeconv_r
 .text.setlocale
                0x0000000000034a50       0x50 /Users/jkwang/Desktop/nacl_sdk/pepper_canary/toolchain/mac_pnacl/bin/../arm-nacl/lib/libcrt_common.a(lib_a-locale.o)
                0x0000000000034a50                setlocale
 .text.localeconv
                0x0000000000034aa0       0x10 /Users/jkwang/Desktop/nacl_sdk/pepper_canary/toolchain/mac_pnacl/bin/../arm-nacl/lib/libcrt_common.a(lib_a-locale.o)
                0x0000000000034aa0                localeconv
 .text          0x0000000000034ab0        0x0 /Users/jkwang/Desktop/nacl_sdk/pepper_canary/toolchain/mac_pnacl/bin/../arm-nacl/lib/libcrt_common.a(lib_a-makebuf.o)
 .text.__smakebuf_r
                0x0000000000034ab0      0x1d0 /Users/jkwang/Desktop/nacl_sdk/pepper_canary/toolchain/mac_pnacl/bin/../arm-nacl/lib/libcrt_common.a(lib_a-makebuf.o)
                0x0000000000034ab0                __smakebuf_r
 .text          0x0000000000034c80        0x0 /Users/jkwang/Desktop/nacl_sdk/pepper_canary/toolchain/mac_pnacl/bin/../arm-nacl/lib/libcrt_common.a(lib_a-mbtowc_r.o)
 .text.__ascii_mbtowc
                0x0000000000034c80       0x60 /Users/jkwang/Desktop/nacl_sdk/pepper_canary/toolchain/mac_pnacl/bin/../arm-nacl/lib/libcrt_common.a(lib_a-mbtowc_r.o)
                0x0000000000034c80                __ascii_mbtowc
 .text._mbtowc_r
                0x0000000000034ce0       0x80 /Users/jkwang/Desktop/nacl_sdk/pepper_canary/toolchain/mac_pnacl/bin/../arm-nacl/lib/libcrt_common.a(lib_a-mbtowc_r.o)
                0x0000000000034ce0                _mbtowc_r
 .text.__utf8_mbtowc
                0x0000000000034d60      0x440 /Users/jkwang/Desktop/nacl_sdk/pepper_canary/toolchain/mac_pnacl/bin/../arm-nacl/lib/libcrt_common.a(lib_a-mbtowc_r.o)
                0x0000000000034d60                __utf8_mbtowc
 .text.__sjis_mbtowc
                0x00000000000351a0      0x130 /Users/jkwang/Desktop/nacl_sdk/pepper_canary/toolchain/mac_pnacl/bin/../arm-nacl/lib/libcrt_common.a(lib_a-mbtowc_r.o)
                0x00000000000351a0                __sjis_mbtowc
 .text.__eucjp_mbtowc
                0x00000000000352d0      0x1b0 /Users/jkwang/Desktop/nacl_sdk/pepper_canary/toolchain/mac_pnacl/bin/../arm-nacl/lib/libcrt_common.a(lib_a-mbtowc_r.o)
                0x00000000000352d0                __eucjp_mbtowc
 .text.__jis_mbtowc
                0x0000000000035480      0x250 /Users/jkwang/Desktop/nacl_sdk/pepper_canary/toolchain/mac_pnacl/bin/../arm-nacl/lib/libcrt_common.a(lib_a-mbtowc_r.o)
                0x0000000000035480                __jis_mbtowc
 .text          0x00000000000356d0      0x110 /Users/jkwang/Desktop/nacl_sdk/pepper_canary/toolchain/mac_pnacl/bin/../arm-nacl/lib/libcrt_common.a(lib_a-memchr.o)
                0x00000000000356d0                memchr
 *fill*         0x00000000000357e0       0x20 
 .text          0x0000000000035800      0x940 /Users/jkwang/Desktop/nacl_sdk/pepper_canary/toolchain/mac_pnacl/bin/../arm-nacl/lib/libcrt_common.a(lib_a-memcpy.o)
                0x0000000000035800                memcpy
 .text          0x0000000000036140        0x0 /Users/jkwang/Desktop/nacl_sdk/pepper_canary/toolchain/mac_pnacl/bin/../arm-nacl/lib/libcrt_common.a(lib_a-memmove.o)
 .text.memmove  0x0000000000036140      0x370 /Users/jkwang/Desktop/nacl_sdk/pepper_canary/toolchain/mac_pnacl/bin/../arm-nacl/lib/libcrt_common.a(lib_a-memmove.o)
                0x0000000000036140                memmove
 .text          0x00000000000364b0        0x0 /Users/jkwang/Desktop/nacl_sdk/pepper_canary/toolchain/mac_pnacl/bin/../arm-nacl/lib/libcrt_common.a(lib_a-mprec.o)
 .text._Balloc  0x00000000000364b0       0xe0 /Users/jkwang/Desktop/nacl_sdk/pepper_canary/toolchain/mac_pnacl/bin/../arm-nacl/lib/libcrt_common.a(lib_a-mprec.o)
                0x00000000000364b0                _Balloc
 .text._Bfree   0x0000000000036590       0x50 /Users/jkwang/Desktop/nacl_sdk/pepper_canary/toolchain/mac_pnacl/bin/../arm-nacl/lib/libcrt_common.a(lib_a-mprec.o)
                0x0000000000036590                _Bfree
 .text.__multadd
                0x00000000000365e0      0x200 /Users/jkwang/Desktop/nacl_sdk/pepper_canary/toolchain/mac_pnacl/bin/../arm-nacl/lib/libcrt_common.a(lib_a-mprec.o)
                0x00000000000365e0                __multadd
 .text.__s2b    0x00000000000367e0      0x1c0 /Users/jkwang/Desktop/nacl_sdk/pepper_canary/toolchain/mac_pnacl/bin/../arm-nacl/lib/libcrt_common.a(lib_a-mprec.o)
                0x00000000000367e0                __s2b
 .text.__hi0bits
                0x00000000000369a0       0x70 /Users/jkwang/Desktop/nacl_sdk/pepper_canary/toolchain/mac_pnacl/bin/../arm-nacl/lib/libcrt_common.a(lib_a-mprec.o)
                0x00000000000369a0                __hi0bits
 .text.__lo0bits
                0x0000000000036a10       0xe0 /Users/jkwang/Desktop/nacl_sdk/pepper_canary/toolchain/mac_pnacl/bin/../arm-nacl/lib/libcrt_common.a(lib_a-mprec.o)
                0x0000000000036a10                __lo0bits
 .text.__i2b    0x0000000000036af0      0x100 /Users/jkwang/Desktop/nacl_sdk/pepper_canary/toolchain/mac_pnacl/bin/../arm-nacl/lib/libcrt_common.a(lib_a-mprec.o)
                0x0000000000036af0                __i2b
 .text.__multiply
                0x0000000000036bf0      0x3e0 /Users/jkwang/Desktop/nacl_sdk/pepper_canary/toolchain/mac_pnacl/bin/../arm-nacl/lib/libcrt_common.a(lib_a-mprec.o)
                0x0000000000036bf0                __multiply
 .text.__pow5mult
                0x0000000000036fd0      0x220 /Users/jkwang/Desktop/nacl_sdk/pepper_canary/toolchain/mac_pnacl/bin/../arm-nacl/lib/libcrt_common.a(lib_a-mprec.o)
                0x0000000000036fd0                __pow5mult
 .text.__lshift
                0x00000000000371f0      0x3a0 /Users/jkwang/Desktop/nacl_sdk/pepper_canary/toolchain/mac_pnacl/bin/../arm-nacl/lib/libcrt_common.a(lib_a-mprec.o)
                0x00000000000371f0                __lshift
 .text.__mcmp   0x0000000000037590       0x80 /Users/jkwang/Desktop/nacl_sdk/pepper_canary/toolchain/mac_pnacl/bin/../arm-nacl/lib/libcrt_common.a(lib_a-mprec.o)
                0x0000000000037590                __mcmp
 .text.__mdiff  0x0000000000037610      0x360 /Users/jkwang/Desktop/nacl_sdk/pepper_canary/toolchain/mac_pnacl/bin/../arm-nacl/lib/libcrt_common.a(lib_a-mprec.o)
                0x0000000000037610                __mdiff
 .text.__ulp    0x0000000000037970       0x90 /Users/jkwang/Desktop/nacl_sdk/pepper_canary/toolchain/mac_pnacl/bin/../arm-nacl/lib/libcrt_common.a(lib_a-mprec.o)
                0x0000000000037970                __ulp
 .text.__b2d    0x0000000000037a00      0x160 /Users/jkwang/Desktop/nacl_sdk/pepper_canary/toolchain/mac_pnacl/bin/../arm-nacl/lib/libcrt_common.a(lib_a-mprec.o)
                0x0000000000037a00                __b2d
 .text.__d2b    0x0000000000037b60      0x370 /Users/jkwang/Desktop/nacl_sdk/pepper_canary/toolchain/mac_pnacl/bin/../arm-nacl/lib/libcrt_common.a(lib_a-mprec.o)
                0x0000000000037b60                __d2b
 .text.__ratio  0x0000000000037ed0       0xa0 /Users/jkwang/Desktop/nacl_sdk/pepper_canary/toolchain/mac_pnacl/bin/../arm-nacl/lib/libcrt_common.a(lib_a-mprec.o)
                0x0000000000037ed0                __ratio
 .text._mprec_log10
                0x0000000000037f70       0x50 /Users/jkwang/Desktop/nacl_sdk/pepper_canary/toolchain/mac_pnacl/bin/../arm-nacl/lib/libcrt_common.a(lib_a-mprec.o)
                0x0000000000037f70                _mprec_log10
 .text.__copybits
                0x0000000000037fc0      0x170 /Users/jkwang/Desktop/nacl_sdk/pepper_canary/toolchain/mac_pnacl/bin/../arm-nacl/lib/libcrt_common.a(lib_a-mprec.o)
                0x0000000000037fc0                __copybits
 .text.__any_on
                0x0000000000038130       0xa0 /Users/jkwang/Desktop/nacl_sdk/pepper_canary/toolchain/mac_pnacl/bin/../arm-nacl/lib/libcrt_common.a(lib_a-mprec.o)
                0x0000000000038130                __any_on
 .text          0x00000000000381d0        0x0 /Users/jkwang/Desktop/nacl_sdk/pepper_canary/toolchain/mac_pnacl/bin/../arm-nacl/lib/libcrt_common.a(lib_a-s_fpclassify.o)
 .text.__fpclassifyd
                0x00000000000381d0       0xb0 /Users/jkwang/Desktop/nacl_sdk/pepper_canary/toolchain/mac_pnacl/bin/../arm-nacl/lib/libcrt_common.a(lib_a-s_fpclassify.o)
                0x00000000000381d0                __fpclassifyd
 .text          0x0000000000038280        0x0 /Users/jkwang/Desktop/nacl_sdk/pepper_canary/toolchain/mac_pnacl/bin/../arm-nacl/lib/libcrt_common.a(lib_a-s_frexp.o)
 .text.frexp    0x0000000000038280       0xa0 /Users/jkwang/Desktop/nacl_sdk/pepper_canary/toolchain/mac_pnacl/bin/../arm-nacl/lib/libcrt_common.a(lib_a-s_frexp.o)
                0x0000000000038280                frexp
 .text          0x0000000000038320        0x0 /Users/jkwang/Desktop/nacl_sdk/pepper_canary/toolchain/mac_pnacl/bin/../arm-nacl/lib/libcrt_common.a(lib_a-strcasecmp.o)
 .text.strcasecmp
                0x0000000000038320       0x80 /Users/jkwang/Desktop/nacl_sdk/pepper_canary/toolchain/mac_pnacl/bin/../arm-nacl/lib/libcrt_common.a(lib_a-strcasecmp.o)
                0x0000000000038320                strcasecmp
 .text          0x00000000000383a0        0x0 /Users/jkwang/Desktop/nacl_sdk/pepper_canary/toolchain/mac_pnacl/bin/../arm-nacl/lib/libcrt_common.a(lib_a-strchr.o)
 .text.strchr   0x00000000000383a0      0x170 /Users/jkwang/Desktop/nacl_sdk/pepper_canary/toolchain/mac_pnacl/bin/../arm-nacl/lib/libcrt_common.a(lib_a-strchr.o)
                0x00000000000383a0                strchr
 .text          0x0000000000038510        0x0 /Users/jkwang/Desktop/nacl_sdk/pepper_canary/toolchain/mac_pnacl/bin/../arm-nacl/lib/libcrt_common.a(lib_a-strlcpy.o)
 .text.strlcpy  0x0000000000038510       0x90 /Users/jkwang/Desktop/nacl_sdk/pepper_canary/toolchain/mac_pnacl/bin/../arm-nacl/lib/libcrt_common.a(lib_a-strlcpy.o)
                0x0000000000038510                strlcpy
 .text          0x00000000000385a0        0x0 /Users/jkwang/Desktop/nacl_sdk/pepper_canary/toolchain/mac_pnacl/bin/../arm-nacl/lib/libcrt_common.a(lib_a-strncasecmp.o)
 .text.strncasecmp
                0x00000000000385a0       0xa0 /Users/jkwang/Desktop/nacl_sdk/pepper_canary/toolchain/mac_pnacl/bin/../arm-nacl/lib/libcrt_common.a(lib_a-strncasecmp.o)
                0x00000000000385a0                strncasecmp
 .text          0x0000000000038640        0x0 /Users/jkwang/Desktop/nacl_sdk/pepper_canary/toolchain/mac_pnacl/bin/../arm-nacl/lib/libcrt_common.a(lib_a-strncpy.o)
 .text.strncpy  0x0000000000038640      0x160 /Users/jkwang/Desktop/nacl_sdk/pepper_canary/toolchain/mac_pnacl/bin/../arm-nacl/lib/libcrt_common.a(lib_a-strncpy.o)
                0x0000000000038640                strncpy
 .text          0x00000000000387a0        0x0 /Users/jkwang/Desktop/nacl_sdk/pepper_canary/toolchain/mac_pnacl/bin/../arm-nacl/lib/libcrt_common.a(lib_a-strtol.o)
 .text._strtol_r
                0x00000000000387a0      0x240 /Users/jkwang/Desktop/nacl_sdk/pepper_canary/toolchain/mac_pnacl/bin/../arm-nacl/lib/libcrt_common.a(lib_a-strtol.o)
                0x00000000000387a0                _strtol_r
 .text.strtol   0x00000000000389e0       0x60 /Users/jkwang/Desktop/nacl_sdk/pepper_canary/toolchain/mac_pnacl/bin/../arm-nacl/lib/libcrt_common.a(lib_a-strtol.o)
                0x00000000000389e0                strtol
 .text          0x0000000000038a40        0x0 /Users/jkwang/Desktop/nacl_sdk/pepper_canary/toolchain/mac_pnacl/bin/../arm-nacl/lib/libcrt_common.a(lib_a-svfprintf.o)
 .text._svfprintf_r
                0x0000000000038a40     0x32d0 /Users/jkwang/Desktop/nacl_sdk/pepper_canary/toolchain/mac_pnacl/bin/../arm-nacl/lib/libcrt_common.a(lib_a-svfprintf.o)
                0x0000000000038a40                _svfprintf_r
 .text          0x000000000003bd10        0x0 /Users/jkwang/Desktop/nacl_sdk/pepper_canary/toolchain/mac_pnacl/bin/../arm-nacl/lib/libcrt_common.a(lib_a-vfiprintf.o)
 .text.__sprint_r
                0x000000000003bd10      0x130 /Users/jkwang/Desktop/nacl_sdk/pepper_canary/toolchain/mac_pnacl/bin/../arm-nacl/lib/libcrt_common.a(lib_a-vfiprintf.o)
                0x000000000003bd10                __sprint_r
 .text.vfiprintf
                0x000000000003be40       0x60 /Users/jkwang/Desktop/nacl_sdk/pepper_canary/toolchain/mac_pnacl/bin/../arm-nacl/lib/libcrt_common.a(lib_a-vfiprintf.o)
                0x000000000003be40                vfiprintf
 .text._vfiprintf_r
                0x000000000003bea0     0x2870 /Users/jkwang/Desktop/nacl_sdk/pepper_canary/toolchain/mac_pnacl/bin/../arm-nacl/lib/libcrt_common.a(lib_a-vfiprintf.o)
                0x000000000003bea0                _vfiprintf_r
 .text.__sbprintf
                0x000000000003e710      0x160 /Users/jkwang/Desktop/nacl_sdk/pepper_canary/toolchain/mac_pnacl/bin/../arm-nacl/lib/libcrt_common.a(lib_a-vfiprintf.o)
 .text          0x000000000003e870        0x0 /Users/jkwang/Desktop/nacl_sdk/pepper_canary/toolchain/mac_pnacl/bin/../arm-nacl/lib/libcrt_common.a(lib_a-wcsnrtombs.o)
 .text._wcsnrtombs_r
                0x000000000003e870      0x280 /Users/jkwang/Desktop/nacl_sdk/pepper_canary/toolchain/mac_pnacl/bin/../arm-nacl/lib/libcrt_common.a(lib_a-wcsnrtombs.o)
                0x000000000003e870                _wcsnrtombs_r
 .text.wcsnrtombs
                0x000000000003eaf0       0x80 /Users/jkwang/Desktop/nacl_sdk/pepper_canary/toolchain/mac_pnacl/bin/../arm-nacl/lib/libcrt_common.a(lib_a-wcsnrtombs.o)
                0x000000000003eaf0                wcsnrtombs
 .text          0x000000000003eb70        0x0 /Users/jkwang/Desktop/nacl_sdk/pepper_canary/toolchain/mac_pnacl/bin/../arm-nacl/lib/libcrt_common.a(lib_a-ctype_.o)
 .text.__set_ctype
                0x000000000003eb70       0x20 /Users/jkwang/Desktop/nacl_sdk/pepper_canary/toolchain/mac_pnacl/bin/../arm-nacl/lib/libcrt_common.a(lib_a-ctype_.o)
                0x000000000003eb70                __set_ctype
 .text          0x000000000003eb90        0x0 /Users/jkwang/Desktop/nacl_sdk/pepper_canary/toolchain/mac_pnacl/bin/../arm-nacl/lib/libcrt_common.a(lib_a-fputwc.o)
 .text._fputwc_r
                0x000000000003eb90      0x210 /Users/jkwang/Desktop/nacl_sdk/pepper_canary/toolchain/mac_pnacl/bin/../arm-nacl/lib/libcrt_common.a(lib_a-fputwc.o)
                0x000000000003eb90                _fputwc_r
 .text.fputwc   0x000000000003eda0       0x90 /Users/jkwang/Desktop/nacl_sdk/pepper_canary/toolchain/mac_pnacl/bin/../arm-nacl/lib/libcrt_common.a(lib_a-fputwc.o)
                0x000000000003eda0                fputwc
 .text          0x000000000003ee30        0x0 /Users/jkwang/Desktop/nacl_sdk/pepper_canary/toolchain/mac_pnacl/bin/../arm-nacl/lib/libcrt_common.a(lib_a-svfiprintf.o)
 .text.__ssprint_r
                0x000000000003ee30      0x290 /Users/jkwang/Desktop/nacl_sdk/pepper_canary/toolchain/mac_pnacl/bin/../arm-nacl/lib/libcrt_common.a(lib_a-svfiprintf.o)
                0x000000000003ee30                __ssprint_r
 .text._svfiprintf_r
                0x000000000003f0c0     0x1900 /Users/jkwang/Desktop/nacl_sdk/pepper_canary/toolchain/mac_pnacl/bin/../arm-nacl/lib/libcrt_common.a(lib_a-svfiprintf.o)
                0x000000000003f0c0                _svfiprintf_r
 .text          0x00000000000409c0        0x0 /Users/jkwang/Desktop/nacl_sdk/pepper_canary/toolchain/mac_pnacl/bin/../arm-nacl/lib/libcrt_common.a(lib_a-wbuf.o)
 .text.__swbuf_r
                0x00000000000409c0      0x1c0 /Users/jkwang/Desktop/nacl_sdk/pepper_canary/toolchain/mac_pnacl/bin/../arm-nacl/lib/libcrt_common.a(lib_a-wbuf.o)
                0x00000000000409c0                __swbuf_r
 .text.__swbuf  0x0000000000040b80       0x50 /Users/jkwang/Desktop/nacl_sdk/pepper_canary/toolchain/mac_pnacl/bin/../arm-nacl/lib/libcrt_common.a(lib_a-wbuf.o)
                0x0000000000040b80                __swbuf
 .text          0x0000000000040bd0       0x78 /Users/jkwang/Desktop/nacl_sdk/pepper_canary/toolchain/mac_pnacl/bin/../arm-nacl/lib/libnacl.a(close.o)
                0x0000000000040bd0                close
 *fill*         0x0000000000040c48        0x8 
 .text          0x0000000000040c50       0x78 /Users/jkwang/Desktop/nacl_sdk/pepper_canary/toolchain/mac_pnacl/bin/../arm-nacl/lib/libnacl.a(fstat.o)
                0x0000000000040c50                fstat
 *fill*         0x0000000000040cc8        0x8 
 .text          0x0000000000040cd0       0x98 /Users/jkwang/Desktop/nacl_sdk/pepper_canary/toolchain/mac_pnacl/bin/../arm-nacl/lib/libnacl.a(isatty.o)
                0x0000000000040cd0                isatty
 *fill*         0x0000000000040d68        0x8 
 .text          0x0000000000040d70       0x88 /Users/jkwang/Desktop/nacl_sdk/pepper_canary/toolchain/mac_pnacl/bin/../arm-nacl/lib/libnacl.a(lseek.o)
                0x0000000000040d70                lseek
 *fill*         0x0000000000040df8        0x8 
 .text          0x0000000000040e00       0x78 /Users/jkwang/Desktop/nacl_sdk/pepper_canary/toolchain/mac_pnacl/bin/../arm-nacl/lib/libnacl.a(nanosleep.o)
                0x0000000000040e00                nanosleep
 *fill*         0x0000000000040e78        0x8 
 .text          0x0000000000040e80       0x90 /Users/jkwang/Desktop/nacl_sdk/pepper_canary/toolchain/mac_pnacl/bin/../arm-nacl/lib/libnacl.a(nacl_irt_fdio.o)
                0x0000000000040e80                __libnacl_irt_dev_fdio_init
 .text          0x0000000000040f10       0x68 /Users/jkwang/Desktop/nacl_sdk/pepper_canary/toolchain/mac_pnacl/bin/../arm-nacl/lib/libnacl.a(read.o)
                0x0000000000040f10                read
 *fill*         0x0000000000040f78        0x8 
 .text          0x0000000000040f80       0x10 /Users/jkwang/Desktop/nacl_sdk/pepper_canary/toolchain/mac_pnacl/bin/../lib/clang/3.7.0/lib/arm-nacl/libgcc.a(aeabi_memcpy.o)
                0x0000000000040f80                __aeabi_memcpy
                0x0000000000040f80                __aeabi_memcpy4
                0x0000000000040f80                __aeabi_memcpy8
 .text          0x0000000000040f90       0x20 /Users/jkwang/Desktop/nacl_sdk/pepper_canary/toolchain/mac_pnacl/bin/../lib/clang/3.7.0/lib/arm-nacl/libgcc.a(aeabi_memset.o)
                0x0000000000040f90                __aeabi_memset
                0x0000000000040f90                __aeabi_memset8
                0x0000000000040f90                __aeabi_memset4
                0x0000000000040fa0                __aeabi_memclr8
                0x0000000000040fa0                __aeabi_memclr
                0x0000000000040fa0                __aeabi_memclr4
 .text          0x0000000000040fb0       0x40 /Users/jkwang/Desktop/nacl_sdk/pepper_canary/toolchain/mac_pnacl/bin/../lib/clang/3.7.0/lib/arm-nacl/libgcc.a(aeabi_uldivmod.o)
                0x0000000000040fb0                __aeabi_uldivmod
 .text          0x0000000000040ff0       0x20 /Users/jkwang/Desktop/nacl_sdk/pepper_canary/toolchain/mac_pnacl/bin/../lib/clang/3.7.0/lib/arm-nacl/libgcc.a(modsi3.o)
                0x0000000000040ff0                __modsi3
 .text          0x0000000000041010      0x3a0 /Users/jkwang/Desktop/nacl_sdk/pepper_canary/toolchain/mac_pnacl/bin/../lib/clang/3.7.0/lib/arm-nacl/libgcc.a(udivmoddi4.o)
                0x0000000000041010                __udivmoddi4
 .text          0x00000000000413b0       0xa0 /Users/jkwang/Desktop/nacl_sdk/pepper_canary/toolchain/mac_pnacl/bin/../lib/clang/3.7.0/lib/arm-nacl/libgcc.a(udivsi3.o)
                0x00000000000413b0                __udivsi3
                0x00000000000413b0                __aeabi_uidiv
 .text          0x0000000000041450       0x40 /Users/jkwang/Desktop/nacl_sdk/pepper_canary/toolchain/mac_pnacl/bin/../lib/clang/3.7.0/lib/arm-nacl/libgcc.a(umoddi3.o)
                0x0000000000041450                __umoddi3
 .text          0x0000000000041490       0x20 /Users/jkwang/Desktop/nacl_sdk/pepper_canary/toolchain/mac_pnacl/bin/../lib/clang/3.7.0/lib/arm-nacl/libgcc.a(umodsi3.o)
                0x0000000000041490                __umodsi3
 .text          0x00000000000414b0       0x60 /Users/jkwang/Desktop/nacl_sdk/pepper_canary/toolchain/mac_pnacl/bin/../lib/clang/3.7.0/lib/arm-nacl/libgcc.a(divsi3.o)
                0x00000000000414b0                __aeabi_idiv
                0x00000000000414b0                __divsi3
 .text          0x0000000000041510     0x2210 /Users/jkwang/Desktop/nacl_sdk/pepper_canary/toolchain/mac_pnacl/bin/../lib/clang/3.7.0/lib/arm-nacl/libgcc_eh.a(unwind-dw2-fde-glibc.o)
                0x0000000000041510                __register_frame_info_bases
                0x0000000000041580                __register_frame_info
                0x0000000000041600                __register_frame
                0x00000000000416a0                __register_frame_info_table_bases
                0x0000000000041700                __register_frame_info_table
                0x0000000000041760                __register_frame_table
                0x00000000000417f0                __deregister_frame_info_bases
                0x0000000000041910                __deregister_frame_info
                0x0000000000041920                __deregister_frame
                0x0000000000041980                _Unwind_Find_FDE
 .text          0x0000000000043720        0x0 /Users/jkwang/Desktop/nacl_sdk/pepper_canary/toolchain/mac_pnacl/bin/../lib/clang/3.7.0/lib/arm-nacl/crtend.o
 .text          0x0000000000043720        0x0 /Users/jkwang/Desktop/nacl_sdk/pepper_canary/toolchain/mac_pnacl/bin/../arm-nacl/lib/crtn.o
 *(.gnu.warning)
 *(.glue_7t)
 .glue_7t       0x0000000000043720        0x0 linker stubs
 *(.glue_7)
 .glue_7        0x0000000000043720        0x0 linker stubs
 *(.vfp11_veneer)
 .vfp11_veneer  0x0000000000043720        0x0 linker stubs
 *(.v4_bx)
 .v4_bx         0x0000000000043720        0x0 linker stubs

.fini
 *(SORT(.fini))
                0x0000000000043720                PROVIDE (__etext, .)
                0x0000000000043720                PROVIDE (_etext, .)
                0x0000000000043720                PROVIDE (etext, .)
                0x00000000100200f4                . = (0x10020000 + SIZEOF_HEADERS)

.interp
 *(.interp)

.note.NaCl.ABI.arm
                0x00000000100200f4       0x18
 .note.NaCl.ABI.arm
                0x00000000100200f4       0x18 /Users/jkwang/Desktop/nacl_sdk/pepper_canary/toolchain/mac_pnacl/bin/../arm-nacl/lib/crti.o

.note.gnu.build-id
                0x000000001002010c       0x24
 *(.note.gnu.build-id)
 .note.gnu.build-id
                0x000000001002010c       0x24 linker stubs

.hash
 *(.hash)

.gnu.hash
 *(.gnu.hash)

.dynsym
 *(.dynsym)

.dynstr
 *(.dynstr)

.gnu.version
 *(.gnu.version)

.gnu.version_d
 *(.gnu.version_d)

.gnu.version_r
 *(.gnu.version_r)

.rel.dyn        0x0000000010020130        0x0
 *(.rel.init)
 *(.rel.text .rel.text.* .rel.gnu.linkonce.t.*)
 *(.rel.fini)
 *(.rel.rodata .rel.rodata.* .rel.gnu.linkonce.r.*)
 *(.rel.data.rel.ro .rel.data.rel.ro.* .rel.gnu.linkonce.d.rel.ro.*)
 *(.rel.data .rel.data.* .rel.gnu.linkonce.d.*)
 *(.rel.tdata .rel.tdata.* .rel.gnu.linkonce.td.*)
 *(.rel.tbss .rel.tbss.* .rel.gnu.linkonce.tb.*)
 *(.rel.ctors)
 *(.rel.dtors)
 *(.rel.got)
 .rel.got       0x0000000010020130        0x0 /Users/jkwang/Desktop/nacl_sdk/pepper_canary/toolchain/mac_pnacl/bin/../arm-nacl/lib/crti.o
 *(.rel.bss .rel.bss.* .rel.gnu.linkonce.b.*)
                0x0000000010020130                PROVIDE (__rel_iplt_start, .)
 *(.rel.iplt)
 .rel.iplt      0x0000000010020130        0x0 /Users/jkwang/Desktop/nacl_sdk/pepper_canary/toolchain/mac_pnacl/bin/../arm-nacl/lib/crti.o
                0x0000000010020130                PROVIDE (__rel_iplt_end, .)

.rela.dyn       0x0000000010020130        0x0
 *(.rela.init)
 *(.rela.text .rela.text.* .rela.gnu.linkonce.t.*)
 *(.rela.fini)
 *(.rela.rodata .rela.rodata.* .rela.gnu.linkonce.r.*)
 *(.rela.data .rela.data.* .rela.gnu.linkonce.d.*)
 *(.rela.tdata .rela.tdata.* .rela.gnu.linkonce.td.*)
 *(.rela.tbss .rela.tbss.* .rela.gnu.linkonce.tb.*)
 *(.rela.ctors)
 *(.rela.dtors)
 *(.rela.got)
 *(.rela.bss .rela.bss.* .rela.gnu.linkonce.b.*)
                0x0000000010020130                PROVIDE (__rela_iplt_start, .)
 *(.rela.iplt)
                0x0000000010020130                PROVIDE (__rela_iplt_end, .)

.rel.plt
 *(.rel.plt)

.rela.plt
 *(.rela.plt)

.rodata         0x0000000010020130     0x11c0
 *(.rodata .rodata.* .gnu.linkonce.r.*)
 .rodata.str1.1
                0x0000000010020130       0xd6 clang-newlib/Release/debugging_arm.o
 .rodata        0x0000000010020206        0x6 clang-newlib/Release/debugging_arm.o
 .rodata.str1.1
                0x000000001002020c      0x1b7 /Users/jkwang/Desktop/nacl_sdk/pepper_canary/lib/clang-newlib_arm/Release/liberror_handling.a(error_handling_arm.o)
                                        0x1be (size before relaxing)
 .rodata.str1.1
                0x00000000100203c3       0xad /Users/jkwang/Desktop/nacl_sdk/pepper_canary/toolchain/mac_pnacl/bin/../arm-nacl/lib/libppapi_stub.a(ppapi_plugin_start.o)
 .rodata.str1.1
                0x0000000010020470       0x22 /Users/jkwang/Desktop/nacl_sdk/pepper_canary/toolchain/mac_pnacl/bin/../arm-nacl/lib/libpthread.a(nc_thread.o)
 .rodata.str1.1
                0x0000000010020492       0x14 /Users/jkwang/Desktop/nacl_sdk/pepper_canary/toolchain/mac_pnacl/bin/../arm-nacl/lib/libpthread.a(valgrind_annotations.o)
                                         0x16 (size before relaxing)
 .rodata.str1.1
                0x00000000100204a6       0x27 /Users/jkwang/Desktop/nacl_sdk/pepper_canary/toolchain/mac_pnacl/bin/../arm-nacl/lib/libpthread.a(nc_init_irt.o)
 .rodata.str1.1
                0x00000000100204cd       0x55 /Users/jkwang/Desktop/nacl_sdk/pepper_canary/toolchain/mac_pnacl/bin/../arm-nacl/lib/libnacl.a(nacl_irt.o)
 .rodata.str1.1
                0x0000000010020522       0x4e /Users/jkwang/Desktop/nacl_sdk/pepper_canary/toolchain/mac_pnacl/bin/../arm-nacl/lib/libnacl.a(malloc.o)
 .rodata.str1.1
                0x0000000010020570       0x88 /Users/jkwang/Desktop/nacl_sdk/pepper_canary/toolchain/mac_pnacl/bin/../arm-nacl/lib/libnacl.a(nacl_irt_init.o)
 .rodata        0x00000000100205f8       0x13 /Users/jkwang/Desktop/nacl_sdk/pepper_canary/toolchain/mac_pnacl/bin/../arm-nacl/lib/libnacl.a(abort.o)
 *fill*         0x000000001002060b        0x1 
 .rodata._global_impure_ptr
                0x000000001002060c        0x4 /Users/jkwang/Desktop/nacl_sdk/pepper_canary/toolchain/mac_pnacl/bin/../arm-nacl/lib/libcrt_common.a(lib_a-impure.o)
                0x000000001002060c                _global_impure_ptr
 .rodata.str1.1
                0x0000000010020610       0x88 /Users/jkwang/Desktop/nacl_sdk/pepper_canary/toolchain/mac_pnacl/bin/../arm-nacl/lib/libcrt_common.a(lib_a-impure.o)
                                          0x2 (size before relaxing)
 .rodata._vfprintf_r
                0x0000000010020610      0x14c /Users/jkwang/Desktop/nacl_sdk/pepper_canary/toolchain/mac_pnacl/bin/../arm-nacl/lib/libcrt_common.a(lib_a-vfprintf.o)
 .rodata._vfprintf_r.blanks
                0x000000001002075c       0x10 /Users/jkwang/Desktop/nacl_sdk/pepper_canary/toolchain/mac_pnacl/bin/../arm-nacl/lib/libcrt_common.a(lib_a-vfprintf.o)
 .rodata._vfprintf_r.zeroes
                0x000000001002076c       0x10 /Users/jkwang/Desktop/nacl_sdk/pepper_canary/toolchain/mac_pnacl/bin/../arm-nacl/lib/libcrt_common.a(lib_a-vfprintf.o)
 .rodata.str1.1
                0x000000001002077c       0x53 /Users/jkwang/Desktop/nacl_sdk/pepper_canary/toolchain/mac_pnacl/bin/../arm-nacl/lib/libcrt_common.a(lib_a-vfprintf.o)
                                         0x55 (size before relaxing)
 *fill*         0x00000000100207cf        0x1 
 .rodata.cst8   0x00000000100207d0       0x18 /Users/jkwang/Desktop/nacl_sdk/pepper_canary/toolchain/mac_pnacl/bin/../arm-nacl/lib/libcrt_common.a(lib_a-dtoa.o)
 .rodata._dtoa_r
                0x00000000100207e8       0x18 /Users/jkwang/Desktop/nacl_sdk/pepper_canary/toolchain/mac_pnacl/bin/../arm-nacl/lib/libcrt_common.a(lib_a-dtoa.o)
 .rodata.str1.1
                0x0000000010020800        0xd /Users/jkwang/Desktop/nacl_sdk/pepper_canary/toolchain/mac_pnacl/bin/../arm-nacl/lib/libcrt_common.a(lib_a-dtoa.o)
                                          0xf (size before relaxing)
 *fill*         0x000000001002080d        0x3 
 .rodata.loadlocale
                0x0000000010020810       0xd4 /Users/jkwang/Desktop/nacl_sdk/pepper_canary/toolchain/mac_pnacl/bin/../arm-nacl/lib/libcrt_common.a(lib_a-locale.o)
 .rodata.str1.1
                0x00000000100208e4       0xe8 /Users/jkwang/Desktop/nacl_sdk/pepper_canary/toolchain/mac_pnacl/bin/../arm-nacl/lib/libcrt_common.a(lib_a-locale.o)
                                         0xf4 (size before relaxing)
 .rodata.categories
                0x00000000100209cc       0x1c /Users/jkwang/Desktop/nacl_sdk/pepper_canary/toolchain/mac_pnacl/bin/../arm-nacl/lib/libcrt_common.a(lib_a-locale.o)
 .rodata.__jis_mbtowc
                0x00000000100209e8       0x18 /Users/jkwang/Desktop/nacl_sdk/pepper_canary/toolchain/mac_pnacl/bin/../arm-nacl/lib/libcrt_common.a(lib_a-mbtowc_r.o)
 .rodata.JIS_action_table
                0x0000000010020a00      0x120 /Users/jkwang/Desktop/nacl_sdk/pepper_canary/toolchain/mac_pnacl/bin/../arm-nacl/lib/libcrt_common.a(lib_a-mbtowc_r.o)
 .rodata.JIS_state_table
                0x0000000010020b20      0x120 /Users/jkwang/Desktop/nacl_sdk/pepper_canary/toolchain/mac_pnacl/bin/../arm-nacl/lib/libcrt_common.a(lib_a-mbtowc_r.o)
 .rodata.cst8   0x0000000010020c40        0x8 /Users/jkwang/Desktop/nacl_sdk/pepper_canary/toolchain/mac_pnacl/bin/../arm-nacl/lib/libcrt_common.a(lib_a-mprec.o)
 .rodata.__pow5mult.p05
                0x0000000010020c48        0xc /Users/jkwang/Desktop/nacl_sdk/pepper_canary/toolchain/mac_pnacl/bin/../arm-nacl/lib/libcrt_common.a(lib_a-mprec.o)
 *fill*         0x0000000010020c54        0x4 
 .rodata.__mprec_tens
                0x0000000010020c58       0xc8 /Users/jkwang/Desktop/nacl_sdk/pepper_canary/toolchain/mac_pnacl/bin/../arm-nacl/lib/libcrt_common.a(lib_a-mprec.o)
                0x0000000010020c58                __mprec_tens
 .rodata.__mprec_bigtens
                0x0000000010020d20       0x28 /Users/jkwang/Desktop/nacl_sdk/pepper_canary/toolchain/mac_pnacl/bin/../arm-nacl/lib/libcrt_common.a(lib_a-mprec.o)
                0x0000000010020d20                __mprec_bigtens
 .rodata.__mprec_tinytens
                0x0000000010020d48       0x28 /Users/jkwang/Desktop/nacl_sdk/pepper_canary/toolchain/mac_pnacl/bin/../arm-nacl/lib/libcrt_common.a(lib_a-mprec.o)
                0x0000000010020d48                __mprec_tinytens
 .rodata.cst8   0x0000000010020d70        0x8 /Users/jkwang/Desktop/nacl_sdk/pepper_canary/toolchain/mac_pnacl/bin/../arm-nacl/lib/libcrt_common.a(lib_a-s_frexp.o)
 .rodata._svfprintf_r
                0x0000000010020d78      0x14c /Users/jkwang/Desktop/nacl_sdk/pepper_canary/toolchain/mac_pnacl/bin/../arm-nacl/lib/libcrt_common.a(lib_a-svfprintf.o)
 .rodata._svfprintf_r.blanks
                0x0000000010020ec4       0x10 /Users/jkwang/Desktop/nacl_sdk/pepper_canary/toolchain/mac_pnacl/bin/../arm-nacl/lib/libcrt_common.a(lib_a-svfprintf.o)
 .rodata._svfprintf_r.zeroes
                0x0000000010020ed4       0x10 /Users/jkwang/Desktop/nacl_sdk/pepper_canary/toolchain/mac_pnacl/bin/../arm-nacl/lib/libcrt_common.a(lib_a-svfprintf.o)
 .rodata.str1.1
                0x0000000010020ee4       0x55 /Users/jkwang/Desktop/nacl_sdk/pepper_canary/toolchain/mac_pnacl/bin/../arm-nacl/lib/libcrt_common.a(lib_a-svfprintf.o)
 .rodata._vfiprintf_r
                0x0000000010020ee4      0x11c /Users/jkwang/Desktop/nacl_sdk/pepper_canary/toolchain/mac_pnacl/bin/../arm-nacl/lib/libcrt_common.a(lib_a-vfiprintf.o)
 .rodata._vfiprintf_r.blanks
                0x0000000010021000       0x10 /Users/jkwang/Desktop/nacl_sdk/pepper_canary/toolchain/mac_pnacl/bin/../arm-nacl/lib/libcrt_common.a(lib_a-vfiprintf.o)
 .rodata._vfiprintf_r.zeroes
                0x0000000010021010       0x10 /Users/jkwang/Desktop/nacl_sdk/pepper_canary/toolchain/mac_pnacl/bin/../arm-nacl/lib/libcrt_common.a(lib_a-vfiprintf.o)
 .rodata.str1.1
                0x0000000010021020       0x43 /Users/jkwang/Desktop/nacl_sdk/pepper_canary/toolchain/mac_pnacl/bin/../arm-nacl/lib/libcrt_common.a(lib_a-vfiprintf.o)
 .rodata._ctype_
                0x0000000010021020      0x101 /Users/jkwang/Desktop/nacl_sdk/pepper_canary/toolchain/mac_pnacl/bin/../arm-nacl/lib/libcrt_common.a(lib_a-ctype_.o)
                0x0000000010021020                _ctype_
 *fill*         0x0000000010021121        0x3 
 .rodata._svfiprintf_r
                0x0000000010021124      0x11c /Users/jkwang/Desktop/nacl_sdk/pepper_canary/toolchain/mac_pnacl/bin/../arm-nacl/lib/libcrt_common.a(lib_a-svfiprintf.o)
 .rodata._svfiprintf_r.blanks
                0x0000000010021240       0x10 /Users/jkwang/Desktop/nacl_sdk/pepper_canary/toolchain/mac_pnacl/bin/../arm-nacl/lib/libcrt_common.a(lib_a-svfiprintf.o)
 .rodata._svfiprintf_r.zeroes
                0x0000000010021250       0x10 /Users/jkwang/Desktop/nacl_sdk/pepper_canary/toolchain/mac_pnacl/bin/../arm-nacl/lib/libcrt_common.a(lib_a-svfiprintf.o)
 .rodata.str1.1
                0x0000000010021260       0x43 /Users/jkwang/Desktop/nacl_sdk/pepper_canary/toolchain/mac_pnacl/bin/../arm-nacl/lib/libcrt_common.a(lib_a-svfiprintf.o)
 .rodata.str1.1
                0x0000000010021260       0x2c /Users/jkwang/Desktop/nacl_sdk/pepper_canary/toolchain/mac_pnacl/bin/../arm-nacl/lib/libnacl.a(nacl_irt_fdio.o)
                                         0x42 (size before relaxing)
 *fill*         0x000000001002128c        0x4 
 .rodata        0x0000000010021290       0x60 /Users/jkwang/Desktop/nacl_sdk/pepper_canary/toolchain/mac_pnacl/bin/../lib/clang/3.7.0/lib/arm-nacl/libgcc_eh.a(unwind-dw2-fde-glibc.o)

.rodata1
 *(.rodata1)

.ARM.extab
 *(.ARM.extab* .gnu.linkonce.armextab.*)
                0x00000000100212f0                PROVIDE (__exidx_start, .)

.ARM.exidx
 *(.ARM.exidx* .gnu.linkonce.armexidx.*)
                0x00000000100212f0                PROVIDE (__exidx_end, .)

.eh_frame_hdr
 *(.eh_frame_hdr)

.eh_frame
 *(.eh_frame)

.gcc_except_table
 *(.gcc_except_table .gcc_except_table.*)

.exception_ranges
 *(.exception_ranges .exception_ranges*)
                0x00000000100212f0                . = (ALIGN (0x10000) - ((0x10000 - .) & 0xffff))
                0x00000000100312f0                . = DATA_SEGMENT_ALIGN (0x10000, 0x10000)

.eh_frame       0x00000000100312f0     0x1398
 *(.eh_frame)
 .eh_frame      0x00000000100312f0        0x0 /Users/jkwang/Desktop/nacl_sdk/pepper_canary/toolchain/mac_pnacl/bin/../lib/clang/3.7.0/lib/arm-nacl/crtbeginT.o
 .eh_frame      0x00000000100312f0      0x3d8 /Users/jkwang/Desktop/nacl_sdk/pepper_canary/toolchain/mac_pnacl/bin/../arm-nacl/lib/libpthread.a(nc_thread.o)
 .eh_frame      0x00000000100316c8      0x138 /Users/jkwang/Desktop/nacl_sdk/pepper_canary/toolchain/mac_pnacl/bin/../arm-nacl/lib/libpthread.a(nc_mutex.o)
                                        0x14c (size before relaxing)
 .eh_frame      0x0000000010031800      0x118 /Users/jkwang/Desktop/nacl_sdk/pepper_canary/toolchain/mac_pnacl/bin/../arm-nacl/lib/libpthread.a(nc_condvar.o)
                                        0x12c (size before relaxing)
 .eh_frame      0x0000000010031918      0x300 /Users/jkwang/Desktop/nacl_sdk/pepper_canary/toolchain/mac_pnacl/bin/../arm-nacl/lib/libpthread.a(valgrind_annotations.o)
                                        0x314 (size before relaxing)
 .eh_frame      0x0000000010031c18       0x1c /Users/jkwang/Desktop/nacl_sdk/pepper_canary/toolchain/mac_pnacl/bin/../arm-nacl/lib/libpthread.a(nc_init_irt.o)
                                         0x30 (size before relaxing)
 .eh_frame      0x0000000010031c34      0x110 /Users/jkwang/Desktop/nacl_sdk/pepper_canary/toolchain/mac_pnacl/bin/../arm-nacl/lib/libnacl.a(nacl_irt.o)
                                        0x124 (size before relaxing)
 .eh_frame      0x0000000010031d44       0x1c /Users/jkwang/Desktop/nacl_sdk/pepper_canary/toolchain/mac_pnacl/bin/../arm-nacl/lib/libnacl.a(_exit.o)
                                         0x30 (size before relaxing)
 .eh_frame      0x0000000010031d60       0x1c /Users/jkwang/Desktop/nacl_sdk/pepper_canary/toolchain/mac_pnacl/bin/../arm-nacl/lib/libnacl.a(mmap.o)
                                         0x30 (size before relaxing)
 .eh_frame      0x0000000010031d7c       0x1c /Users/jkwang/Desktop/nacl_sdk/pepper_canary/toolchain/mac_pnacl/bin/../arm-nacl/lib/libnacl.a(munmap.o)
                                         0x30 (size before relaxing)
 .eh_frame      0x0000000010031d98       0x14 /Users/jkwang/Desktop/nacl_sdk/pepper_canary/toolchain/mac_pnacl/bin/../arm-nacl/lib/libnacl.a(nacl_interface_query.o)
                                         0x28 (size before relaxing)
 .eh_frame      0x0000000010031dac       0x1c /Users/jkwang/Desktop/nacl_sdk/pepper_canary/toolchain/mac_pnacl/bin/../arm-nacl/lib/libnacl.a(write.o)
                                         0x30 (size before relaxing)
 .eh_frame      0x0000000010031dc8      0x3c8 /Users/jkwang/Desktop/nacl_sdk/pepper_canary/toolchain/mac_pnacl/bin/../arm-nacl/lib/libnacl.a(malloc.o)
                                        0x3dc (size before relaxing)
 .eh_frame      0x0000000010032190       0x24 /Users/jkwang/Desktop/nacl_sdk/pepper_canary/toolchain/mac_pnacl/bin/../arm-nacl/lib/libnacl.a(start.o)
                                         0x38 (size before relaxing)
 .eh_frame      0x00000000100321b4       0x14 /Users/jkwang/Desktop/nacl_sdk/pepper_canary/toolchain/mac_pnacl/bin/../arm-nacl/lib/libnacl.a(nacl_read_tp.o)
                                         0x28 (size before relaxing)
 .eh_frame      0x00000000100321c8       0x1c /Users/jkwang/Desktop/nacl_sdk/pepper_canary/toolchain/mac_pnacl/bin/../arm-nacl/lib/libnacl.a(pthread_initialize_minimal.o)
                                         0x30 (size before relaxing)
 .eh_frame      0x00000000100321e4       0x70 /Users/jkwang/Desktop/nacl_sdk/pepper_canary/toolchain/mac_pnacl/bin/../arm-nacl/lib/libnacl.a(tls.o)
                                         0x84 (size before relaxing)
 .eh_frame      0x0000000010032254       0x30 /Users/jkwang/Desktop/nacl_sdk/pepper_canary/toolchain/mac_pnacl/bin/../arm-nacl/lib/libnacl.a(nacl_irt_init.o)
                                         0x44 (size before relaxing)
 .eh_frame      0x0000000010032284       0x14 /Users/jkwang/Desktop/nacl_sdk/pepper_canary/toolchain/mac_pnacl/bin/../arm-nacl/lib/libnacl.a(nacl_tls_get.o)
                                         0x28 (size before relaxing)
 .eh_frame      0x0000000010032298       0x14 /Users/jkwang/Desktop/nacl_sdk/pepper_canary/toolchain/mac_pnacl/bin/../arm-nacl/lib/libnacl.a(nacl_tls_init.o)
                                         0x28 (size before relaxing)
 .eh_frame      0x00000000100322ac       0x1c /Users/jkwang/Desktop/nacl_sdk/pepper_canary/toolchain/mac_pnacl/bin/../arm-nacl/lib/libnacl.a(abort.o)
                                         0x30 (size before relaxing)
 .eh_frame      0x00000000100322c8       0x1c /Users/jkwang/Desktop/nacl_sdk/pepper_canary/toolchain/mac_pnacl/bin/../arm-nacl/lib/libnacl.a(sched_yield.o)
                                         0x30 (size before relaxing)
 .eh_frame      0x00000000100322e4       0x1c /Users/jkwang/Desktop/nacl_sdk/pepper_canary/toolchain/mac_pnacl/bin/../arm-nacl/lib/libnacl.a(sysconf.o)
                                         0x30 (size before relaxing)
 .eh_frame      0x0000000010032300       0x70 /Users/jkwang/Desktop/nacl_sdk/pepper_canary/toolchain/mac_pnacl/bin/../arm-nacl/lib/libcrt_common.a(lib_a-strcmp.o)
 .eh_frame      0x0000000010032370       0x1c /Users/jkwang/Desktop/nacl_sdk/pepper_canary/toolchain/mac_pnacl/bin/../arm-nacl/lib/libnacl.a(close.o)
                                         0x30 (size before relaxing)
 .eh_frame      0x000000001003238c       0x1c /Users/jkwang/Desktop/nacl_sdk/pepper_canary/toolchain/mac_pnacl/bin/../arm-nacl/lib/libnacl.a(fstat.o)
                                         0x30 (size before relaxing)
 .eh_frame      0x00000000100323a8       0x20 /Users/jkwang/Desktop/nacl_sdk/pepper_canary/toolchain/mac_pnacl/bin/../arm-nacl/lib/libnacl.a(isatty.o)
                                         0x34 (size before relaxing)
 .eh_frame      0x00000000100323c8       0x1c /Users/jkwang/Desktop/nacl_sdk/pepper_canary/toolchain/mac_pnacl/bin/../arm-nacl/lib/libnacl.a(lseek.o)
                                         0x30 (size before relaxing)
 .eh_frame      0x00000000100323e4       0x1c /Users/jkwang/Desktop/nacl_sdk/pepper_canary/toolchain/mac_pnacl/bin/../arm-nacl/lib/libnacl.a(nanosleep.o)
                                         0x30 (size before relaxing)
 .eh_frame      0x0000000010032400       0x1c /Users/jkwang/Desktop/nacl_sdk/pepper_canary/toolchain/mac_pnacl/bin/../arm-nacl/lib/libnacl.a(nacl_irt_fdio.o)
                                         0x30 (size before relaxing)
 .eh_frame      0x000000001003241c       0x1c /Users/jkwang/Desktop/nacl_sdk/pepper_canary/toolchain/mac_pnacl/bin/../arm-nacl/lib/libnacl.a(read.o)
                                         0x30 (size before relaxing)
 .eh_frame      0x0000000010032438      0x24c /Users/jkwang/Desktop/nacl_sdk/pepper_canary/toolchain/mac_pnacl/bin/../lib/clang/3.7.0/lib/arm-nacl/libgcc_eh.a(unwind-dw2-fde-glibc.o)
                                        0x260 (size before relaxing)
 .eh_frame      0x0000000010032684        0x4 /Users/jkwang/Desktop/nacl_sdk/pepper_canary/toolchain/mac_pnacl/bin/../lib/clang/3.7.0/lib/arm-nacl/crtend.o

.gcc_except_table
 *(.gcc_except_table .gcc_except_table.*)

.exception_ranges
 *(.exception_ranges .exception_ranges*)

.tdata          0x0000000010032688      0x478
 *(.tdata .tdata.* .gnu.linkonce.td.*)
 .tdata._impure_ptr
                0x0000000010032688        0x4 /Users/jkwang/Desktop/nacl_sdk/pepper_canary/toolchain/mac_pnacl/bin/../arm-nacl/lib/libcrt_common.a(lib_a-impure.o)
                0x0000000010032688                _impure_ptr
 *fill*         0x000000001003268c        0x4 
 .tdata.impure_data
                0x0000000010032690      0x470 /Users/jkwang/Desktop/nacl_sdk/pepper_canary/toolchain/mac_pnacl/bin/../arm-nacl/lib/libcrt_common.a(lib_a-impure.o)

.tbss           0x0000000010032b00        0x8
 *(.tbss .tbss.* .gnu.linkonce.tb.*)
 .tbss          0x0000000010032b00        0x8 /Users/jkwang/Desktop/nacl_sdk/pepper_canary/toolchain/mac_pnacl/bin/../arm-nacl/lib/libpthread.a(nc_thread.o)
 *(.tcommon)

.preinit_array  0x0000000010032b00        0x0
                0x0000000010032b00                PROVIDE (__preinit_array_start, .)
 *(.preinit_array)
                0x0000000010032b00                PROVIDE (__preinit_array_end, .)

.init_array     0x0000000010032b00        0x4
                0x0000000010032b00                PROVIDE (__init_array_start, .)
 *(SORT(.init_array.*) SORT(.ctors.*))
 *(.init_array EXCLUDE_FILE(*crtend?.o *crtend.o *crtbegin?.o *crtbegin.o) .ctors)
 .init_array    0x0000000010032b00        0x4 /Users/jkwang/Desktop/nacl_sdk/pepper_canary/toolchain/mac_pnacl/bin/../lib/clang/3.7.0/lib/arm-nacl/crtbeginT.o
                0x0000000010032b04                PROVIDE (__init_array_end, .)

.fini_array     0x0000000010032b04        0x4
                0x0000000010032b04                PROVIDE (__fini_array_start, .)
 *(SORT(.fini_array.*) SORT(.dtors.*))
 *(.fini_array EXCLUDE_FILE(*crtend?.o *crtend.o *crtbegin?.o *crtbegin.o) .dtors)
 .fini_array    0x0000000010032b04        0x4 /Users/jkwang/Desktop/nacl_sdk/pepper_canary/toolchain/mac_pnacl/bin/../lib/clang/3.7.0/lib/arm-nacl/crtbeginT.o
                0x0000000010032b08                PROVIDE (__fini_array_end, .)

.ctors
 *crtbegin.o(.ctors)
 *crtbegin?.o(.ctors)
 *(EXCLUDE_FILE(*crtend?.o *crtend.o) .ctors)
 *(SORT(.ctors.*))
 *(.ctors)

.dtors
 *crtbegin.o(.dtors)
 *crtbegin?.o(.dtors)
 *(EXCLUDE_FILE(*crtend?.o *crtend.o) .dtors)
 *(SORT(.dtors.*))
 *(.dtors)

.jcr
 *(.jcr)

.data.rel.ro    0x0000000010032b08       0xc8
 *(.data.rel.ro.local* .gnu.linkonce.d.rel.ro.local.*)
 .data.rel.ro.local.thread_funcs
                0x0000000010032b08        0x8 /Users/jkwang/Desktop/nacl_sdk/pepper_canary/toolchain/mac_pnacl/bin/../arm-nacl/lib/libppapi_stub.a(thread_creator.o)
 *(.data.rel.ro .data.rel.ro.* .gnu.linkonce.d.rel.ro.*)
 .data.rel.ro   0x0000000010032b10        0x4 clang-newlib/Release/debugging_arm.o
 .data.rel.ro   0x0000000010032b14       0x18 /Users/jkwang/Desktop/nacl_sdk/pepper_canary/lib/clang-newlib_arm/Release/liberror_handling.a(error_handling_arm.o)
 .data.rel.ro   0x0000000010032b2c        0x4 /Users/jkwang/Desktop/nacl_sdk/pepper_canary/toolchain/mac_pnacl/bin/../arm-nacl/lib/libppapi_stub.a(ppapi_plugin_main.o)
 .data.rel.ro.ppapi_app_start_callbacks
                0x0000000010032b30        0xc /Users/jkwang/Desktop/nacl_sdk/pepper_canary/toolchain/mac_pnacl/bin/../arm-nacl/lib/libppapi_stub.a(ppapi_plugin_main.o)
 .data.rel.ro   0x0000000010032b3c       0x10 /Users/jkwang/Desktop/nacl_sdk/pepper_canary/toolchain/mac_pnacl/bin/../arm-nacl/lib/libppapi_stub.a(ppapi_plugin_start.o)
 .data.rel.ro   0x0000000010032b4c        0x4 /Users/jkwang/Desktop/nacl_sdk/pepper_canary/toolchain/mac_pnacl/bin/../arm-nacl/lib/libppapi_stub.a(thread_creator.o)
 .data.rel.ro   0x0000000010032b50       0x20 /Users/jkwang/Desktop/nacl_sdk/pepper_canary/toolchain/mac_pnacl/bin/../arm-nacl/lib/libpthread.a(nc_thread.o)
 .data.rel.ro   0x0000000010032b70        0x4 /Users/jkwang/Desktop/nacl_sdk/pepper_canary/toolchain/mac_pnacl/bin/../arm-nacl/lib/libnacl.a(malloc.o)
 .data.rel.ro   0x0000000010032b74        0x4 /Users/jkwang/Desktop/nacl_sdk/pepper_canary/toolchain/mac_pnacl/bin/../arm-nacl/lib/libcrt_common.a(lib_a-errno.o)
 .data.rel.ro   0x0000000010032b78        0x4 /Users/jkwang/Desktop/nacl_sdk/pepper_canary/toolchain/mac_pnacl/bin/../arm-nacl/lib/libcrt_common.a(lib_a-fflush.o)
 .data.rel.ro   0x0000000010032b7c        0x8 /Users/jkwang/Desktop/nacl_sdk/pepper_canary/toolchain/mac_pnacl/bin/../arm-nacl/lib/libcrt_common.a(lib_a-findfp.o)
 .data.rel.ro   0x0000000010032b84        0x4 /Users/jkwang/Desktop/nacl_sdk/pepper_canary/toolchain/mac_pnacl/bin/../arm-nacl/lib/libcrt_common.a(lib_a-fprintf.o)
 .data.rel.ro   0x0000000010032b88        0x4 /Users/jkwang/Desktop/nacl_sdk/pepper_canary/toolchain/mac_pnacl/bin/../arm-nacl/lib/libcrt_common.a(lib_a-fwrite.o)
 .data.rel.ro   0x0000000010032b8c        0x8 /Users/jkwang/Desktop/nacl_sdk/pepper_canary/toolchain/mac_pnacl/bin/../arm-nacl/lib/libcrt_common.a(lib_a-getenv.o)
 .data.rel.ro   0x0000000010032b94        0x8 /Users/jkwang/Desktop/nacl_sdk/pepper_canary/toolchain/mac_pnacl/bin/../arm-nacl/lib/libcrt_common.a(lib_a-impure.o)
 .data.rel.ro   0x0000000010032b9c        0x4 /Users/jkwang/Desktop/nacl_sdk/pepper_canary/toolchain/mac_pnacl/bin/../arm-nacl/lib/libcrt_common.a(lib_a-vfprintf.o)
 .data.rel.ro   0x0000000010032ba0        0x4 /Users/jkwang/Desktop/nacl_sdk/pepper_canary/toolchain/mac_pnacl/bin/../arm-nacl/lib/libcrt_common.a(lib_a-vsnprintf.o)
 .data.rel.ro   0x0000000010032ba4        0x4 /Users/jkwang/Desktop/nacl_sdk/pepper_canary/toolchain/mac_pnacl/bin/../arm-nacl/lib/libcrt_common.a(lib_a-vsprintf.o)
 .data.rel.ro   0x0000000010032ba8        0x4 /Users/jkwang/Desktop/nacl_sdk/pepper_canary/toolchain/mac_pnacl/bin/../arm-nacl/lib/libcrt_common.a(lib_a-wcrtomb.o)
 .data.rel.ro   0x0000000010032bac        0x4 /Users/jkwang/Desktop/nacl_sdk/pepper_canary/toolchain/mac_pnacl/bin/../arm-nacl/lib/libcrt_common.a(lib_a-wcsrtombs.o)
 .data.rel.ro   0x0000000010032bb0        0x4 /Users/jkwang/Desktop/nacl_sdk/pepper_canary/toolchain/mac_pnacl/bin/../arm-nacl/lib/libcrt_common.a(lib_a-wsetup.o)
 .data.rel.ro   0x0000000010032bb4        0x4 /Users/jkwang/Desktop/nacl_sdk/pepper_canary/toolchain/mac_pnacl/bin/../arm-nacl/lib/libcrt_common.a(lib_a-fclose.o)
 .data.rel.ro   0x0000000010032bb8        0x4 /Users/jkwang/Desktop/nacl_sdk/pepper_canary/toolchain/mac_pnacl/bin/../arm-nacl/lib/libcrt_common.a(lib_a-locale.o)
 .data.rel.ro   0x0000000010032bbc        0x4 /Users/jkwang/Desktop/nacl_sdk/pepper_canary/toolchain/mac_pnacl/bin/../arm-nacl/lib/libcrt_common.a(lib_a-strtol.o)
 .data.rel.ro   0x0000000010032bc0        0x4 /Users/jkwang/Desktop/nacl_sdk/pepper_canary/toolchain/mac_pnacl/bin/../arm-nacl/lib/libcrt_common.a(lib_a-vfiprintf.o)